Component: ARM Compiler 5.06 update 6 (build 750) Tool: armlink [4d35ed]

==============================================================================

Section Cross References

    startup_stm32l496xx.o(RESET) refers to startup_stm32l496xx.o(STACK) for __initial_sp
    startup_stm32l496xx.o(RESET) refers to startup_stm32l496xx.o(.text) for Reset_Handler
    startup_stm32l496xx.o(RESET) refers to stm32l4xx_it.o(i.NMI_Handler) for NMI_Handler
    startup_stm32l496xx.o(RESET) refers to stm32l4xx_it.o(i.HardFault_Handler) for HardFault_Handler
    startup_stm32l496xx.o(RESET) refers to stm32l4xx_it.o(i.MemManage_Handler) for MemManage_Handler
    startup_stm32l496xx.o(RESET) refers to stm32l4xx_it.o(i.BusFault_Handler) for BusFault_Handler
    startup_stm32l496xx.o(RESET) refers to stm32l4xx_it.o(i.UsageFault_Handler) for UsageFault_Handler
    startup_stm32l496xx.o(RESET) refers to port.o(.emb_text) for SVC_Handler
    startup_stm32l496xx.o(RESET) refers to stm32l4xx_it.o(i.DebugMon_Handler) for DebugMon_Handler
    startup_stm32l496xx.o(RESET) refers to port.o(i.SysTick_Handler) for SysTick_Handler
    startup_stm32l496xx.o(RESET) refers to stm32l4xx_it.o(i.DMA1_Channel1_IRQHandler) for DMA1_Channel1_IRQHandler
    startup_stm32l496xx.o(RESET) refers to stm32l4xx_it.o(i.DMA1_Channel2_IRQHandler) for DMA1_Channel2_IRQHandler
    startup_stm32l496xx.o(RESET) refers to stm32l4xx_it.o(i.USART2_IRQHandler) for USART2_IRQHandler
    startup_stm32l496xx.o(RESET) refers to stm32l4xx_it.o(i.LPUART1_IRQHandler) for LPUART1_IRQHandler
    startup_stm32l496xx.o(.text) refers to system_stm32l4xx.o(i.SystemInit) for SystemInit
    startup_stm32l496xx.o(.text) refers to entry.o(.ARM.Collect$$$$00000000) for __main
    stm32l4xx_hal_gpio.o(i.HAL_GPIO_EXTI_IRQHandler) refers to stm32l4xx_hal_gpio.o(i.HAL_GPIO_EXTI_Callback) for HAL_GPIO_EXTI_Callback
    stm32l4xx_hal_rcc_ex.o(i.HAL_RCCEx_CRSWaitSynchronization) refers to stm32l4xx_hal.o(i.HAL_GetTick) for HAL_GetTick
    stm32l4xx_hal_rcc_ex.o(i.HAL_RCCEx_CRS_IRQHandler) refers to stm32l4xx_hal_rcc_ex.o(i.HAL_RCCEx_CRS_SyncOkCallback) for HAL_RCCEx_CRS_SyncOkCallback
    stm32l4xx_hal_rcc_ex.o(i.HAL_RCCEx_CRS_IRQHandler) refers to stm32l4xx_hal_rcc_ex.o(i.HAL_RCCEx_CRS_SyncWarnCallback) for HAL_RCCEx_CRS_SyncWarnCallback
    stm32l4xx_hal_rcc_ex.o(i.HAL_RCCEx_CRS_IRQHandler) refers to stm32l4xx_hal_rcc_ex.o(i.HAL_RCCEx_CRS_ExpectedSyncCallback) for HAL_RCCEx_CRS_ExpectedSyncCallback
    stm32l4xx_hal_rcc_ex.o(i.HAL_RCCEx_CRS_IRQHandler) refers to stm32l4xx_hal_rcc_ex.o(i.HAL_RCCEx_CRS_ErrorCallback) for HAL_RCCEx_CRS_ErrorCallback
    stm32l4xx_hal_rcc_ex.o(i.HAL_RCCEx_DisableLSCO) refers to stm32l4xx_hal_pwr.o(i.HAL_PWR_EnableBkUpAccess) for HAL_PWR_EnableBkUpAccess
    stm32l4xx_hal_rcc_ex.o(i.HAL_RCCEx_DisableLSCO) refers to stm32l4xx_hal_pwr.o(i.HAL_PWR_DisableBkUpAccess) for HAL_PWR_DisableBkUpAccess
    stm32l4xx_hal_rcc_ex.o(i.HAL_RCCEx_DisablePLLSAI1) refers to stm32l4xx_hal.o(i.HAL_GetTick) for HAL_GetTick
    stm32l4xx_hal_rcc_ex.o(i.HAL_RCCEx_DisablePLLSAI2) refers to stm32l4xx_hal.o(i.HAL_GetTick) for HAL_GetTick
    stm32l4xx_hal_rcc_ex.o(i.HAL_RCCEx_EnableLSCO) refers to stm32l4xx_hal_gpio.o(i.HAL_GPIO_Init) for HAL_GPIO_Init
    stm32l4xx_hal_rcc_ex.o(i.HAL_RCCEx_EnableLSCO) refers to stm32l4xx_hal_pwr.o(i.HAL_PWR_EnableBkUpAccess) for HAL_PWR_EnableBkUpAccess
    stm32l4xx_hal_rcc_ex.o(i.HAL_RCCEx_EnableLSCO) refers to stm32l4xx_hal_pwr.o(i.HAL_PWR_DisableBkUpAccess) for HAL_PWR_DisableBkUpAccess
    stm32l4xx_hal_rcc_ex.o(i.HAL_RCCEx_EnablePLLSAI1) refers to stm32l4xx_hal.o(i.HAL_GetTick) for HAL_GetTick
    stm32l4xx_hal_rcc_ex.o(i.HAL_RCCEx_EnablePLLSAI2) refers to stm32l4xx_hal.o(i.HAL_GetTick) for HAL_GetTick
    stm32l4xx_hal_rcc_ex.o(i.HAL_RCCEx_GetPeriphCLKFreq) refers to stm32l4xx_hal_rcc_ex.o(i.RCCEx_GetSAIxPeriphCLKFreq) for RCCEx_GetSAIxPeriphCLKFreq
    stm32l4xx_hal_rcc_ex.o(i.HAL_RCCEx_GetPeriphCLKFreq) refers to stm32l4xx_hal_rcc.o(i.HAL_RCC_GetPCLK2Freq) for HAL_RCC_GetPCLK2Freq
    stm32l4xx_hal_rcc_ex.o(i.HAL_RCCEx_GetPeriphCLKFreq) refers to stm32l4xx_hal_rcc.o(i.HAL_RCC_GetSysClockFreq) for HAL_RCC_GetSysClockFreq
    stm32l4xx_hal_rcc_ex.o(i.HAL_RCCEx_GetPeriphCLKFreq) refers to stm32l4xx_hal_rcc.o(i.HAL_RCC_GetPCLK1Freq) for HAL_RCC_GetPCLK1Freq
    stm32l4xx_hal_rcc_ex.o(i.HAL_RCCEx_GetPeriphCLKFreq) refers to system_stm32l4xx.o(.constdata) for MSIRangeTable
    stm32l4xx_hal_rcc_ex.o(i.HAL_RCCEx_LSECSS_IRQHandler) refers to stm32l4xx_hal_rcc_ex.o(i.HAL_RCCEx_LSECSS_Callback) for HAL_RCCEx_LSECSS_Callback
    stm32l4xx_hal_rcc_ex.o(i.HAL_RCCEx_PeriphCLKConfig) refers to stm32l4xx_hal_rcc_ex.o(i.RCCEx_PLLSAI1_Config) for RCCEx_PLLSAI1_Config
    stm32l4xx_hal_rcc_ex.o(i.HAL_RCCEx_PeriphCLKConfig) refers to stm32l4xx_hal_rcc_ex.o(i.RCCEx_PLLSAI2_Config) for RCCEx_PLLSAI2_Config
    stm32l4xx_hal_rcc_ex.o(i.HAL_RCCEx_PeriphCLKConfig) refers to stm32l4xx_hal.o(i.HAL_GetTick) for HAL_GetTick
[...]
    i.UART_AdvFeatureConfig                  0x08004b88   Section        0  stm32l4xx_hal_uart.o(i.UART_AdvFeatureConfig)
    i.UART_CheckIdleState                    0x08004c50   Section        0  stm32l4xx_hal_uart.o(i.UART_CheckIdleState)
    i.UART_DMAAbortOnError                   0x08004ca8   Section        0  stm32l4xx_hal_uart.o(i.UART_DMAAbortOnError)
    UART_DMAAbortOnError                     0x08004ca9   Thumb Code    20  stm32l4xx_hal_uart.o(i.UART_DMAAbortOnError)
    i.UART_EndRxTransfer                     0x08004cbc   Section        0  stm32l4xx_hal_uart.o(i.UART_EndRxTransfer)
    UART_EndRxTransfer                       0x08004cbd   Thumb Code    30  stm32l4xx_hal_uart.o(i.UART_EndRxTransfer)
    i.UART_RxISR_16BIT                       0x08004cda   Section        0  stm32l4xx_hal_uart.o(i.UART_RxISR_16BIT)
    UART_RxISR_16BIT                         0x08004cdb   Thumb Code    90  stm32l4xx_hal_uart.o(i.UART_RxISR_16BIT)
    i.UART_RxISR_8BIT                        0x08004d34   Section        0  stm32l4xx_hal_uart.o(i.UART_RxISR_8BIT)
    UART_RxISR_8BIT                          0x08004d35   Thumb Code    90  stm32l4xx_hal_uart.o(i.UART_RxISR_8BIT)
    i.UART_SetConfig                         0x08004d90   Section        0  stm32l4xx_hal_uart.o(i.UART_SetConfig)
    i.UART_WaitOnFlagUntilTimeout            0x08005030   Section        0  stm32l4xx_hal_uart.o(i.UART_WaitOnFlagUntilTimeout)
    i.UI_Init                                0x08005090   Section        0  ui.o(i.UI_Init)
    i.UI_Task                                0x080050a4   Section        0  taskmy.o(i.UI_Task)
    UI_Task                                  0x080050a5   Thumb Code   160  taskmy.o(i.UI_Task)
    i.USART2_IRQHandler                      0x08005190   Section        0  stm32l4xx_it.o(i.USART2_IRQHandler)
    i.UsageFault_Handler                     0x0800519c   Section        0  stm32l4xx_it.o(i.UsageFault_Handler)
    i.WIFI_ConnectWifi                       0x080051a0   Section        0  wifi.o(i.WIFI_ConnectWifi)
    i.WIFI_GetWifiState                      0x08005230   Section        0  wifi.o(i.WIFI_GetWifiState)
    i.WIFI_Init                              0x080052b4   Section        0  wifi.o(i.WIFI_Init)
    i.WIFI_MQTT_ConfigUser                   0x08005314   Section        0  wifi.o(i.WIFI_MQTT_ConfigUser)
    i.WIFI_MQTT_Connect                      0x080053bc   Section        0  wifi.o(i.WIFI_MQTT_Connect)
    i.WIFI_MQTT_Disconnect                   0x08005450   Section        0  wifi.o(i.WIFI_MQTT_Disconnect)
    i.WIFI_MQTT_GetState                     0x080054d8   Section        0  wifi.o(i.WIFI_MQTT_GetState)
    i.WIFI_MQTT_PublishStr                   0x0800555c   Section        0  wifi.o(i.WIFI_MQTT_PublishStr)
    i.WIFI_MQTT_Subscribe                    0x080055f4   Section        0  wifi.o(i.WIFI_MQTT_Subscribe)
    i.WIFI_Prompt                            0x08005684   Section        0  wifi.o(i.WIFI_Prompt)
    i.WIFI_ReadReply                         0x080056a8   Section        0  wifi.o(i.WIFI_ReadReply)
    i.WIFI_SetWifiMode                       0x080058f8   Section        0  wifi.o(i.WIFI_SetWifiMode)
    i._Error_Handler                         0x08005980   Section        0  main.o(i._Error_Handler)
    i.__0sprintf                             0x08005984   Section        0  printfa.o(i.__0sprintf)
    i.__NVIC_SetPriority                     0x080059ac   Section        0  stm32l4xx_hal_cortex.o(i.__NVIC_SetPriority)
    __NVIC_SetPriority                       0x080059ad   Thumb Code    32  stm32l4xx_hal_cortex.o(i.__NVIC_SetPriority)
    i.__scatterload_copy                     0x080059cc   Section       14  handlers.o(i.__scatterload_copy)
    i.__scatterload_null                     0x080059da   Section        2  handlers.o(i.__scatterload_null)
    i.__scatterload_zeroinit                 0x080059dc   Section       14  handlers.o(i.__scatterload_zeroinit)
    i._fp_digits                             0x080059ec   Section        0  printfa.o(i._fp_digits)
    _fp_digits                               0x080059ed   Thumb Code   366  printfa.o(i._fp_digits)
    i._is_digit                              0x08005b76   Section        0  scanf_fp.o(i._is_digit)
    i._printf_core                           0x08005b84   Section        0  printfa.o(i._printf_core)
    _printf_core                             0x08005b85   Thumb Code  1744  printfa.o(i._printf_core)
    i._printf_post_padding                   0x08006266   Section        0  printfa.o(i._printf_post_padding)
    _printf_post_padding                     0x08006267   Thumb Code    36  printfa.o(i._printf_post_padding)
    i._printf_pre_padding                    0x0800628a   Section        0  printfa.o(i._printf_pre_padding)
    _printf_pre_padding                      0x0800628b   Thumb Code    46  printfa.o(i._printf_pre_padding)
    i._sputc                                 0x080062b8   Section        0  printfa.o(i._sputc)
    _sputc                                   0x080062b9   Thumb Code    10  printfa.o(i._sputc)
    i.cli_Check                              0x080062c4   Section        0  cli.o(i.cli_Check)
    i.cli_CommandComp                        0x08006572   Section        0  cli.o(i.cli_CommandComp)
    cli_CommandComp                          0x08006573   Thumb Code    26  cli.o(i.cli_CommandComp)
    i.cli_ConnectMQTTServer                  0x0800658c   Section        0  cli.o(i.cli_ConnectMQTTServer)
    i.cli_ConnectWifi                        0x08006628   Section        0  cli.o(i.cli_ConnectWifi)
    i.cli_DisconnectMQTTServer               0x080066c4   Section        0  cli.o(i.cli_DisconnectMQTTServer)
    i.cli_GetMQTTState                       0x080066c8   Section        0  cli.o(i.cli_GetMQTTState)
    i.cli_GetWifiState                       0x080066cc   Section        0  cli.o(i.cli_GetWifiState)
    i.cli_PublishMQTT                        0x080066d0   Section        0  cli.o(i.cli_PublishMQTT)
    i.cli_SetMQTTConfigUser                  0x0800676c   Section        0  cli.o(i.cli_SetMQTTConfigUser)
    i.cli_SetWifiMode                        0x08006814   Section        0  cli.o(i.cli_SetWifiMode)
    i.cli_Test                               0x08006918   Section        0  cli.o(i.cli_Test)
    i.main                                   0x08006984   Section        0  main.o(i.main)
    i.prvAddCurrentTaskToDelayedList         0x080069fc   Section        0  tasks.o(i.prvAddCurrentTaskToDelayedList)
    prvAddCurrentTaskToDelayedList           0x080069fd   Thumb Code   102  tasks.o(i.prvAddCurrentTaskToDelayedList)
    i.prvAddNewTaskToReadyList               0x08006a6c   Section        0  tasks.o(i.prvAddNewTaskToReadyList)
    prvAddNewTaskToReadyList                 0x08006a6d   Thumb Code   194  tasks.o(i.prvAddNewTaskToReadyList)
    i.prvCheckTasksWaitingTermination        0x08006b3c   Section        0  tasks.o(i.prvCheckTasksWaitingTermination)
    prvCheckTasksWaitingTermination          0x08006b3d   Thumb Code    70  tasks.o(i.prvCheckTasksWaitingTermination)
    i.prvDeleteTCB                           0x08006b8c   Section        0  tasks.o(i.prvDeleteTCB)
    prvDeleteTCB                             0x08006b8d   Thumb Code    20  tasks.o(i.prvDeleteTCB)
    i.prvHeapInit                            0x08006ba0   Section        0  heap_4.o(i.prvHeapInit)
    prvHeapInit                              0x08006ba1   Thumb Code    66  heap_4.o(i.prvHeapInit)
    i.prvIdleTask                            0x08006bec   Section        0  tasks.o(i.prvIdleTask)
    prvIdleTask                              0x08006bed   Thumb Code    30  tasks.o(i.prvIdleTask)
    i.prvInitialiseNewTask                   0x08006c14   Section        0  tasks.o(i.prvInitialiseNewTask)
    prvInitialiseNewTask                     0x08006c15   Thumb Code   120  tasks.o(i.prvInitialiseNewTask)
    i.prvInsertBlockIntoFreeList             0x08006c8c   Section        0  heap_4.o(i.prvInsertBlockIntoFreeList)
    prvInsertBlockIntoFreeList               0x08006c8d   Thumb Code    72  heap_4.o(i.prvInsertBlockIntoFreeList)
    i.prvResetNextTaskUnblockTime            0x08006cd8   Section        0  tasks.o(i.prvResetNextTaskUnblockTime)
    prvResetNextTaskUnblockTime              0x08006cd9   Thumb Code    26  tasks.o(i.prvResetNextTaskUnblockTime)
    i.prvTaskExitError                       0x08006cf8   Section        0  port.o(i.prvTaskExitError)
    prvTaskExitError                         0x08006cf9   Thumb Code    16  port.o(i.prvTaskExitError)
    i.pvPortMalloc                           0x08006d08   Section        0  heap_4.o(i.pvPortMalloc)
    i.pxPortInitialiseStack                  0x08006da0   Section        0  port.o(i.pxPortInitialiseStack)
    i.uxListRemove                           0x08006dcc   Section        0  list.o(i.uxListRemove)
    i.vApplicationStackOverflowHook          0x08006df0   Section        0  taskmy.o(i.vApplicationStackOverflowHook)
    i.vListInitialise                        0x08006e68   Section        0  list.o(i.vListInitialise)
    i.vListInitialiseItem                    0x08006e7e   Section        0  list.o(i.vListInitialiseItem)
    i.vListInsert                            0x08006e84   Section        0  list.o(i.vListInsert)
    i.vListInsertEnd                         0x08006eb4   Section        0  list.o(i.vListInsertEnd)
    i.vPortEnterCritical                     0x08006ecc   Section        0  port.o(i.vPortEnterCritical)
    i.vPortExitCritical                      0x08006ee8   Section        0  port.o(i.vPortExitCritical)
    i.vPortFree                              0x08006efc   Section        0  heap_4.o(i.vPortFree)
    i.vPortSetupTimerInterrupt               0x08006f3c   Section        0  port.o(i.vPortSetupTimerInterrupt)
    i.vTaskDelay                             0x08006f4c   Section        0  tasks.o(i.vTaskDelay)
    i.vTaskDelete                            0x08006f7c   Section        0  tasks.o(i.vTaskDelete)
    i.vTaskStartScheduler                    0x08007014   Section        0  tasks.o(i.vTaskStartScheduler)
    i.vTaskSuspendAll                        0x08007068   Section        0  tasks.o(i.vTaskSuspendAll)
    i.vTaskSwitchContext                     0x08007078   Section        0  tasks.o(i.vTaskSwitchContext)
    i.xPortStartScheduler                    0x080070d4   Section        0  port.o(i.xPortStartScheduler)
    i.xTaskCreate                            0x08007114   Section        0  tasks.o(i.xTaskCreate)
    i.xTaskIncrementTick                     0x08007170   Section        0  tasks.o(i.xTaskIncrementTick)
    i.xTaskResumeAll                         0x08007224   Section        0  tasks.o(i.xTaskResumeAll)
    .constdata                               0x080072d8   Section       64  system_stm32l4xx.o(.constdata)
    .constdata                               0x08007318   Section        8  system_stm32l4xx.o(.constdata)
    .constdata                               0x08007320   Section     2660  oled.o(.constdata)
    .constdata                               0x08007d84   Section       64  ctype_c.o(.constdata)
    .conststring                             0x08007dc4   Section      237  cli.o(.conststring)
    .conststring                             0x08007eb4   Section       78  wifi.o(.conststring)
    .data                                    0x20000000   Section       12  stm32l4xx_hal.o(.data)
    .data                                    0x2000000c   Section        4  system_stm32l4xx.o(.data)
    .data                                    0x20000010   Section        4  adc.o(.data)
    HAL_RCC_ADC_CLK_ENABLED                  0x20000010   Data           4  adc.o(.data)
    .data                                    0x20000014   Section      112  cli.o(.data)
    .data                                    0x20000084   Section       24  taskmy.o(.data)
    AppTaskCreate_Handle                     0x20000084   Data           4  taskmy.o(.data)
    LED_Task_Handle                          0x20000088   Data           4  taskmy.o(.data)
    UI_Task_Handle                           0x2000008c   Data           4  taskmy.o(.data)
    ECG_Task_Handle                          0x20000090   Data           4  taskmy.o(.data)
    CLI_Task_Handle                          0x20000094   Data           4  taskmy.o(.data)
    MQTT_Task_Handle                         0x20000098   Data           4  taskmy.o(.data)
    .data                                    0x2000009c   Section       24  wifi.o(.data)
    .data                                    0x200000b4   Section        1  ecg.o(.data)
    .data                                    0x200000b5   Section        1  ecg.o(.data)
    .data                                    0x200000b8   Section        4  ecg.o(.data)
    .data                                    0x200000bc   Section       60  tasks.o(.data)
    uxDeletedTasksWaitingCleanUp             0x200000c0   Data           4  tasks.o(.data)
    uxCurrentNumberOfTasks                   0x200000c4   Data           4  tasks.o(.data)
    xTickCount                               0x200000c8   Data           4  tasks.o(.data)
    uxTopReadyPriority                       0x200000cc   Data           4  tasks.o(.data)
    xSchedulerRunning                        0x200000d0   Data           4  tasks.o(.data)
    uxPendedTicks                            0x200000d4   Data           4  tasks.o(.data)
    xYieldPending                            0x200000d8   Data           4  tasks.o(.data)
    xNumOfOverflows                          0x200000dc   Data           4  tasks.o(.data)
    uxTaskNumber                             0x200000e0   Data           4  tasks.o(.data)
    xNextTaskUnblockTime                     0x200000e4   Data           4  tasks.o(.data)
    xIdleTaskHandle                          0x200000e8   Data           4  tasks.o(.data)
    uxSchedulerSuspended                     0x200000ec   Data           4  tasks.o(.data)
    pxDelayedTaskList                        0x200000f0   Data           4  tasks.o(.data)
    pxOverflowDelayedTaskList                0x200000f4   Data           4  tasks.o(.data)
    .data                                    0x200000f8   Section       24  heap_4.o(.data)
    pxEnd                                    0x200000f8   Data           4  heap_4.o(.data)
    xFreeBytesRemaining                      0x200000fc   Data           4  heap_4.o(.data)
    xMinimumEverFreeBytesRemaining           0x20000100   Data           4  heap_4.o(.data)
    xBlockAllocatedBit                       0x20000104   Data           4  heap_4.o(.data)
    xStart                                   0x20000108   Data           8  heap_4.o(.data)
    .data                                    0x20000110   Section        4  port.o(.data)
    uxCriticalNesting                        0x20000110   Data           4  port.o(.data)
    .bss                                     0x20000114   Section       76  i2c.o(.bss)
    .bss                                     0x20000160   Section      352  adc.o(.bss)
    .bss                                     0x200002c0   Section      256  usart.o(.bss)
    .bss                                     0x200003c0   Section       30  cli.o(.bss)
    .bss                                     0x200003de   Section     1024  oled.o(.bss)
    .bss                                     0x200007de   Section      300  wifi.o(.bss)
    .bss                                     0x2000090a   Section      610  serial.o(.bss)
    .bss                                     0x20000b6c   Section       60  ecg.o(.bss)
    .bss                                     0x20000ba8   Section      200  tasks.o(.bss)
    pxReadyTasksLists                        0x20000ba8   Data         100  tasks.o(.bss)
    xDelayedTaskList1                        0x20000c0c   Data          20  tasks.o(.bss)
    xDelayedTaskList2                        0x20000c20   Data          20  tasks.o(.bss)
    xPendingReadyList                        0x20000c34   Data          20  tasks.o(.bss)
    xTasksWaitingTermination                 0x20000c48   Data          20  tasks.o(.bss)
    xSuspendedTaskList                       0x20000c5c   Data          20  tasks.o(.bss)
    .bss                                     0x20000c70   Section    20480  heap_4.o(.bss)
    ucHeap                                   0x20000c70   Data       20480  heap_4.o(.bss)
    STACK                                    0x20005c70   Section     1024  startup_stm32l496xx.o(STACK)

    Global Symbols

    Symbol Name                              Value     Ov Type        Size  Object(Section)

    BuildAttributes$$THM_ISAv4$E$P$D$K$B$S$7EM$VFPi3$EXTD16$VFPS$VFMA$PE$A:L22UL41UL21$X:L11$S22US41US21$IEEE1$IW$USESV6$~STKCKD$USESV7$~SHL$OTIME$ROPI$EBA8$MICROLIB$REQ8$PRES8$EABIv2 0x00000000   Number         0  anon$$obj.o ABSOLUTE
    __ARM_use_no_argv                        0x00000000   Number         0  main.o ABSOLUTE
    _printf_a                                0x00000000   Number         0  stubs.o ABSOLUTE
    _printf_c                                0x00000000   Number         0  stubs.o ABSOLUTE
    _printf_charcount                        0x00000000   Number         0  stubs.o ABSOLUTE
    _printf_d                                0x00000000   Number         0  stubs.o ABSOLUTE
    _printf_e                                0x00000000   Number         0  stubs.o ABSOLUTE
    _printf_f                                0x00000000   Number         0  stubs.o ABSOLUTE
    _printf_flags                            0x00000000   Number         0  stubs.o ABSOLUTE
    _printf_fp_dec                           0x00000000   Number         0  stubs.o ABSOLUTE
    _printf_fp_hex                           0x00000000   Number         0  stubs.o ABSOLUTE
    _printf_g                                0x00000000   Number         0  stubs.o ABSOLUTE
    _printf_i                                0x00000000   Number         0  stubs.o ABSOLUTE
    _printf_int_dec                          0x00000000   Number         0  stubs.o ABSOLUTE
    _printf_l                                0x00000000   Number         0  stubs.o ABSOLUTE
    _printf_lc                               0x00000000   Number         0  stubs.o ABSOLUTE
    _printf_ll                               0x00000000   Number         0  stubs.o ABSOLUTE
    _printf_lld                              0x00000000   Number         0  stubs.o ABSOLUTE
    _printf_lli                              0x00000000   Number         0  stubs.o ABSOLUTE
    _printf_llo                              0x00000000   Number         0  stubs.o ABSOLUTE
    _printf_llu                              0x00000000   Number         0  stubs.o ABSOLUTE
    _printf_llx                              0x00000000   Number         0  stubs.o ABSOLUTE
    _printf_longlong_dec                     0x00000000   Number         0  stubs.o ABSOLUTE
    _printf_longlong_hex                     0x00000000   Number         0  stubs.o ABSOLUTE
    _printf_longlong_oct                     0x00000000   Number         0  stubs.o ABSOLUTE
    _printf_ls                               0x00000000   Number         0  stubs.o ABSOLUTE
    _printf_mbtowc                           0x00000000   Number         0  stubs.o ABSOLUTE
    _printf_n                                0x00000000   Number         0  stubs.o ABSOLUTE
    _printf_o                                0x00000000   Number         0  stubs.o ABSOLUTE
    _printf_p                                0x00000000   Number         0  stubs.o ABSOLUTE
    _printf_percent                          0x00000000   Number         0  stubs.o ABSOLUTE
    _printf_pre_padding                      0x00000000   Number         0  stubs.o ABSOLUTE
    _printf_return_value                     0x00000000   Number         0  stubs.o ABSOLUTE
    _printf_s                                0x00000000   Number         0  stubs.o ABSOLUTE
    _printf_sizespec                         0x00000000   Number         0  stubs.o ABSOLUTE
    _printf_str                              0x00000000   Number         0  stubs.o ABSOLUTE
    _printf_truncate_signed                  0x00000000   Number         0  stubs.o ABSOLUTE
    _printf_truncate_unsigned                0x00000000   Number         0  stubs.o ABSOLUTE
    _printf_u                                0x00000000   Number         0  stubs.o ABSOLUTE
    _printf_wc                               0x00000000   Number         0  stubs.o ABSOLUTE
    _printf_wctomb                           0x00000000   Number         0  stubs.o ABSOLUTE
    _printf_widthprec                        0x00000000   Number         0  stubs.o ABSOLUTE
    _printf_x                                0x00000000   Number         0  stubs.o ABSOLUTE
    __cpp_initialize__aeabi_                  - Undefined Weak Reference
    __cxa_finalize                            - Undefined Weak Reference
    __decompress                              - Undefined Weak Reference
    _clock_init                               - Undefined Weak Reference
    _microlib_exit                            - Undefined Weak Reference
    _scanf_longlong                           - Undefined Weak Reference
    __Vectors_Size                           0x000001ac   Number         0  startup_stm32l496xx.o ABSOLUTE
    __Vectors                                0x08000000   Data           4  startup_stm32l496xx.o(RESET)
    __Vectors_End                            0x080001ac   Data           0  startup_stm32l496xx.o(RESET)
    __main                                   0x080001ad   Thumb Code     0  entry.o(.ARM.Collect$$$$00000000)
    _main_stk                                0x080001ad   Thumb Code     0  entry2.o(.ARM.Collect$$$$00000001)
    _main_scatterload                        0x080001b1   Thumb Code     0  entry5.o(.ARM.Collect$$$$00000004)
    __main_after_scatterload                 0x080001b5   Thumb Code     0  entry5.o(.ARM.Collect$$$$00000004)
    _main_clock                              0x080001b5   Thumb Code     0  entry7b.o(.ARM.Collect$$$$00000008)
    _main_cpp_init                           0x080001b5   Thumb Code     0  entry8b.o(.ARM.Collect$$$$0000000A)
    _main_init                               0x080001b5   Thumb Code     0  entry9a.o(.ARM.Collect$$$$0000000B)
    __rt_final_cpp                           0x080001bd   Thumb Code     0  entry10a.o(.ARM.Collect$$$$0000000D)
    __rt_final_exit                          0x080001bd   Thumb Code     0  entry11a.o(.ARM.Collect$$$$0000000F)
    SVC_Handler                              0x080001c1   Thumb Code    28  port.o(.emb_text)
    __asm___6_port_c_39a90d8d__prvStartFirstTask 0x080001e1   Thumb Code    28  port.o(.emb_text)
    __asm___6_port_c_39a90d8d__prvEnableVFP  0x08000201   Thumb Code    16  port.o(.emb_text)
    PendSV_Handler                           0x08000215   Thumb Code    88  port.o(.emb_text)
    vPortGetIPSR                             0x08000271   Thumb Code     6  port.o(.emb_text)
    Reset_Handler                            0x08000299   Thumb Code     8  startup_stm32l496xx.o(.text)
    ADC1_2_IRQHandler                        0x080002b3   Thumb Code     0  startup_stm32l496xx.o(.text)
    ADC3_IRQHandler                          0x080002b3   Thumb Code     0  startup_stm32l496xx.o(.text)
    CAN1_RX0_IRQHandler                      0x080002b3   Thumb Code     0  startup_stm32l496xx.o(.text)
    CAN1_RX1_IRQHandler                      0x080002b3   Thumb Code     0  startup_stm32l496xx.o(.text)
    CAN1_SCE_IRQHandler                      0x080002b3   Thumb Code     0  startup_stm32l496xx.o(.text)
    CAN1_TX_IRQHandler                       0x080002b3   Thumb Code     0  startup_stm32l496xx.o(.text)
    CAN2_RX0_IRQHandler                      0x080002b3   Thumb Code     0  startup_stm32l496xx.o(.text)
    CAN2_RX1_IRQHandler                      0x080002b3   Thumb Code     0  startup_stm32l496xx.o(.text)
    CAN2_SCE_IRQHandler                      0x080002b3   Thumb Code     0  startup_stm32l496xx.o(.text)
    CAN2_TX_IRQHandler                       0x080002b3   Thumb Code     0  startup_stm32l496xx.o(.text)
    COMP_IRQHandler                          0x080002b3   Thumb Code     0  startup_stm32l496xx.o(.text)
    CRS_IRQHandler                           0x080002b3   Thumb Code     0  startup_stm32l496xx.o(.text)
    DCMI_IRQHandler                          0x080002b3   Thumb Code     0  startup_stm32l496xx.o(.text)
    DFSDM1_FLT0_IRQHandler                   0x080002b3   Thumb Code     0  startup_stm32l496xx.o(.text)
    DFSDM1_FLT1_IRQHandler                   0x080002b3   Thumb Code     0  startup_stm32l496xx.o(.text)
    DFSDM1_FLT2_IRQHandler                   0x080002b3   Thumb Code     0  startup_stm32l496xx.o(.text)
    DFSDM1_FLT3_IRQHandler                   0x080002b3   Thumb Code     0  startup_stm32l496xx.o(.text)
    DMA1_Channel3_IRQHandler                 0x080002b3   Thumb Code     0  startup_stm32l496xx.o(.text)
    DMA1_Channel4_IRQHandler                 0x080002b3   Thumb Code     0  startup_stm32l496xx.o(.text)
    DMA1_Channel5_IRQHandler                 0x080002b3   Thumb Code     0  startup_stm32l496xx.o(.text)
    DMA1_Channel6_IRQHandler                 0x080002b3   Thumb Code     0  startup_stm32l496xx.o(.text)
    DMA1_Channel7_IRQHandler                 0x080002b3   Thumb Code     0  startup_stm32l496xx.o(.text)
    DMA2D_IRQHandler                         0x080002b3   Thumb Code     0  startup_stm32l496xx.o(.text)
    DMA2_Channel1_IRQHandler                 0x080002b3   Thumb Code     0  startup_stm32l496xx.o(.text)
    DMA2_Channel2_IRQHandler                 0x080002b3   Thumb Code     0  startup_stm32l496xx.o(.text)
    DMA2_Channel3_IRQHandler                 0x080002b3   Thumb Code     0  startup_stm32l496xx.o(.text)
    DMA2_Channel4_IRQHandler                 0x080002b3   Thumb Code     0  startup_stm32l496xx.o(.text)
    DMA2_Channel5_IRQHandler                 0x080002b3   Thumb Code     0  startup_stm32l496xx.o(.text)
    DMA2_Channel6_IRQHandler                 0x080002b3   Thumb Code     0  startup_stm32l496xx.o(.text)
    DMA2_Channel7_IRQHandler                 0x080002b3   Thumb Code     0  startup_stm32l496xx.o(.text)
    EXTI0_IRQHandler                         0x080002b3   Thumb Code     0  startup_stm32l496xx.o(.text)
    EXTI15_10_IRQHandler                     0x080002b3   Thumb Code     0  startup_stm32l496xx.o(.text)
    EXTI1_IRQHandler                         0x080002b3   Thumb Code     0  startup_stm32l496xx.o(.text)
    EXTI2_IRQHandler                         0x080002b3   Thumb Code     0  startup_stm32l496xx.o(.text)
    EXTI3_IRQHandler                         0x080002b3   Thumb Code     0  startup_stm32l496xx.o(.text)
    EXTI4_IRQHandler                         0x080002b3   Thumb Code     0  startup_stm32l496xx.o(.text)
    EXTI9_5_IRQHandler                       0x080002b3   Thumb Code     0  startup_stm32l496xx.o(.text)
    FLASH_IRQHandler                         0x080002b3   Thumb Code     0  startup_stm32l496xx.o(.text)
    FMC_IRQHandler                           0x080002b3   Thumb Code     0  startup_stm32l496xx.o(.text)
    FPU_IRQHandler                           0x080002b3   Thumb Code     0  startup_stm32l496xx.o(.text)
    I2C1_ER_IRQHandler                       0x080002b3   Thumb Code     0  startup_stm32l496xx.o(.text)
    I2C1_EV_IRQHandler                       0x080002b3   Thumb Code     0  startup_stm32l496xx.o(.text)
    I2C2_ER_IRQHandler                       0x080002b3   Thumb Code     0  startup_stm32l496xx.o(.text)
    I2C2_EV_IRQHandler                       0x080002b3   Thumb Code     0  startup_stm32l496xx.o(.text)
    I2C3_ER_IRQHandler                       0x080002b3   Thumb Code     0  startup_stm32l496xx.o(.text)
    I2C3_EV_IRQHandler                       0x080002b3   Thumb Code     0  startup_stm32l496xx.o(.text)
    I2C4_ER_IRQHandler                       0x080002b3   Thumb Code     0  startup_stm32l496xx.o(.text)
    I2C4_EV_IRQHandler                       0x080002b3   Thumb Code     0  startup_stm32l496xx.o(.text)
    LCD_IRQHandler                           0x080002b3   Thumb Code     0  startup_stm32l496xx.o(.text)
    LPTIM1_IRQHandler                        0x080002b3   Thumb Code     0  startup_stm32l496xx.o(.text)
    LPTIM2_IRQHandler                        0x080002b3   Thumb Code     0  startup_stm32l496xx.o(.text)
    OTG_FS_IRQHandler                        0x080002b3   Thumb Code     0  startup_stm32l496xx.o(.text)
    PVD_PVM_IRQHandler                       0x080002b3   Thumb Code     0  startup_stm32l496xx.o(.text)
    QUADSPI_IRQHandler                       0x080002b3   Thumb Code     0  startup_stm32l496xx.o(.text)
    RCC_IRQHandler                           0x080002b3   Thumb Code     0  startup_stm32l496xx.o(.text)
    RNG_IRQHandler                           0x080002b3   Thumb Code     0  startup_stm32l496xx.o(.text)
    RTC_Alarm_IRQHandler                     0x080002b3   Thumb Code     0  startup_stm32l496xx.o(.text)
    RTC_WKUP_IRQHandler                      0x080002b3   Thumb Code     0  startup_stm32l496xx.o(.text)
    SAI1_IRQHandler                          0x080002b3   Thumb Code     0  startup_stm32l496xx.o(.text)
    SAI2_IRQHandler                          0x080002b3   Thumb Code     0  startup_stm32l496xx.o(.text)
    SDMMC1_IRQHandler                        0x080002b3   Thumb Code     0  startup_stm32l496xx.o(.text)
    SPI1_IRQHandler                          0x080002b3   Thumb Code     0  startup_stm32l496xx.o(.text)
    SPI2_IRQHandler                          0x080002b3   Thumb Code     0  startup_stm32l496xx.o(.text)
    SPI3_IRQHandler                          0x080002b3   Thumb Code     0  startup_stm32l496xx.o(.text)
    SWPMI1_IRQHandler                        0x080002b3   Thumb Code     0  startup_stm32l496xx.o(.text)
    TAMP_STAMP_IRQHandler                    0x080002b3   Thumb Code     0  startup_stm32l496xx.o(.text)
    TIM1_BRK_TIM15_IRQHandler                0x080002b3   Thumb Code     0  startup_stm32l496xx.o(.text)
    TIM1_CC_IRQHandler                       0x080002b3   Thumb Code     0  startup_stm32l496xx.o(.text)
    TIM1_TRG_COM_TIM17_IRQHandler            0x080002b3   Thumb Code     0  startup_stm32l496xx.o(.text)
    TIM1_UP_TIM16_IRQHandler                 0x080002b3   Thumb Code     0  startup_stm32l496xx.o(.text)
    TIM2_IRQHandler                          0x080002b3   Thumb Code     0  startup_stm32l496xx.o(.text)
    TIM3_IRQHandler                          0x080002b3   Thumb Code     0  startup_stm32l496xx.o(.text)
    TIM4_IRQHandler                          0x080002b3   Thumb Code     0  startup_stm32l496xx.o(.text)
    TIM5_IRQHandler                          0x080002b3   Thumb Code     0  startup_stm32l496xx.o(.text)
    TIM6_DAC_IRQHandler                      0x080002b3   Thumb Code     0  startup_stm32l496xx.o(.text)
    TIM7_IRQHandler                          0x080002b3   Thumb Code     0  startup_stm32l496xx.o(.text)
    TIM8_BRK_IRQHandler                      0x080002b3   Thumb Code     0  startup_stm32l496xx.o(.text)
    TIM8_CC_IRQHandler                       0x080002b3   Thumb Code     0  startup_stm32l496xx.o(.text)
    TIM8_TRG_COM_IRQHandler                  0x080002b3   Thumb Code     0  startup_stm32l496xx.o(.text)
    TIM8_UP_IRQHandler                       0x080002b3   Thumb Code     0  startup_stm32l496xx.o(.text)
    TSC_IRQHandler                           0x080002b3   Thumb Code     0  startup_stm32l496xx.o(.text)
    UART4_IRQHandler                         0x080002b3   Thumb Code     0  startup_stm32l496xx.o(.text)
    UART5_IRQHandler                         0x080002b3   Thumb Code     0  startup_stm32l496xx.o(.text)
    USART1_IRQHandler                        0x080002b3   Thumb Code     0  startup_stm32l496xx.o(.text)
    USART3_IRQHandler                        0x080002b3   Thumb Code     0  startup_stm32l496xx.o(.text)
    WWDG_IRQHandler                          0x080002b3   Thumb Code     0  startup_stm32l496xx.o(.text)
    __aeabi_uldivmod                         0x080002bd   Thumb Code    98  uldiv.o(.text)
    bsearch                                  0x08000325   Thumb Code    70  bsearch.o(.text)
    __aeabi_memcpy                           0x08000371   Thumb Code    36  memcpya.o(.text)
    __aeabi_memcpy4                          0x08000371   Thumb Code     0  memcpya.o(.text)
    __aeabi_memcpy8                          0x08000371   Thumb Code     0  memcpya.o(.text)
    __aeabi_memset                           0x08000395   Thumb Code    14  memseta.o(.text)
    __aeabi_memset4                          0x08000395   Thumb Code     0  memseta.o(.text)
    __aeabi_memset8                          0x08000395   Thumb Code     0  memseta.o(.text)
    __aeabi_memclr                           0x080003a3   Thumb Code     4  memseta.o(.text)
    __aeabi_memclr4                          0x080003a3   Thumb Code     0  memseta.o(.text)
    __aeabi_memclr8                          0x080003a3   Thumb Code     0  memseta.o(.text)
    _memset$wrapper                          0x080003a7   Thumb Code    18  memseta.o(.text)
    strlen                                   0x080003b9   Thumb Code    14  strlen.o(.text)
    strncasecmp                              0x080003c7   Thumb Code    50  strncasecmp.o(.text)
    __0sscanf                                0x080003f9   Thumb Code    48  __0sscanf.o(.text)
    _scanf_int                               0x08000431   Thumb Code   332  _scanf_int.o(.text)
    _scanf_string                            0x08000583   Thumb Code   224  _scanf_str.o(.text)
    _scanf_real                              0x08000791   Thumb Code     0  scanf_fp.o(.text)
    _scanf_really_real                       0x08000791   Thumb Code   556  scanf_fp.o(.text)
    __aeabi_f2d                              0x080009cf   Thumb Code    38  f2d.o(.text)
    __aeabi_uidiv                            0x080009f5   Thumb Code     0  uidiv.o(.text)
    __aeabi_uidivmod                         0x080009f5   Thumb Code    44  uidiv.o(.text)
    __aeabi_llsl                             0x08000a21   Thumb Code    30  llshl.o(.text)
    _ll_shift_l                              0x08000a21   Thumb Code     0  llshl.o(.text)
    __aeabi_llsr                             0x08000a3f   Thumb Code    32  llushr.o(.text)
    _ll_ushift_r                             0x08000a3f   Thumb Code     0  llushr.o(.text)
    tolower                                  0x08000a5f   Thumb Code    12  tolower.o(.text)
    _chval                                   0x08000a6b   Thumb Code    28  _chval.o(.text)
    __vfscanf_char                           0x08000a95   Thumb Code    20  scanf_char.o(.text)
    _sgetc                                   0x08000ab1   Thumb Code    30  _sgetc.o(.text)
    _sbackspace                              0x08000acf   Thumb Code    34  _sgetc.o(.text)
    __I$use$fp                               0x08000af1   Thumb Code     0  iusefp.o(.text)
    __aeabi_dadd                             0x08000af1   Thumb Code   322  dadd.o(.text)
    __aeabi_dsub                             0x08000c33   Thumb Code     6  dadd.o(.text)
    __aeabi_drsub                            0x08000c39   Thumb Code     6  dadd.o(.text)
    __aeabi_dmul                             0x08000c4f   Thumb Code   228  dmul.o(.text)
    __aeabi_ddiv                             0x08000d39   Thumb Code   222  ddiv.o(.text)
    __aeabi_ul2d                             0x08000e17   Thumb Code    24  dfltul.o(.text)
    __aeabi_d2ulz                            0x08000e2f   Thumb Code    48  dfixul.o(.text)
    __aeabi_cdrcmple                         0x08000e61   Thumb Code    48  cdrcmple.o(.text)
    __aeabi_d2f                              0x08000e91   Thumb Code    56  d2f.o(.text)
    __scatterload                            0x08000ec9   Thumb Code    28  init.o(.text)
    __scatterload_rt2                        0x08000ec9   Thumb Code     0  init.o(.text)
    __aeabi_lasr                             0x08000eed   Thumb Code    36  llsshr.o(.text)
    _ll_sshift_r                             0x08000eed   Thumb Code     0  llsshr.o(.text)
    isspace                                  0x08000f11   Thumb Code    10  isspace_c.o(.text)
    __vfscanf                                0x08000f1d   Thumb Code   808  _scanf.o(.text)
    _float_round                             0x0800124f   Thumb Code    18  fepilogue.o(.text)
    _float_epilogue                          0x08001261   Thumb Code    92  fepilogue.o(.text)
    _double_round                            0x080012bd   Thumb Code    30  depilogue.o(.text)
    _double_epilogue                         0x080012db   Thumb Code   156  depilogue.o(.text)
    __ctype_lookup                           0x08001379   Thumb Code    34  ctype_c.o(.text)
    ADC_DMAConvCplt                          0x080013a1   Thumb Code   104  stm32l4xx_hal_adc.o(i.ADC_DMAConvCplt)
    ADC_DMAError                             0x08001409   Thumb Code    26  stm32l4xx_hal_adc.o(i.ADC_DMAError)
    ADC_DMAHalfConvCplt                      0x08001423   Thumb Code    10  stm32l4xx_hal_adc.o(i.ADC_DMAHalfConvCplt)
    ADC_Disable                              0x0800142d   Thumb Code    98  stm32l4xx_hal_adc.o(i.ADC_Disable)
    ADC_Enable                               0x08001495   Thumb Code   100  stm32l4xx_hal_adc.o(i.ADC_Enable)
    AppTaskCreateStart                       0x080019e1   Thumb Code   212  taskmy.o(i.AppTaskCreateStart)
    BusFault_Handler                         0x08001afd   Thumb Code     2  stm32l4xx_it.o(i.BusFault_Handler)
    DMA1_Channel1_IRQHandler                 0x08001b05   Thumb Code     6  stm32l4xx_it.o(i.DMA1_Channel1_IRQHandler)
    DMA1_Channel2_IRQHandler                 0x08001b11   Thumb Code     6  stm32l4xx_it.o(i.DMA1_Channel2_IRQHandler)
    DebugMon_Handler                         0x08001b4b   Thumb Code     2  stm32l4xx_it.o(i.DebugMon_Handler)
    ECG_GetValue                             0x08001b4d   Thumb Code    10  ecg.o(i.ECG_GetValue)
    HAL_ADCEx_Calibration_Start              0x08001bdd   Thumb Code   140  stm32l4xx_hal_adc_ex.o(i.HAL_ADCEx_Calibration_Start)
    HAL_ADCEx_MultiModeConfigChannel         0x08001c6d   Thumb Code   222  stm32l4xx_hal_adc_ex.o(i.HAL_ADCEx_MultiModeConfigChannel)
    HAL_ADC_ConfigChannel                    0x08001d5d   Thumb Code  1000  stm32l4xx_hal_adc.o(i.HAL_ADC_ConfigChannel)
    HAL_ADC_ConvCpltCallback                 0x0800217d   Thumb Code    10  ecg.o(i.HAL_ADC_ConvCpltCallback)
    HAL_ADC_ConvHalfCpltCallback             0x0800218d   Thumb Code     2  stm32l4xx_hal_adc.o(i.HAL_ADC_ConvHalfCpltCallback)
    HAL_ADC_ErrorCallback                    0x0800218f   Thumb Code     2  stm32l4xx_hal_adc.o(i.HAL_ADC_ErrorCallback)
    HAL_ADC_Init                             0x08002191   Thumb Code   420  stm32l4xx_hal_adc.o(i.HAL_ADC_Init)
    HAL_ADC_MspInit                          0x0800235d   Thumb Code   210  adc.o(i.HAL_ADC_MspInit)
    HAL_ADC_Start_DMA                        0x0800245d   Thumb Code   212  stm32l4xx_hal_adc.o(i.HAL_ADC_Start_DMA)
    HAL_DMA_Abort_IT                         0x0800254d   Thumb Code    78  stm32l4xx_hal_dma.o(i.HAL_DMA_Abort_IT)
    HAL_DMA_IRQHandler                       0x0800259b   Thumb Code   186  stm32l4xx_hal_dma.o(i.HAL_DMA_IRQHandler)
    HAL_DMA_Init                             0x08002655   Thumb Code   178  stm32l4xx_hal_dma.o(i.HAL_DMA_Init)
    HAL_DMA_Start_IT                         0x08002715   Thumb Code   112  stm32l4xx_hal_dma.o(i.HAL_DMA_Start_IT)
    HAL_GPIO_Init                            0x08002785   Thumb Code   398  stm32l4xx_hal_gpio.o(i.HAL_GPIO_Init)
    HAL_GPIO_WritePin                        0x08002943   Thumb Code    10  stm32l4xx_hal_gpio.o(i.HAL_GPIO_WritePin)
    HAL_GetTick                              0x0800294d   Thumb Code     6  stm32l4xx_hal.o(i.HAL_GetTick)
    HAL_I2CEx_ConfigAnalogFilter             0x08002959   Thumb Code    86  stm32l4xx_hal_i2c_ex.o(i.HAL_I2CEx_ConfigAnalogFilter)
    HAL_I2CEx_ConfigDigitalFilter            0x080029af   Thumb Code    82  stm32l4xx_hal_i2c_ex.o(i.HAL_I2CEx_ConfigDigitalFilter)
    HAL_I2CEx_EnableFastModePlus             0x08002a01   Thumb Code    30  stm32l4xx_hal_i2c_ex.o(i.HAL_I2CEx_EnableFastModePlus)
    HAL_I2C_Init                             0x08002a29   Thumb Code   178  stm32l4xx_hal_i2c.o(i.HAL_I2C_Init)
    HAL_I2C_Master_Transmit                  0x08002ae1   Thumb Code   282  stm32l4xx_hal_i2c.o(i.HAL_I2C_Master_Transmit)
    HAL_I2C_MspInit                          0x08002c0d   Thumb Code    60  i2c.o(i.HAL_I2C_MspInit)
    HAL_Init                                 0x08002c55   Thumb Code    30  stm32l4xx_hal.o(i.HAL_Init)
    HAL_InitTick                             0x08002c75   Thumb Code    58  stm32l4xx_hal.o(i.HAL_InitTick)
    HAL_MspInit                              0x08002cb9   Thumb Code   122  stm32l4xx_hal_msp.o(i.HAL_MspInit)
    HAL_NVIC_EnableIRQ                       0x08002d39   Thumb Code    26  stm32l4xx_hal_cortex.o(i.HAL_NVIC_EnableIRQ)
    HAL_NVIC_SetPriority                     0x08002d55   Thumb Code    60  stm32l4xx_hal_cortex.o(i.HAL_NVIC_SetPriority)
    HAL_NVIC_SetPriorityGrouping             0x08002d95   Thumb Code    26  stm32l4xx_hal_cortex.o(i.HAL_NVIC_SetPriorityGrouping)
    HAL_PWREx_ControlVoltageScaling          0x08002db9   Thumb Code    90  stm32l4xx_hal_pwr_ex.o(i.HAL_PWREx_ControlVoltageScaling)
    HAL_PWREx_EnableVddIO2                   0x08002e21   Thumb Code    12  stm32l4xx_hal_pwr_ex.o(i.HAL_PWREx_EnableVddIO2)
    HAL_PWREx_GetVoltageRange                0x08002e31   Thumb Code    10  stm32l4xx_hal_pwr_ex.o(i.HAL_PWREx_GetVoltageRange)
    HAL_RCCEx_PeriphCLKConfig                0x08002e41   Thumb Code   954  stm32l4xx_hal_rcc_ex.o(i.HAL_RCCEx_PeriphCLKConfig)
    HAL_RCC_ClockConfig                      0x0800320d   Thumb Code   266  stm32l4xx_hal_rcc.o(i.HAL_RCC_ClockConfig)
    HAL_RCC_GetHCLKFreq                      0x0800332d   Thumb Code     6  stm32l4xx_hal_rcc.o(i.HAL_RCC_GetHCLKFreq)
    HAL_RCC_GetPCLK1Freq                     0x08003339   Thumb Code    24  stm32l4xx_hal_rcc.o(i.HAL_RCC_GetPCLK1Freq)
    HAL_RCC_GetPCLK2Freq                     0x0800335d   Thumb Code    24  stm32l4xx_hal_rcc.o(i.HAL_RCC_GetPCLK2Freq)
    HAL_RCC_GetSysClockFreq                  0x08003381   Thumb Code   150  stm32l4xx_hal_rcc.o(i.HAL_RCC_GetSysClockFreq)
    HAL_RCC_OscConfig                        0x08003425   Thumb Code  1312  stm32l4xx_hal_rcc.o(i.HAL_RCC_OscConfig)
    HAL_SYSTICK_CLKSourceConfig              0x0800394d   Thumb Code    24  stm32l4xx_hal_cortex.o(i.HAL_SYSTICK_CLKSourceConfig)
    HAL_SYSTICK_Config                       0x08003965   Thumb Code    40  stm32l4xx_hal_cortex.o(i.HAL_SYSTICK_Config)
    HAL_UARTEx_WakeupCallback                0x0800398d   Thumb Code     2  stm32l4xx_hal_uart_ex.o(i.HAL_UARTEx_WakeupCallback)
    HAL_UART_ErrorCallback                   0x0800398f   Thumb Code     2  stm32l4xx_hal_uart.o(i.HAL_UART_ErrorCallback)
    HAL_UART_IRQHandler                      0x08003991   Thumb Code   318  stm32l4xx_hal_uart.o(i.HAL_UART_IRQHandler)
    HAL_UART_Init                            0x08003ad5   Thumb Code   102  stm32l4xx_hal_uart.o(i.HAL_UART_Init)
    HAL_UART_MspInit                         0x08003b3d   Thumb Code   136  usart.o(i.HAL_UART_MspInit)
    HAL_UART_Receive_IT                      0x08003bd9   Thumb Code   152  stm32l4xx_hal_uart.o(i.HAL_UART_Receive_IT)
    HAL_UART_RxCpltCallback                  0x08003c79   Thumb Code   122  serial.o(i.HAL_UART_RxCpltCallback)
    HAL_UART_Transmit                        0x08003d11   Thumb Code   180  stm32l4xx_hal_uart.o(i.HAL_UART_Transmit)
    HAL_UART_TxCpltCallback                  0x08003dc5   Thumb Code     2  stm32l4xx_hal_uart.o(i.HAL_UART_TxCpltCallback)
    HardFault_Handler                        0x08003dc7   Thumb Code     2  stm32l4xx_it.o(i.HardFault_Handler)
    LPUART1_IRQHandler                       0x08004021   Thumb Code     6  stm32l4xx_it.o(i.LPUART1_IRQHandler)
    MX_ADC1_Init                             0x08004059   Thumb Code   128  adc.o(i.MX_ADC1_Init)
    MX_ADC2_Init                             0x080040f5   Thumb Code   138  adc.o(i.MX_ADC2_Init)
    MX_DMA_Init                              0x080041a1   Thumb Code    56  dma.o(i.MX_DMA_Init)
    MX_GPIO_Init                             0x080041dd   Thumb Code   160  gpio.o(i.MX_GPIO_Init)
    MX_I2C2_Init                             0x08004289   Thumb Code    94  i2c.o(i.MX_I2C2_Init)
    MX_LPUART1_UART_Init                     0x08004301   Thumb Code    54  usart.o(i.MX_LPUART1_UART_Init)
    MX_USART2_UART_Init                      0x08004351   Thumb Code    56  usart.o(i.MX_USART2_UART_Init)
    MemManage_Handler                        0x080043a1   Thumb Code     2  stm32l4xx_it.o(i.MemManage_Handler)
    NMI_Handler                              0x080043a3   Thumb Code     2  stm32l4xx_it.o(i.NMI_Handler)
    OLED_Clear                               0x080043a5   Thumb Code    34  oled.o(i.OLED_Clear)
    OLED_ClearPixel                          0x080043cd   Thumb Code    26  oled.o(i.OLED_ClearPixel)
    OLED_DrawChar                            0x080043ed   Thumb Code   166  oled.o(i.OLED_DrawChar)
    OLED_DrawPixel                           0x080044a5   Thumb Code    26  oled.o(i.OLED_DrawPixel)
    OLED_DrawString                          0x080044c5   Thumb Code    40  oled.o(i.OLED_DrawString)
    OLED_Init                                0x080044ed   Thumb Code   234  oled.o(i.OLED_Init)
    OLED_Refresh                             0x080045d9   Thumb Code    70  oled.o(i.OLED_Refresh)
    OLED_WR_Byte                             0x08004625   Thumb Code    28  oled.o(i.OLED_WR_Byte)
    Serial_ReadAvailable                     0x080048f5   Thumb Code    42  serial.o(i.Serial_ReadAvailable)
    Serial_ReadChar                          0x08004931   Thumb Code    50  serial.o(i.Serial_ReadChar)
    Serial_SendChar                          0x08004975   Thumb Code    22  serial.o(i.Serial_SendChar)
    Serial_SendNum                           0x0800498d   Thumb Code   108  serial.o(i.Serial_SendNum)
    Serial_SendString                        0x08004a01   Thumb Code   118  serial.o(i.Serial_SendString)
    SysTick_Handler                          0x08004a79   Thumb Code    38  port.o(i.SysTick_Handler)
    SystemClock_Config                       0x08004aa5   Thumb Code   160  main.o(i.SystemClock_Config)
    SystemInit                               0x08004b45   Thumb Code    56  system_stm32l4xx.o(i.SystemInit)
    UART_AdvFeatureConfig                    0x08004b89   Thumb Code   200  stm32l4xx_hal_uart.o(i.UART_AdvFeatureConfig)
    UART_CheckIdleState                      0x08004c51   Thumb Code    88  stm32l4xx_hal_uart.o(i.UART_CheckIdleState)
    UART_SetConfig                           0x08004d91   Thumb Code   622  stm32l4xx_hal_uart.o(i.UART_SetConfig)
    UART_WaitOnFlagUntilTimeout              0x08005031   Thumb Code    96  stm32l4xx_hal_uart.o(i.UART_WaitOnFlagUntilTimeout)
    UI_Init                                  0x08005091   Thumb Code    18  ui.o(i.UI_Init)
    USART2_IRQHandler                        0x08005191   Thumb Code     6  stm32l4xx_it.o(i.USART2_IRQHandler)
    UsageFault_Handler                       0x0800519d   Thumb Code     2  stm32l4xx_it.o(i.UsageFault_Handler)
    WIFI_ConnectWifi                         0x080051a1   Thumb Code   112  wifi.o(i.WIFI_ConnectWifi)
    WIFI_GetWifiState                        0x08005231   Thumb Code   108  wifi.o(i.WIFI_GetWifiState)
    WIFI_Init                                0x080052b5   Thumb Code    62  wifi.o(i.WIFI_Init)
    WIFI_MQTT_ConfigUser                     0x08005315   Thumb Code   114  wifi.o(i.WIFI_MQTT_ConfigUser)
    WIFI_MQTT_Connect                        0x080053bd   Thumb Code   112  wifi.o(i.WIFI_MQTT_Connect)
    WIFI_MQTT_Disconnect                     0x08005451   Thumb Code   108  wifi.o(i.WIFI_MQTT_Disconnect)
    WIFI_MQTT_GetState                       0x080054d9   Thumb Code   108  wifi.o(i.WIFI_MQTT_GetState)
    WIFI_MQTT_PublishStr                     0x0800555d   Thumb Code   112  wifi.o(i.WIFI_MQTT_PublishStr)
    WIFI_MQTT_Subscribe                      0x080055f5   Thumb Code   110  wifi.o(i.WIFI_MQTT_Subscribe)
    WIFI_Prompt                              0x08005685   Thumb Code    28  wifi.o(i.WIFI_Prompt)
    WIFI_ReadReply                           0x080056a9   Thumb Code   534  wifi.o(i.WIFI_ReadReply)
    WIFI_SetWifiMode                         0x080058f9   Thumb Code   110  wifi.o(i.WIFI_SetWifiMode)
    _Error_Handler                           0x08005981   Thumb Code     2  main.o(i._Error_Handler)
    __0sprintf                               0x08005985   Thumb Code    34  printfa.o(i.__0sprintf)
    __1sprintf                               0x08005985   Thumb Code     0  printfa.o(i.__0sprintf)
    __2sprintf                               0x08005985   Thumb Code     0  printfa.o(i.__0sprintf)
    __c89sprintf                             0x08005985   Thumb Code     0  printfa.o(i.__0sprintf)
    sprintf                                  0x08005985   Thumb Code     0  printfa.o(i.__0sprintf)
    __scatterload_copy                       0x080059cd   Thumb Code    14  handlers.o(i.__scatterload_copy)
    __scatterload_null                       0x080059db   Thumb Code     2  handlers.o(i.__scatterload_null)
    __scatterload_zeroinit                   0x080059dd   Thumb Code    14  handlers.o(i.__scatterload_zeroinit)
    _is_digit                                0x08005b77   Thumb Code    14  scanf_fp.o(i._is_digit)
    cli_Check                                0x080062c5   Thumb Code   624  cli.o(i.cli_Check)
    cli_ConnectMQTTServer                    0x0800658d   Thumb Code   136  cli.o(i.cli_ConnectMQTTServer)
    cli_ConnectWifi                          0x08006629   Thumb Code   136  cli.o(i.cli_ConnectWifi)
    cli_DisconnectMQTTServer                 0x080066c5   Thumb Code     4  cli.o(i.cli_DisconnectMQTTServer)
    cli_GetMQTTState                         0x080066c9   Thumb Code     4  cli.o(i.cli_GetMQTTState)
    cli_GetWifiState                         0x080066cd   Thumb Code     4  cli.o(i.cli_GetWifiState)
    cli_PublishMQTT                          0x080066d1   Thumb Code   136  cli.o(i.cli_PublishMQTT)
    cli_SetMQTTConfigUser                    0x0800676d   Thumb Code   142  cli.o(i.cli_SetMQTTConfigUser)
    cli_SetWifiMode                          0x08006815   Thumb Code   228  cli.o(i.cli_SetWifiMode)
    cli_Test                                 0x08006919   Thumb Code    94  cli.o(i.cli_Test)
    main                                     0x08006985   Thumb Code    94  main.o(i.main)
    pvPortMalloc                             0x08006d09   Thumb Code   148  heap_4.o(i.pvPortMalloc)
    pxPortInitialiseStack                    0x08006da1   Thumb Code    40  port.o(i.pxPortInitialiseStack)
    uxListRemove                             0x08006dcd   Thumb Code    36  list.o(i.uxListRemove)
    vApplicationStackOverflowHook            0x08006df1   Thumb Code   104  taskmy.o(i.vApplicationStackOverflowHook)
    vListInitialise                          0x08006e69   Thumb Code    22  list.o(i.vListInitialise)
    vListInitialiseItem                      0x08006e7f   Thumb Code     6  list.o(i.vListInitialiseItem)
    vListInsert                              0x08006e85   Thumb Code    48  list.o(i.vListInsert)
    vListInsertEnd                           0x08006eb5   Thumb Code    24  list.o(i.vListInsertEnd)
    vPortEnterCritical                       0x08006ecd   Thumb Code    24  port.o(i.vPortEnterCritical)
    vPortExitCritical                        0x08006ee9   Thumb Code    16  port.o(i.vPortExitCritical)
    vPortFree                                0x08006efd   Thumb Code    58  heap_4.o(i.vPortFree)
    vPortSetupTimerInterrupt                 0x08006f3d   Thumb Code    16  port.o(i.vPortSetupTimerInterrupt)
    vTaskDelay                               0x08006f4d   Thumb Code    44  tasks.o(i.vTaskDelay)
    vTaskDelete                              0x08006f7d   Thumb Code   138  tasks.o(i.vTaskDelete)
    vTaskStartScheduler                      0x08007015   Thumb Code    68  tasks.o(i.vTaskStartScheduler)
    vTaskSuspendAll                          0x08007069   Thumb Code    10  tasks.o(i.vTaskSuspendAll)
    vTaskSwitchContext                       0x08007079   Thumb Code    84  tasks.o(i.vTaskSwitchContext)
    xPortStartScheduler                      0x080070d5   Thumb Code    52  port.o(i.xPortStartScheduler)
    xTaskCreate                              0x08007115   Thumb Code    86  tasks.o(i.xTaskCreate)
    xTaskIncrementTick                       0x08007171   Thumb Code   170  tasks.o(i.xTaskIncrementTick)
    xTaskResumeAll                           0x08007225   Thumb Code   166  tasks.o(i.xTaskResumeAll)
    AHBPrescTable                            0x080072d8   Data          16  system_stm32l4xx.o(.constdata)
    MSIRangeTable                            0x080072e8   Data          48  system_stm32l4xx.o(.constdata)
    APBPrescTable                            0x08007318   Data           8  system_stm32l4xx.o(.constdata)
    asc2_1206                                0x08007320   Data        1140  oled.o(.constdata)
    asc2_1608                                0x08007794   Data        1520  oled.o(.constdata)
    __ctype_categories                       0x08007d84   Data          64  ctype_c.o(.constdata)
    Region$$Table$$Base                      0x08007f04   Number         0  anon$$obj.o(Region$$Table)
    Region$$Table$$Limit                     0x08007f24   Number         0  anon$$obj.o(Region$$Table)
    uwTickPrio                               0x20000000   Data           4  stm32l4xx_hal.o(.data)
    uwTickFreq                               0x20000004   Data           4  stm32l4xx_hal.o(.data)
    uwTick                                   0x20000008   Data           4  stm32l4xx_hal.o(.data)
    SystemCoreClock                          0x2000000c   Data           4  system_stm32l4xx.o(.data)
    cli_bufferIndex                          0x20000014   Data           1  cli.o(.data)
    cli_Commandlist                          0x20000018   Data         108  cli.o(.data)
    wifi_replybufferIndex                    0x2000009c   Data           1  wifi.o(.data)
    datalen                                  0x200000a0   Data           4  wifi.o(.data)
    heartRate                                0x200000a4   Data           4  wifi.o(.data)
    SDNN                                     0x200000a8   Data           4  wifi.o(.data)
    rMSSD                                    0x200000ac   Data           4  wifi.o(.data)
    pNN50                                    0x200000b0   Data           4  wifi.o(.data)
    mqttindex                                0x200000b4   Data           1  ecg.o(.data)
    mqttcompleteflag                         0x200000b5   Data           1  ecg.o(.data)
    completeflag                             0x200000b8   Data           4  ecg.o(.data)
    pxCurrentTCB                             0x200000bc   Data           4  tasks.o(.data)
    hi2c2                                    0x20000114   Data          76  i2c.o(.bss)
    hadc1                                    0x20000160   Data         104  adc.o(.bss)
    hadc2                                    0x200001c8   Data         104  adc.o(.bss)
    hdma_adc1                                0x20000230   Data          72  adc.o(.bss)
    hdma_adc2                                0x20000278   Data          72  adc.o(.bss)
    hlpuart1                                 0x200002c0   Data         128  usart.o(.bss)
    huart2                                   0x20000340   Data         128  usart.o(.bss)
    cli_buffer                               0x200003c0   Data          30  cli.o(.bss)
    OLED_GRAM                                0x200003de   Data        1024  oled.o(.bss)
    wifi_replybuffer                         0x200007de   Data         200  wifi.o(.bss)
    atcmd                                    0x200008a6   Data         100  wifi.o(.bss)
    serial2                                  0x2000090a   Data         305  serial.o(.bss)
    seriallp1                                0x20000a3b   Data         305  serial.o(.bss)
    data                                     0x20000b6c   Data          60  ecg.o(.bss)
    __initial_sp                             0x20006070   Data           0  startup_stm32l496xx.o(STACK)



==============================================================================

Memory Map of the image

  Image Entry point : 0x080001ad

  Load Region LR_IROM1 (Base: 0x08000000, Size: 0x00008038, Max: 0x00100000, ABSOLUTE)

    Execution Region ER_IROM1 (Exec base: 0x08000000, Load base: 0x08000000, Size: 0x00007f24, Max: 0x00100000, ABSOLUTE)

    Exec Addr    Load Addr    Size         Type   Attr      Idx    E Section Name        Object

    0x08000000   0x08000000   0x000001ac   Data   RO            3    RESET               startup_stm32l496xx.o
    0x080001ac   0x080001ac   0x00000000   Code   RO         4945  * .ARM.Collect$$$$00000000  mc_w.l(entry.o)
    0x080001ac   0x080001ac   0x00000004   Code   RO         5268    .ARM.Collect$$$$00000001  mc_w.l(entry2.o)
    0x080001b0   0x080001b0   0x00000004   Code   RO         5271    .ARM.Collect$$$$00000004  mc_w.l(entry5.o)
    0x080001b4   0x080001b4   0x00000000   Code   RO         5273    .ARM.Collect$$$$00000008  mc_w.l(entry7b.o)
    0x080001b4   0x080001b4   0x00000000   Code   RO         5275    .ARM.Collect$$$$0000000A  mc_w.l(entry8b.o)
    0x080001b4   0x080001b4   0x00000008   Code   RO         5276    .ARM.Collect$$$$0000000B  mc_w.l(entry9a.o)
    0x080001bc   0x080001bc   0x00000000   Code   RO         5278    .ARM.Collect$$$$0000000D  mc_w.l(entry10a.o)
    0x080001bc   0x080001bc   0x00000000   Code   RO         5280    .ARM.Collect$$$$0000000F  mc_w.l(entry11a.o)
    0x080001bc   0x080001bc   0x00000004   Code   RO         5269    .ARM.Collect$$$$00002712  mc_w.l(entry2.o)
    0x080001c0   0x080001c0   0x000000d6   Code   RO         4874    .emb_text           port.o
    0x08000296   0x08000296   0x00000002   PAD
    0x08000298   0x08000298   0x00000024   Code   RO            4    .text               startup_stm32l496xx.o
    0x080002bc   0x080002bc   0x00000068   Code   RO         4948    .text               mc_w.l(uldiv.o)
    0x08000324   0x08000324   0x0000004c   Code   RO         4950    .text               mc_w.l(bsearch.o)
    0x08000370   0x08000370   0x00000024   Code   RO         4955    .text               mc_w.l(memcpya.o)
    0x08000394   0x08000394   0x00000024   Code   RO         4957    .text               mc_w.l(memseta.o)
    0x080003b8   0x080003b8   0x0000000e   Code   RO         4959    .text               mc_w.l(strlen.o)
    0x080003c6   0x080003c6   0x00000032   Code   RO         4965    .text               mc_w.l(strncasecmp.o)
    0x080003f8   0x080003f8   0x00000038   Code   RO         5256    .text               mc_w.l(__0sscanf.o)
    0x08000430   0x08000430   0x00000152   Code   RO         5258    .text               mc_w.l(_scanf_int.o)
    0x08000582   0x08000582   0x000000e6   Code   RO         5260    .text               mc_w.l(_scanf_str.o)
    0x08000668   0x08000668   0x00000366   Code   RO         5262    .text               mc_w.l(scanf_fp.o)
    0x080009ce   0x080009ce   0x00000026   Code   RO         5266    .text               mf_w.l(f2d.o)
    0x080009f4   0x080009f4   0x0000002c   Code   RO         5285    .text               mc_w.l(uidiv.o)
    0x08000a20   0x08000a20   0x0000001e   Code   RO         5287    .text               mc_w.l(llshl.o)
    0x08000a3e   0x08000a3e   0x00000020   Code   RO         5289    .text               mc_w.l(llushr.o)
    0x08000a5e   0x08000a5e   0x0000000c   Code   RO         5291    .text               mc_w.l(tolower.o)
    0x08000a6a   0x08000a6a   0x0000001c   Code   RO         5295    .text               mc_w.l(_chval.o)
    0x08000a86   0x08000a86   0x00000002   PAD
    0x08000a88   0x08000a88   0x00000028   Code   RO         5297    .text               mc_w.l(scanf_char.o)
    0x08000ab0   0x08000ab0   0x00000040   Code   RO         5299    .text               mc_w.l(_sgetc.o)
    0x08000af0   0x08000af0   0x00000000   Code   RO         5301    .text               mc_w.l(iusefp.o)
    0x08000af0   0x08000af0   0x0000015e   Code   RO         5302    .text               mf_w.l(dadd.o)
    0x08000c4e   0x08000c4e   0x000000ea   Code   RO         5304    .text               mf_w.l(dmul.o)
    0x08000d38   0x08000d38   0x000000de   Code   RO         5306    .text               mf_w.l(ddiv.o)
    0x08000e16   0x08000e16   0x00000018   Code   RO         5308    .text               mf_w.l(dfltul.o)
    0x08000e2e   0x08000e2e   0x00000030   Code   RO         5310    .text               mf_w.l(dfixul.o)
    0x08000e5e   0x08000e5e   0x00000002   PAD
    0x08000e60   0x08000e60   0x00000030   Code   RO         5312    .text               mf_w.l(cdrcmple.o)
    0x08000e90   0x08000e90   0x00000038   Code   RO         5314    .text               mf_w.l(d2f.o)
    0x08000ec8   0x08000ec8   0x00000024   Code   RO         5316    .text               mc_w.l(init.o)
    0x08000eec   0x08000eec   0x00000024   Code   RO         5319    .text               mc_w.l(llsshr.o)
    0x08000f10   0x08000f10   0x0000000a   Code   RO         5321    .text               mc_w.l(isspace_c.o)
    0x08000f1a   0x08000f1a   0x00000002   PAD
    0x08000f1c   0x08000f1c   0x00000332   Code   RO         5323    .text               mc_w.l(_scanf.o)
    0x0800124e   0x0800124e   0x0000006e   Code   RO         5326    .text               mf_w.l(fepilogue.o)
    0x080012bc   0x080012bc   0x000000ba   Code   RO         5328    .text               mf_w.l(depilogue.o)
    0x08001376   0x08001376   0x00000002   PAD
    0x08001378   0x08001378   0x00000028   Code   RO         5330    .text               mc_w.l(ctype_c.o)
    0x080013a0   0x080013a0   0x00000068   Code   RO         1785    i.ADC_DMAConvCplt   stm32l4xx_hal_adc.o
    0x08001408   0x08001408   0x0000001a   Code   RO         1786    i.ADC_DMAError      stm32l4xx_hal_adc.o
    0x08001422   0x08001422   0x0000000a   Code   RO         1787    i.ADC_DMAHalfConvCplt  stm32l4xx_hal_adc.o
    0x0800142c   0x0800142c   0x00000068   Code   RO         1788    i.ADC_Disable       stm32l4xx_hal_adc.o
    0x08001494   0x08001494   0x00000068   Code   RO         1789    i.ADC_Enable        stm32l4xx_hal_adc.o
    0x080014fc   0x080014fc   0x000004e4   Code   RO         3819    i.AppTaskCreate     taskmy.o
    0x080019e0   0x080019e0   0x0000011c   Code   RO         3820    i.AppTaskCreateStart  taskmy.o
    0x08001afc   0x08001afc   0x00000002   Code   RO         3013    i.BusFault_Handler  stm32l4xx_it.o
    0x08001afe   0x08001afe   0x00000006   Code   RO         3821    i.CLI_Task          taskmy.o
    0x08001b04   0x08001b04   0x0000000c   Code   RO         3014    i.DMA1_Channel1_IRQHandler  stm32l4xx_it.o
    0x08001b10   0x08001b10   0x0000000c   Code   RO         3015    i.DMA1_Channel2_IRQHandler  stm32l4xx_it.o
    0x08001b1c   0x08001b1c   0x0000002e   Code   RO          399    i.DMA_SetConfig     stm32l4xx_hal_dma.o
    0x08001b4a   0x08001b4a   0x00000002   Code   RO         3016    i.DebugMon_Handler  stm32l4xx_it.o
    0x08001b4c   0x08001b4c   0x00000014   Code   RO         4201    i.ECG_GetValue      ecg.o
    0x08001b60   0x08001b60   0x0000007c   Code   RO         3822    i.ECG_Task          taskmy.o
    0x08001bdc   0x08001bdc   0x00000090   Code   RO         2015    i.HAL_ADCEx_Calibration_Start  stm32l4xx_hal_adc_ex.o
    0x08001c6c   0x08001c6c   0x000000f0   Code   RO         2032    i.HAL_ADCEx_MultiModeConfigChannel  stm32l4xx_hal_adc_ex.o
    0x08001d5c   0x08001d5c   0x0000041e   Code   RO         1791    i.HAL_ADC_ConfigChannel  stm32l4xx_hal_adc.o
    0x0800217a   0x0800217a   0x00000002   PAD
    0x0800217c   0x0800217c   0x00000010   Code   RO         4203    i.HAL_ADC_ConvCpltCallback  ecg.o
    0x0800218c   0x0800218c   0x00000002   Code   RO         1793    i.HAL_ADC_ConvHalfCpltCallback  stm32l4xx_hal_adc.o
    0x0800218e   0x0800218e   0x00000002   Code   RO         1795    i.HAL_ADC_ErrorCallback  stm32l4xx_hal_adc.o
    0x08002190   0x08002190   0x000001cc   Code   RO         1800    i.HAL_ADC_Init      stm32l4xx_hal_adc.o
    0x0800235c   0x0800235c   0x00000100   Code   RO         3138    i.HAL_ADC_MspInit   adc.o
    0x0800245c   0x0800245c   0x000000f0   Code   RO         1807    i.HAL_ADC_Start_DMA  stm32l4xx_hal_adc.o
    0x0800254c   0x0800254c   0x0000004e   Code   RO          401    i.HAL_DMA_Abort_IT  stm32l4xx_hal_dma.o
    0x0800259a   0x0800259a   0x000000ba   Code   RO          405    i.HAL_DMA_IRQHandler  stm32l4xx_hal_dma.o
    0x08002654   0x08002654   0x000000c0   Code   RO          406    i.HAL_DMA_Init      stm32l4xx_hal_dma.o
    0x08002714   0x08002714   0x00000070   Code   RO          410    i.HAL_DMA_Start_IT  stm32l4xx_hal_dma.o
    0x08002784   0x08002784   0x000001be   Code   RO          141    i.HAL_GPIO_Init     stm32l4xx_hal_gpio.o
    0x08002942   0x08002942   0x0000000a   Code   RO          145    i.HAL_GPIO_WritePin  stm32l4xx_hal_gpio.o
    0x0800294c   0x0800294c   0x0000000c   Code   RO         2425    i.HAL_GetTick       stm32l4xx_hal.o
    0x08002958   0x08002958   0x00000056   Code   RO         2894    i.HAL_I2CEx_ConfigAnalogFilter  stm32l4xx_hal_i2c_ex.o
    0x080029ae   0x080029ae   0x00000052   Code   RO         2895    i.HAL_I2CEx_ConfigDigitalFilter  stm32l4xx_hal_i2c_ex.o
    0x08002a00   0x08002a00   0x00000028   Code   RO         2898    i.HAL_I2CEx_EnableFastModePlus  stm32l4xx_hal_i2c_ex.o
    0x08002a28   0x08002a28   0x000000b8   Code   RO          644    i.HAL_I2C_Init      stm32l4xx_hal_i2c.o
    0x08002ae0   0x08002ae0   0x0000012a   Code   RO          657    i.HAL_I2C_Master_Transmit  stm32l4xx_hal_i2c.o
    0x08002c0a   0x08002c0a   0x00000002   PAD
    0x08002c0c   0x08002c0c   0x00000048   Code   RO         3096    i.HAL_I2C_MspInit   i2c.o
    0x08002c54   0x08002c54   0x0000001e   Code   RO         2432    i.HAL_Init          stm32l4xx_hal.o
    0x08002c72   0x08002c72   0x00000002   PAD
    0x08002c74   0x08002c74   0x00000044   Code   RO         2433    i.HAL_InitTick      stm32l4xx_hal.o
    0x08002cb8   0x08002cb8   0x00000080   Code   RO         3213    i.HAL_MspInit       stm32l4xx_hal_msp.o
    0x08002d38   0x08002d38   0x0000001a   Code   RO         1095    i.HAL_NVIC_EnableIRQ  stm32l4xx_hal_cortex.o
    0x08002d52   0x08002d52   0x00000002   PAD
    0x08002d54   0x08002d54   0x00000040   Code   RO         1101    i.HAL_NVIC_SetPriority  stm32l4xx_hal_cortex.o
    0x08002d94   0x08002d94   0x00000024   Code   RO         1102    i.HAL_NVIC_SetPriorityGrouping  stm32l4xx_hal_cortex.o
    0x08002db8   0x08002db8   0x00000068   Code   RO         2649    i.HAL_PWREx_ControlVoltageScaling  stm32l4xx_hal_pwr_ex.o
    0x08002e20   0x08002e20   0x00000010   Code   RO         2674    i.HAL_PWREx_EnableVddIO2  stm32l4xx_hal_pwr_ex.o
    0x08002e30   0x08002e30   0x00000010   Code   RO         2680    i.HAL_PWREx_GetVoltageRange  stm32l4xx_hal_pwr_ex.o
    0x08002e40   0x08002e40   0x000003ca   Code   RO          228    i.HAL_RCCEx_PeriphCLKConfig  stm32l4xx_hal_rcc_ex.o
    0x0800320a   0x0800320a   0x00000002   PAD
    0x0800320c   0x0800320c   0x00000120   Code   RO         1292    i.HAL_RCC_ClockConfig  stm32l4xx_hal_rcc.o
    0x0800332c   0x0800332c   0x0000000c   Code   RO         1296    i.HAL_RCC_GetHCLKFreq  stm32l4xx_hal_rcc.o
    0x08003338   0x08003338   0x00000024   Code   RO         1298    i.HAL_RCC_GetPCLK1Freq  stm32l4xx_hal_rcc.o
    0x0800335c   0x0800335c   0x00000024   Code   RO         1299    i.HAL_RCC_GetPCLK2Freq  stm32l4xx_hal_rcc.o
    0x08003380   0x08003380   0x000000a4   Code   RO         1300    i.HAL_RCC_GetSysClockFreq  stm32l4xx_hal_rcc.o
    0x08003424   0x08003424   0x00000528   Code   RO         1303    i.HAL_RCC_OscConfig  stm32l4xx_hal_rcc.o
    0x0800394c   0x0800394c   0x00000018   Code   RO         1104    i.HAL_SYSTICK_CLKSourceConfig  stm32l4xx_hal_cortex.o
    0x08003964   0x08003964   0x00000028   Code   RO         1106    i.HAL_SYSTICK_Config  stm32l4xx_hal_cortex.o
    0x0800398c   0x0800398c   0x00000002   Code   RO         1232    i.HAL_UARTEx_WakeupCallback  stm32l4xx_hal_uart_ex.o
    0x0800398e   0x0800398e   0x00000002   Code   RO         1432    i.HAL_UART_ErrorCallback  stm32l4xx_hal_uart.o
    0x08003990   0x08003990   0x00000144   Code   RO         1435    i.HAL_UART_IRQHandler  stm32l4xx_hal_uart.o
    0x08003ad4   0x08003ad4   0x00000066   Code   RO         1436    i.HAL_UART_Init     stm32l4xx_hal_uart.o
    0x08003b3a   0x08003b3a   0x00000002   PAD
    0x08003b3c   0x08003b3c   0x0000009c   Code   RO         3238    i.HAL_UART_MspInit  usart.o
    0x08003bd8   0x08003bd8   0x000000a0   Code   RO         1441    i.HAL_UART_Receive_IT  stm32l4xx_hal_uart.o
    0x08003c78   0x08003c78   0x00000098   Code   RO         4141    i.HAL_UART_RxCpltCallback  serial.o
    0x08003d10   0x08003d10   0x000000b4   Code   RO         1444    i.HAL_UART_Transmit  stm32l4xx_hal_uart.o
    0x08003dc4   0x08003dc4   0x00000002   Code   RO         1447    i.HAL_UART_TxCpltCallback  stm32l4xx_hal_uart.o
    0x08003dc6   0x08003dc6   0x00000002   Code   RO         3017    i.HardFault_Handler  stm32l4xx_it.o
    0x08003dc8   0x08003dc8   0x00000022   Code   RO          691    i.I2C_Flush_TXDR    stm32l4xx_hal_i2c.o
    0x08003dea   0x08003dea   0x00000002   PAD
    0x08003dec   0x08003dec   0x00000084   Code   RO          699    i.I2C_IsAcknowledgeFailed  stm32l4xx_hal_i2c.o
    0x08003e70   0x08003e70   0x0000002c   Code   RO          706    i.I2C_TransferConfig  stm32l4xx_hal_i2c.o
    0x08003e9c   0x08003e9c   0x00000058   Code   RO          707    i.I2C_WaitOnFlagUntilTimeout  stm32l4xx_hal_i2c.o
    0x08003ef4   0x08003ef4   0x0000004c   Code   RO          709    i.I2C_WaitOnSTOPFlagUntilTimeout  stm32l4xx_hal_i2c.o
    0x08003f40   0x08003f40   0x00000050   Code   RO          710    i.I2C_WaitOnTXISFlagUntilTimeout  stm32l4xx_hal_i2c.o
    0x08003f90   0x08003f90   0x0000002c   Code   RO         3823    i.LED_Task          taskmy.o
    0x08003fbc   0x08003fbc   0x0000000c   Code   RO         1813    i.LL_ADC_GetOffsetChannel  stm32l4xx_hal_adc.o
    0x08003fc8   0x08003fc8   0x00000008   Code   RO         1814    i.LL_ADC_INJ_IsConversionOngoing  stm32l4xx_hal_adc.o
    0x08003fd0   0x08003fd0   0x00000008   Code   RO         1815    i.LL_ADC_REG_IsConversionOngoing  stm32l4xx_hal_adc.o
    0x08003fd8   0x08003fd8   0x00000008   Code   RO         2042    i.LL_ADC_REG_IsConversionOngoing  stm32l4xx_hal_adc_ex.o
    0x08003fe0   0x08003fe0   0x00000010   Code   RO         1816    i.LL_ADC_REG_IsTriggerSourceSWStart  stm32l4xx_hal_adc.o
    0x08003ff0   0x08003ff0   0x0000001e   Code   RO         1818    i.LL_ADC_SetChannelSamplingTime  stm32l4xx_hal_adc.o
    0x0800400e   0x0800400e   0x00000010   Code   RO         1819    i.LL_ADC_SetOffsetState  stm32l4xx_hal_adc.o
    0x0800401e   0x0800401e   0x00000002   PAD
    0x08004020   0x08004020   0x0000000c   Code   RO         3018    i.LPUART1_IRQHandler  stm32l4xx_it.o
    0x0800402c   0x0800402c   0x0000002c   Code   RO         3824    i.MQTT_Task         taskmy.o
    0x08004058   0x08004058   0x0000009c   Code   RO         3139    i.MX_ADC1_Init      adc.o
    0x080040f4   0x080040f4   0x000000ac   Code   RO         3140    i.MX_ADC2_Init      adc.o
    0x080041a0   0x080041a0   0x0000003c   Code   RO         3189    i.MX_DMA_Init       dma.o
    0x080041dc   0x080041dc   0x000000ac   Code   RO         2986    i.MX_GPIO_Init      gpio.o
    0x08004288   0x08004288   0x00000078   Code   RO         3097    i.MX_I2C2_Init      i2c.o
    0x08004300   0x08004300   0x00000050   Code   RO         3239    i.MX_LPUART1_UART_Init  usart.o
    0x08004350   0x08004350   0x00000050   Code   RO         3240    i.MX_USART2_UART_Init  usart.o
    0x080043a0   0x080043a0   0x00000002   Code   RO         3019    i.MemManage_Handler  stm32l4xx_it.o
    0x080043a2   0x080043a2   0x00000002   Code   RO         3020    i.NMI_Handler       stm32l4xx_it.o
    0x080043a4   0x080043a4   0x00000028   Code   RO         3893    i.OLED_Clear        oled.o
    0x080043cc   0x080043cc   0x00000020   Code   RO         3894    i.OLED_ClearPixel   oled.o
    0x080043ec   0x080043ec   0x000000b6   Code   RO         3895    i.OLED_DrawChar     oled.o
    0x080044a2   0x080044a2   0x00000002   PAD
    0x080044a4   0x080044a4   0x00000020   Code   RO         3900    i.OLED_DrawPixel    oled.o
    0x080044c4   0x080044c4   0x00000028   Code   RO         3903    i.OLED_DrawString   oled.o
    0x080044ec   0x080044ec   0x000000ea   Code   RO         3908    i.OLED_Init         oled.o
    0x080045d6   0x080045d6   0x00000002   PAD
    0x080045d8   0x080045d8   0x0000004c   Code   RO         3910    i.OLED_Refresh      oled.o
    0x08004624   0x08004624   0x00000020   Code   RO         3911    i.OLED_WR_Byte      oled.o
    0x08004644   0x08004644   0x0000012c   Code   RO          232    i.RCCEx_PLLSAI1_Config  stm32l4xx_hal_rcc_ex.o
    0x08004770   0x08004770   0x00000108   Code   RO          233    i.RCCEx_PLLSAI2_Config  stm32l4xx_hal_rcc_ex.o
    0x08004878   0x08004878   0x0000007c   Code   RO         1304    i.RCC_SetFlashLatencyFromMSIRange  stm32l4xx_hal_rcc.o
    0x080048f4   0x080048f4   0x0000003c   Code   RO         4142    i.Serial_ReadAvailable  serial.o
    0x08004930   0x08004930   0x00000044   Code   RO         4143    i.Serial_ReadChar   serial.o
    0x08004974   0x08004974   0x00000016   Code   RO         4144    i.Serial_SendChar   serial.o
    0x0800498a   0x0800498a   0x00000002   PAD
    0x0800498c   0x0800498c   0x00000074   Code   RO         4145    i.Serial_SendNum    serial.o
    0x08004a00   0x08004a00   0x00000076   Code   RO         4146    i.Serial_SendString  serial.o
    0x08004a76   0x08004a76   0x00000002   PAD
    0x08004a78   0x08004a78   0x0000002c   Code   RO         4875    i.SysTick_Handler   port.o
    0x08004aa4   0x08004aa4   0x000000a0   Code   RO         3285    i.SystemClock_Config  main.o
    0x08004b44   0x08004b44   0x00000044   Code   RO         2949    i.SystemInit        system_stm32l4xx.o
    0x08004b88   0x08004b88   0x000000c8   Code   RO         1449    i.UART_AdvFeatureConfig  stm32l4xx_hal_uart.o
    0x08004c50   0x08004c50   0x00000058   Code   RO         1450    i.UART_CheckIdleState  stm32l4xx_hal_uart.o
    0x08004ca8   0x08004ca8   0x00000014   Code   RO         1451    i.UART_DMAAbortOnError  stm32l4xx_hal_uart.o
    0x08004cbc   0x08004cbc   0x0000001e   Code   RO         1461    i.UART_EndRxTransfer  stm32l4xx_hal_uart.o
    0x08004cda   0x08004cda   0x0000005a   Code   RO         1463    i.UART_RxISR_16BIT  stm32l4xx_hal_uart.o
    0x08004d34   0x08004d34   0x0000005a   Code   RO         1464    i.UART_RxISR_8BIT   stm32l4xx_hal_uart.o
    0x08004d8e   0x08004d8e   0x00000002   PAD
    0x08004d90   0x08004d90   0x000002a0   Code   RO         1465    i.UART_SetConfig    stm32l4xx_hal_uart.o
    0x08005030   0x08005030   0x00000060   Code   RO         1468    i.UART_WaitOnFlagUntilTimeout  stm32l4xx_hal_uart.o
    0x08005090   0x08005090   0x00000012   Code   RO         3521    i.UI_Init           ui.o
    0x080050a2   0x080050a2   0x00000002   PAD
    0x080050a4   0x080050a4   0x000000ec   Code   RO         3825    i.UI_Task           taskmy.o
    0x08005190   0x08005190   0x0000000c   Code   RO         3021    i.USART2_IRQHandler  stm32l4xx_it.o
    0x0800519c   0x0800519c   0x00000002   Code   RO         3022    i.UsageFault_Handler  stm32l4xx_it.o
    0x0800519e   0x0800519e   0x00000002   PAD
    0x080051a0   0x080051a0   0x00000090   Code   RO         4033    i.WIFI_ConnectWifi  wifi.o
    0x08005230   0x08005230   0x00000084   Code   RO         4034    i.WIFI_GetWifiState  wifi.o
    0x080052b4   0x080052b4   0x00000060   Code   RO         4035    i.WIFI_Init         wifi.o
    0x08005314   0x08005314   0x000000a8   Code   RO         4036    i.WIFI_MQTT_ConfigUser  wifi.o
    0x080053bc   0x080053bc   0x00000094   Code   RO         4037    i.WIFI_MQTT_Connect  wifi.o
    0x08005450   0x08005450   0x00000088   Code   RO         4038    i.WIFI_MQTT_Disconnect  wifi.o
    0x080054d8   0x080054d8   0x00000084   Code   RO         4039    i.WIFI_MQTT_GetState  wifi.o
    0x0800555c   0x0800555c   0x00000098   Code   RO         4041    i.WIFI_MQTT_PublishStr  wifi.o
    0x080055f4   0x080055f4   0x00000090   Code   RO         4042    i.WIFI_MQTT_Subscribe  wifi.o
    0x08005684   0x08005684   0x00000024   Code   RO         4043    i.WIFI_Prompt       wifi.o
    0x080056a8   0x080056a8   0x0000024e   Code   RO         4044    i.WIFI_ReadReply    wifi.o
    0x080058f6   0x080058f6   0x00000002   PAD
    0x080058f8   0x080058f8   0x00000088   Code   RO         4045    i.WIFI_SetWifiMode  wifi.o
    0x08005980   0x08005980   0x00000002   Code   RO         3286    i._Error_Handler    main.o
    0x08005982   0x08005982   0x00000002   PAD
    0x08005984   0x08005984   0x00000028   Code   RO         5202    i.__0sprintf        mc_w.l(printfa.o)
    0x080059ac   0x080059ac   0x00000020   Code   RO         1108    i.__NVIC_SetPriority  stm32l4xx_hal_cortex.o
    0x080059cc   0x080059cc   0x0000000e   Code   RO         5335    i.__scatterload_copy  mc_w.l(handlers.o)
    0x080059da   0x080059da   0x00000002   Code   RO         5336    i.__scatterload_null  mc_w.l(handlers.o)
    0x080059dc   0x080059dc   0x0000000e   Code   RO         5337    i.__scatterload_zeroinit  mc_w.l(handlers.o)
    0x080059ea   0x080059ea   0x00000002   PAD
    0x080059ec   0x080059ec   0x0000018a   Code   RO         5207    i._fp_digits        mc_w.l(printfa.o)
    0x08005b76   0x08005b76   0x0000000e   Code   RO         5264    i._is_digit         mc_w.l(scanf_fp.o)
    0x08005b84   0x08005b84   0x000006e2   Code   RO         5208    i._printf_core      mc_w.l(printfa.o)
    0x08006266   0x08006266   0x00000024   Code   RO         5209    i._printf_post_padding  mc_w.l(printfa.o)
    0x0800628a   0x0800628a   0x0000002e   Code   RO         5210    i._printf_pre_padding  mc_w.l(printfa.o)
    0x080062b8   0x080062b8   0x0000000a   Code   RO         5212    i._sputc            mc_w.l(printfa.o)
    0x080062c2   0x080062c2   0x00000002   PAD
    0x080062c4   0x080062c4   0x000002ae   Code   RO         3412    i.cli_Check         cli.o
    0x08006572   0x08006572   0x0000001a   Code   RO         3413    i.cli_CommandComp   cli.o
    0x0800658c   0x0800658c   0x0000009c   Code   RO         3414    i.cli_ConnectMQTTServer  cli.o
    0x08006628   0x08006628   0x0000009c   Code   RO         3415    i.cli_ConnectWifi   cli.o
    0x080066c4   0x080066c4   0x00000004   Code   RO         3416    i.cli_DisconnectMQTTServer  cli.o
    0x080066c8   0x080066c8   0x00000004   Code   RO         3417    i.cli_GetMQTTState  cli.o
    0x080066cc   0x080066cc   0x00000004   Code   RO         3418    i.cli_GetWifiState  cli.o
    0x080066d0   0x080066d0   0x0000009c   Code   RO         3419    i.cli_PublishMQTT   cli.o
    0x0800676c   0x0800676c   0x000000a8   Code   RO         3420    i.cli_SetMQTTConfigUser  cli.o
    0x08006814   0x08006814   0x00000104   Code   RO         3421    i.cli_SetWifiMode   cli.o
    0x08006918   0x08006918   0x0000006c   Code   RO         3422    i.cli_Test          cli.o
    0x08006984   0x08006984   0x00000078   Code   RO         3287    i.main              main.o
    0x080069fc   0x080069fc   0x00000070   Code   RO         4552    i.prvAddCurrentTaskToDelayedList  tasks.o
    0x08006a6c   0x08006a6c   0x000000d0   Code   RO         4553    i.prvAddNewTaskToReadyList  tasks.o
    0x08006b3c   0x08006b3c   0x00000050   Code   RO         4554    i.prvCheckTasksWaitingTermination  tasks.o
    0x08006b8c   0x08006b8c   0x00000014   Code   RO         4555    i.prvDeleteTCB      tasks.o
    0x08006ba0   0x08006ba0   0x0000004c   Code   RO         4825    i.prvHeapInit       heap_4.o
    0x08006bec   0x08006bec   0x00000028   Code   RO         4556    i.prvIdleTask       tasks.o
    0x08006c14   0x08006c14   0x00000078   Code   RO         4557    i.prvInitialiseNewTask  tasks.o
    0x08006c8c   0x08006c8c   0x0000004c   Code   RO         4826    i.prvInsertBlockIntoFreeList  heap_4.o
    0x08006cd8   0x08006cd8   0x00000020   Code   RO         4558    i.prvResetNextTaskUnblockTime  tasks.o
    0x08006cf8   0x08006cf8   0x00000010   Code   RO         4876    i.prvTaskExitError  port.o
    0x08006d08   0x08006d08   0x00000098   Code   RO         4827    i.pvPortMalloc      heap_4.o
    0x08006da0   0x08006da0   0x0000002c   Code   RO         4877    i.pxPortInitialiseStack  port.o
    0x08006dcc   0x08006dcc   0x00000024   Code   RO         4402    i.uxListRemove      list.o
    0x08006df0   0x08006df0   0x00000078   Code   RO         3826    i.vApplicationStackOverflowHook  taskmy.o
    0x08006e68   0x08006e68   0x00000016   Code   RO         4403    i.vListInitialise   list.o
    0x08006e7e   0x08006e7e   0x00000006   Code   RO         4404    i.vListInitialiseItem  list.o
    0x08006e84   0x08006e84   0x00000030   Code   RO         4405    i.vListInsert       list.o
    0x08006eb4   0x08006eb4   0x00000018   Code   RO         4406    i.vListInsertEnd    list.o
    0x08006ecc   0x08006ecc   0x0000001c   Code   RO         4879    i.vPortEnterCritical  port.o
    0x08006ee8   0x08006ee8   0x00000014   Code   RO         4880    i.vPortExitCritical  port.o
    0x08006efc   0x08006efc   0x00000040   Code   RO         4828    i.vPortFree         heap_4.o
    0x08006f3c   0x08006f3c   0x00000010   Code   RO         4881    i.vPortSetupTimerInterrupt  port.o
    0x08006f4c   0x08006f4c   0x00000030   Code   RO         4565    i.vTaskDelay        tasks.o
    0x08006f7c   0x08006f7c   0x00000098   Code   RO         4567    i.vTaskDelete       tasks.o
    0x08007014   0x08007014   0x00000054   Code   RO         4576    i.vTaskStartScheduler  tasks.o
    0x08007068   0x08007068   0x00000010   Code   RO         4578    i.vTaskSuspendAll   tasks.o
    0x08007078   0x08007078   0x0000005c   Code   RO         4579    i.vTaskSwitchContext  tasks.o
    0x080070d4   0x080070d4   0x00000040   Code   RO         4882    i.xPortStartScheduler  port.o
    0x08007114   0x08007114   0x0000005c   Code   RO         4581    i.xTaskCreate       tasks.o
    0x08007170   0x08007170   0x000000b4   Code   RO         4586    i.xTaskIncrementTick  tasks.o
    0x08007224   0x08007224   0x000000b4   Code   RO         4591    i.xTaskResumeAll    tasks.o
    0x080072d8   0x080072d8   0x00000040   Data   RO         2950    .constdata          system_stm32l4xx.o
    0x08007318   0x08007318   0x00000008   Data   RO         2951    .constdata          system_stm32l4xx.o
    0x08007320   0x08007320   0x00000a64   Data   RO         3913    .constdata          oled.o
    0x08007d84   0x08007d84   0x00000040   Data   RO         5331    .constdata          mc_w.l(ctype_c.o)
    0x08007dc4   0x08007dc4   0x000000ed   Data   RO         3424    .conststring        cli.o
    0x08007eb1   0x08007eb1   0x00000003   PAD
    0x08007eb4   0x08007eb4   0x0000004e   Data   RO         4047    .conststring        wifi.o
    0x08007f02   0x08007f02   0x00000002   PAD
    0x08007f04   0x08007f04   0x00000020   Data   RO         5333    Region$$Table       anon$$obj.o


    Execution Region RW_IRAM1 (Exec base: 0x20000000, Load base: 0x08007f24, Size: 0x00006070, Max: 0x00050000, ABSOLUTE)

    Exec Addr    Load Addr    Size         Type   Attr      Idx    E Section Name        Object

    0x20000000   0x08007f24   0x0000000c   Data   RW         2449    .data               stm32l4xx_hal.o
    0x2000000c   0x08007f30   0x00000004   Data   RW         2952    .data               system_stm32l4xx.o
    0x20000010   0x08007f34   0x00000004   Data   RW         3142    .data               adc.o
    0x20000014   0x08007f38   0x00000070   Data   RW         3425    .data               cli.o
    0x20000084   0x08007fa8   0x00000018   Data   RW         3827    .data               taskmy.o
    0x2000009c   0x08007fc0   0x00000018   Data   RW         4049    .data               wifi.o
    0x200000b4   0x08007fd8   0x00000001   Data   RW         4206    .data               ecg.o
    0x200000b5   0x08007fd9   0x00000001   Data   RW         4207    .data               ecg.o
    0x200000b6   0x08007fda   0x00000002   PAD
    0x200000b8   0x08007fdc   0x00000004   Data   RW         4209    .data               ecg.o
    0x200000bc   0x08007fe0   0x0000003c   Data   RW         4594    .data               tasks.o
    0x200000f8   0x0800801c   0x00000018   Data   RW         4833    .data               heap_4.o
    0x20000110   0x08008034   0x00000004   Data   RW         4883    .data               port.o
    0x20000114        -       0x0000004c   Zero   RW         3098    .bss                i2c.o
    0x20000160        -       0x00000160   Zero   RW         3141    .bss                adc.o
    0x200002c0        -       0x00000100   Zero   RW         3241    .bss                usart.o
    0x200003c0        -       0x0000001e   Zero   RW         3423    .bss                cli.o
    0x200003de        -       0x00000400   Zero   RW         3912    .bss                oled.o
    0x200007de        -       0x0000012c   Zero   RW         4046    .bss                wifi.o
    0x2000090a        -       0x00000262   Zero   RW         4147    .bss                serial.o
    0x20000b6c        -       0x0000003c   Zero   RW         4204    .bss                ecg.o
    0x20000ba8        -       0x000000c8   Zero   RW         4593    .bss                tasks.o
    0x20000c70        -       0x00005000   Zero   RW         4832    .bss                heap_4.o
    0x20005c70        -       0x00000400   Zero   RW            1    STACK               startup_stm32l496xx.o


==============================================================================

Image component sizes


      Code (inc. data)   RO Data    RW Data    ZI Data      Debug   Object Name

       584        108          0          4        352       2598   adc.o
      1728        188        237        112         30       8339   cli.o
        60          4          0          0          0        726   dma.o
        36         16          0          6         60       1502   ecg.o
       172         12          0          0          0        975   gpio.o
       368         24          0         24      20480       3779   heap_4.o
       192         38          0          0         76       1533   i2c.o
       136          0          0          0          0       3078   list.o
       282         26          0          0          0      12118   main.o
       668         38       2660          0       1024       6620   oled.o
       446         46          0          4          0       9268   port.o
       536         74          0          0        610       4486   serial.o
        36          8        428          0       1024        816   startup_stm32l496xx.o
       110         16          0         12          0       3039   stm32l4xx_hal.o
      2196        126          0          0          0      72140   stm32l4xx_hal_adc.o
       392         22          0          0          0      61329   stm32l4xx_hal_adc_ex.o
       222         14          0          0          0      34453   stm32l4xx_hal_cortex.o
       614         14          0          0          0       4354   stm32l4xx_hal_dma.o
         0          0          0          0          0     897080   stm32l4xx_hal_dma_ex.o
       456         42          0          0          0       2376   stm32l4xx_hal_gpio.o
       936         24          0          0          0       8389   stm32l4xx_hal_i2c.o
       208         10          0          0          0       2518   stm32l4xx_hal_i2c_ex.o
       128          6          0          0          0        870   stm32l4xx_hal_msp.o
       136         24          0          0          0       1859   stm32l4xx_hal_pwr_ex.o
      1980        102          0          0          0       7256   stm32l4xx_hal_rcc.o
      1534         46          0          0          0       3932   stm32l4xx_hal_rcc_ex.o
      2056         84          0          0          0      12064   stm32l4xx_hal_uart.o
         2          0          0          0          0        968   stm32l4xx_hal_uart_ex.o
        60         24          0          0          0       4412   stm32l4xx_it.o
        68         12         72          4          0       1161   system_stm32l4xx.o
      2110        546          0         24          0       4273   taskmy.o
      1456        122          0         60        200      21992   tasks.o
        18          0          0          0          0       1914   ui.o
       316         70          0          0        256       2226   usart.o
      2014        390         78         24        300       7900   wifi.o

    ----------------------------------------------------------------------
     22292       2276       3512        276      24412    1212343   Object Totals
         0          0         32          0          0          0   (incl. Generated)
        36          0          5          2          0          0   (incl. Padding)

    ----------------------------------------------------------------------

      Code (inc. data)   RO Data    RW Data    ZI Data      Debug   Library Member Name

        56          8          0          0          0         84   __0sscanf.o
        28          0          0          0          0         68   _chval.o
       818          4          0          0          0        112   _scanf.o
       338          0          0          0          0         96   _scanf_int.o
       230          0          0          0          0         96   _scanf_str.o
        64          0          0          0          0         84   _sgetc.o
        76          0          0          0          0         92   bsearch.o
        40          6         64          0          0         68   ctype_c.o
         0          0          0          0          0          0   entry.o
         0          0          0          0          0          0   entry10a.o
         0          0          0          0          0          0   entry11a.o
         8          4          0          0          0          0   entry2.o
         4          0          0          0          0          0   entry5.o
         0          0          0          0          0          0   entry7b.o
         0          0          0          0          0          0   entry8b.o
         8          4          0          0          0          0   entry9a.o
        30          0          0          0          0          0   handlers.o
        36          8          0          0          0         68   init.o
        10          0          0          0          0         68   isspace_c.o
         0          0          0          0          0          0   iusefp.o
        30          0          0          0          0         68   llshl.o
        36          0          0          0          0         68   llsshr.o
        32          0          0          0          0         68   llushr.o
        36          0          0          0          0         68   memcpya.o
        36          0          0          0          0        108   memseta.o
      2288         86          0          0          0        520   printfa.o
        40          8          0          0          0         84   scanf_char.o
       884         12          0          0          0        216   scanf_fp.o
        14          0          0          0          0         68   strlen.o
        50          0          0          0          0         84   strncasecmp.o
        12          0          0          0          0         68   tolower.o
        44          0          0          0          0         80   uidiv.o
       104          0          0          0          0         92   uldiv.o
        48          0          0          0          0         68   cdrcmple.o
        56          0          0          0          0         88   d2f.o
       350          0          0          0          0        148   dadd.o
       222          0          0          0          0        100   ddiv.o
       186          0          0          0          0        176   depilogue.o
        48          0          0          0          0         68   dfixul.o
        24          0          0          0          0         76   dfltul.o
       234          0          0          0          0         96   dmul.o
        38          0          0          0          0         68   f2d.o
       110          0          0          0          0        168   fepilogue.o

    ----------------------------------------------------------------------
      6680        140         64          0          0       3484   Library Totals
        12          0          0          0          0          0   (incl. Padding)

    ----------------------------------------------------------------------

      Code (inc. data)   RO Data    RW Data    ZI Data      Debug   Library Name

      5352        140         64          0          0       2428   mc_w.l
      1316          0          0          0          0       1056   mf_w.l

    ----------------------------------------------------------------------
      6680        140         64          0          0       3484   Library Totals

    ----------------------------------------------------------------------

==============================================================================


      Code (inc. data)   RO Data    RW Data    ZI Data      Debug   

     28972       2416       3576        276      24412    1196959   Grand Totals
     28972       2416       3576        276      24412    1196959   ELF Image Totals
     28972       2416       3576        276          0          0   ROM Totals

==============================================================================

    Total RO  Size (Code + RO Data)                32548 (  31.79kB)
    Total RW  Size (RW Data + ZI Data)             24688 (  24.11kB)
    Total ROM Size (Code + RO Data + RW Data)      32824 (  32.05kB)

==============================================================================

