Component: ARM Compiler 5.06 update 6 (build 750) Tool: armlink [4d35ed]

==============================================================================

Section Cross References

    startup_stm32l496xx.o(RESET) refers to startup_stm32l496xx.o(STACK) for __initial_sp
    startup_stm32l496xx.o(RESET) refers to startup_stm32l496xx.o(.text) for Reset_Handler
    startup_stm32l496xx.o(RESET) refers to stm32l4xx_it.o(i.NMI_Handler) for NMI_Handler
    startup_stm32l496xx.o(RESET) refers to stm32l4xx_it.o(i.HardFault_Handler) for HardFault_Handler
    startup_stm32l496xx.o(RESET) refers to stm32l4xx_it.o(i.MemManage_Handler) for MemManage_Handler
    startup_stm32l496xx.o(RESET) refers to stm32l4xx_it.o(i.BusFault_Handler) for BusFault_Handler
    startup_stm32l496xx.o(RESET) refers to stm32l4xx_it.o(i.UsageFault_Handler) for UsageFault_Handler
    startup_stm32l496xx.o(RESET) refers to stm32l4xx_it.o(i.SVC_Handler) for SVC_Handler
    startup_stm32l496xx.o(RESET) refers to stm32l4xx_it.o(i.DebugMon_Handler) for DebugMon_Handler
    startup_stm32l496xx.o(RESET) refers to stm32l4xx_it.o(i.PendSV_Handler) for PendSV_Handler
    startup_stm32l496xx.o(RESET) refers to stm32l4xx_it.o(i.SysTick_Handler) for SysTick_Handler
    startup_stm32l496xx.o(RESET) refers to stm32l4xx_it.o(i.DMA1_Channel1_IRQHandler) for DMA1_Channel1_IRQHandler
    startup_stm32l496xx.o(RESET) refers to stm32l4xx_it.o(i.DMA1_Channel2_IRQHandler) for DMA1_Channel2_IRQHandler
    startup_stm32l496xx.o(RESET) refers to stm32l4xx_it.o(i.USART2_IRQHandler) for USART2_IRQHandler
    startup_stm32l496xx.o(RESET) refers to stm32l4xx_it.o(i.LPUART1_IRQHandler) for LPUART1_IRQHandler
    startup_stm32l496xx.o(.text) refers to system_stm32l4xx.o(i.SystemInit) for SystemInit
    startup_stm32l496xx.o(.text) refers to entry.o(.ARM.Collect$$$$00000000) for __main
    stm32l4xx_hal_gpio.o(i.HAL_GPIO_EXTI_IRQHandler) refers to stm32l4xx_hal_gpio.o(i.HAL_GPIO_EXTI_Callback) for HAL_GPIO_EXTI_Callback
    stm32l4xx_hal_rcc_ex.o(i.HAL_RCCEx_CRSWaitSynchronization) refers to stm32l4xx_hal.o(i.HAL_GetTick) for HAL_GetTick
    stm32l4xx_hal_rcc_ex.o(i.HAL_RCCEx_CRS_IRQHandler) refers to stm32l4xx_hal_rcc_ex.o(i.HAL_RCCEx_CRS_SyncOkCallback) for HAL_RCCEx_CRS_SyncOkCallback
    stm32l4xx_hal_rcc_ex.o(i.HAL_RCCEx_CRS_IRQHandler) refers to stm32l4xx_hal_rcc_ex.o(i.HAL_RCCEx_CRS_SyncWarnCallback) for HAL_RCCEx_CRS_SyncWarnCallback
    stm32l4xx_hal_rcc_ex.o(i.HAL_RCCEx_CRS_IRQHandler) refers to stm32l4xx_hal_rcc_ex.o(i.HAL_RCCEx_CRS_ExpectedSyncCallback) for HAL_RCCEx_CRS_ExpectedSyncCallback
    stm32l4xx_hal_rcc_ex.o(i.HAL_RCCEx_CRS_IRQHandler) refers to stm32l4xx_hal_rcc_ex.o(i.HAL_RCCEx_CRS_ErrorCallback) for HAL_RCCEx_CRS_ErrorCallback
    stm32l4xx_hal_rcc_ex.o(i.HAL_RCCEx_DisableLSCO) refers to stm32l4xx_hal_pwr.o(i.HAL_PWR_EnableBkUpAccess) for HAL_PWR_EnableBkUpAccess
    stm32l4xx_hal_rcc_ex.o(i.HAL_RCCEx_DisableLSCO) refers to stm32l4xx_hal_pwr.o(i.HAL_PWR_DisableBkUpAccess) for HAL_PWR_DisableBkUpAccess
    stm32l4xx_hal_rcc_ex.o(i.HAL_RCCEx_DisablePLLSAI1) refers to stm32l4xx_hal.o(i.HAL_GetTick) for HAL_GetTick
    stm32l4xx_hal_rcc_ex.o(i.HAL_RCCEx_DisablePLLSAI2) refers to stm32l4xx_hal.o(i.HAL_GetTick) for HAL_GetTick
    stm32l4xx_hal_rcc_ex.o(i.HAL_RCCEx_EnableLSCO) refers to stm32l4xx_hal_gpio.o(i.HAL_GPIO_Init) for HAL_GPIO_Init
    stm32l4xx_hal_rcc_ex.o(i.HAL_RCCEx_EnableLSCO) refers to stm32l4xx_hal_pwr.o(i.HAL_PWR_EnableBkUpAccess) for HAL_PWR_EnableBkUpAccess
    stm32l4xx_hal_rcc_ex.o(i.HAL_RCCEx_EnableLSCO) refers to stm32l4xx_hal_pwr.o(i.HAL_PWR_DisableBkUpAccess) for HAL_PWR_DisableBkUpAccess
    stm32l4xx_hal_rcc_ex.o(i.HAL_RCCEx_EnablePLLSAI1) refers to stm32l4xx_hal.o(i.HAL_GetTick) for HAL_GetTick
    stm32l4xx_hal_rcc_ex.o(i.HAL_RCCEx_EnablePLLSAI2) refers to stm32l4xx_hal.o(i.HAL_GetTick) for HAL_GetTick
    stm32l4xx_hal_rcc_ex.o(i.HAL_RCCEx_GetPeriphCLKFreq) refers to stm32l4xx_hal_rcc_ex.o(i.RCCEx_GetSAIxPeriphCLKFreq) for RCCEx_GetSAIxPeriphCLKFreq
    stm32l4xx_hal_rcc_ex.o(i.HAL_RCCEx_GetPeriphCLKFreq) refers to stm32l4xx_hal_rcc.o(i.HAL_RCC_GetPCLK2Freq) for HAL_RCC_GetPCLK2Freq
    stm32l4xx_hal_rcc_ex.o(i.HAL_RCCEx_GetPeriphCLKFreq) refers to stm32l4xx_hal_rcc.o(i.HAL_RCC_GetSysClockFreq) for HAL_RCC_GetSysClockFreq
    stm32l4xx_hal_rcc_ex.o(i.HAL_RCCEx_GetPeriphCLKFreq) refers to stm32l4xx_hal_rcc.o(i.HAL_RCC_GetPCLK1Freq) for HAL_RCC_GetPCLK1Freq
    stm32l4xx_hal_rcc_ex.o(i.HAL_RCCEx_GetPeriphCLKFreq) refers to system_stm32l4xx.o(.constdata) for MSIRangeTable
    stm32l4xx_hal_rcc_ex.o(i.HAL_RCCEx_LSECSS_IRQHandler) refers to stm32l4xx_hal_rcc_ex.o(i.HAL_RCCEx_LSECSS_Callback) for HAL_RCCEx_LSECSS_Callback
    stm32l4xx_hal_rcc_ex.o(i.HAL_RCCEx_PeriphCLKConfig) refers to stm32l4xx_hal_rcc_ex.o(i.RCCEx_PLLSAI1_Config) for RCCEx_PLLSAI1_Config
    stm32l4xx_hal_rcc_ex.o(i.HAL_RCCEx_PeriphCLKConfig) refers to stm32l4xx_hal_rcc_ex.o(i.RCCEx_PLLSAI2_Config) for RCCEx_PLLSAI2_Config
[...]
    Removing stm32l4xx_hal_pwr_ex.o(i.HAL_PWREx_DisableVddUSB), (16 bytes).
    Removing stm32l4xx_hal_pwr_ex.o(i.HAL_PWREx_EnableBatteryCharging), (28 bytes).
    Removing stm32l4xx_hal_pwr_ex.o(i.HAL_PWREx_EnableGPIOPullDown), (184 bytes).
    Removing stm32l4xx_hal_pwr_ex.o(i.HAL_PWREx_EnableGPIOPullUp), (184 bytes).
    Removing stm32l4xx_hal_pwr_ex.o(i.HAL_PWREx_EnableInternalWakeUpLine), (16 bytes).
    Removing stm32l4xx_hal_pwr_ex.o(i.HAL_PWREx_EnableLowPowerRunMode), (16 bytes).
    Removing stm32l4xx_hal_pwr_ex.o(i.HAL_PWREx_EnablePVM1), (16 bytes).
    Removing stm32l4xx_hal_pwr_ex.o(i.HAL_PWREx_EnablePVM2), (16 bytes).
    Removing stm32l4xx_hal_pwr_ex.o(i.HAL_PWREx_EnablePVM3), (16 bytes).
    Removing stm32l4xx_hal_pwr_ex.o(i.HAL_PWREx_EnablePVM4), (16 bytes).
    Removing stm32l4xx_hal_pwr_ex.o(i.HAL_PWREx_EnablePullUpPullDownConfig), (16 bytes).
    Removing stm32l4xx_hal_pwr_ex.o(i.HAL_PWREx_EnableSRAM2ContentRetention), (16 bytes).
    Removing stm32l4xx_hal_pwr_ex.o(i.HAL_PWREx_EnableVddUSB), (16 bytes).
    Removing stm32l4xx_hal_pwr_ex.o(i.HAL_PWREx_EnterSHUTDOWNMode), (36 bytes).
    Removing stm32l4xx_hal_pwr_ex.o(i.HAL_PWREx_EnterSTOP0Mode), (52 bytes).
    Removing stm32l4xx_hal_pwr_ex.o(i.HAL_PWREx_EnterSTOP1Mode), (56 bytes).
    Removing stm32l4xx_hal_pwr_ex.o(i.HAL_PWREx_EnterSTOP2Mode), (56 bytes).
    Removing stm32l4xx_hal_pwr_ex.o(i.HAL_PWREx_PVD_PVM_IRQHandler), (88 bytes).
    Removing stm32l4xx_hal_pwr_ex.o(i.HAL_PWREx_PVM1Callback), (2 bytes).
    Removing stm32l4xx_hal_pwr_ex.o(i.HAL_PWREx_PVM2Callback), (2 bytes).
    Removing stm32l4xx_hal_pwr_ex.o(i.HAL_PWREx_PVM3Callback), (2 bytes).
    Removing stm32l4xx_hal_pwr_ex.o(i.HAL_PWREx_PVM4Callback), (2 bytes).
    Removing stm32l4xx_hal_i2c_ex.o(.rev16_text), (4 bytes).
    Removing stm32l4xx_hal_i2c_ex.o(.revsh_text), (4 bytes).
    Removing stm32l4xx_hal_i2c_ex.o(.rrx_text), (6 bytes).
    Removing stm32l4xx_hal_i2c_ex.o(i.HAL_I2CEx_DisableFastModePlus), (40 bytes).
    Removing stm32l4xx_hal_i2c_ex.o(i.HAL_I2CEx_DisableWakeUp), (78 bytes).
    Removing stm32l4xx_hal_i2c_ex.o(i.HAL_I2CEx_EnableWakeUp), (78 bytes).
    Removing system_stm32l4xx.o(.rev16_text), (4 bytes).
    Removing system_stm32l4xx.o(.revsh_text), (4 bytes).
    Removing system_stm32l4xx.o(.rrx_text), (6 bytes).
    Removing system_stm32l4xx.o(i.SystemCoreClockUpdate), (168 bytes).
    Removing gpio.o(.rev16_text), (4 bytes).
    Removing gpio.o(.revsh_text), (4 bytes).
    Removing gpio.o(.rrx_text), (6 bytes).
    Removing stm32l4xx_it.o(.rev16_text), (4 bytes).
    Removing stm32l4xx_it.o(.revsh_text), (4 bytes).
    Removing stm32l4xx_it.o(.rrx_text), (6 bytes).
    Removing i2c.o(.rev16_text), (4 bytes).
    Removing i2c.o(.revsh_text), (4 bytes).
    Removing i2c.o(.rrx_text), (6 bytes).
    Removing i2c.o(i.HAL_I2C_MspDeInit), (40 bytes).
    Removing adc.o(.rev16_text), (4 bytes).
    Removing adc.o(.revsh_text), (4 bytes).
    Removing adc.o(.rrx_text), (6 bytes).
    Removing adc.o(i.HAL_ADC_MspDeInit), (60 bytes).
    Removing dma.o(.rev16_text), (4 bytes).
    Removing dma.o(.revsh_text), (4 bytes).
    Removing dma.o(.rrx_text), (6 bytes).
    Removing stm32l4xx_hal_msp.o(.rev16_text), (4 bytes).
    Removing stm32l4xx_hal_msp.o(.revsh_text), (4 bytes).
    Removing stm32l4xx_hal_msp.o(.rrx_text), (6 bytes).
    Removing usart.o(.rev16_text), (4 bytes).
    Removing usart.o(.revsh_text), (4 bytes).
    Removing usart.o(.rrx_text), (6 bytes).
    Removing usart.o(i.HAL_UART_MspDeInit), (88 bytes).
    Removing main.o(.rev16_text), (4 bytes).
    Removing main.o(.revsh_text), (4 bytes).
    Removing main.o(.rrx_text), (6 bytes).
    Removing cli.o(.rev16_text), (4 bytes).
    Removing cli.o(.revsh_text), (4 bytes).
    Removing cli.o(.rrx_text), (6 bytes).
    Removing cli.o(i.cli_Check), (686 bytes).
    Removing cli.o(i.cli_CommandComp), (26 bytes).
    Removing cli.o(i.cli_ConnectMQTTServer), (156 bytes).
    Removing cli.o(i.cli_ConnectWifi), (156 bytes).
    Removing cli.o(i.cli_DisconnectMQTTServer), (4 bytes).
    Removing cli.o(i.cli_GetMQTTState), (4 bytes).
    Removing cli.o(i.cli_GetWifiState), (4 bytes).
    Removing cli.o(i.cli_PublishMQTT), (156 bytes).
    Removing cli.o(i.cli_SetMQTTConfigUser), (168 bytes).
    Removing cli.o(i.cli_SetWifiMode), (260 bytes).
    Removing cli.o(i.cli_Test), (108 bytes).
    Removing cli.o(.bss), (30 bytes).
    Removing cli.o(.conststring), (239 bytes).
    Removing cli.o(.data), (112 bytes).
    Removing ui.o(.rev16_text), (4 bytes).
    Removing ui.o(.revsh_text), (4 bytes).
    Removing ui.o(.rrx_text), (6 bytes).
    Removing ui.o(i.UI_EnterMenu), (12 bytes).
    Removing ui.o(i.UI_ExitMenu), (12 bytes).
    Removing ui.o(i.UI_Init), (44 bytes).
    Removing ui.o(i.UI_InitMenu), (128 bytes).
    Removing ui.o(i.UI_SwitchMenu), (16 bytes).
    Removing ui.o(.data), (4 bytes).
    Removing ui.o(.data), (1 bytes).
    Removing menu.o(i.Menu_CreateNewSubMenu), (100 bytes).
    Removing menu.o(i.Menu_Enter), (80 bytes).
    Removing menu.o(i.Menu_Enter_t), (22 bytes).
    Removing menu.o(i.Menu_Enter_t_byname), (64 bytes).
    Removing menu.o(i.Menu_Ergodic), (56 bytes).
    Removing menu.o(i.Menu_Exit), (82 bytes).
    Removing menu.o(i.Menu_Exit_t), (22 bytes).
    Removing menu.o(i.Menu_InitCtrl), (40 bytes).
    Removing menu.o(i.Menu_Start), (18 bytes).
    Removing menu.o(i.Menu_Switch), (76 bytes).
    Removing menu.o(i.Menu_Switch_t), (34 bytes).
    Removing menuconfig.o(.rev16_text), (4 bytes).
    Removing menuconfig.o(.revsh_text), (4 bytes).
    Removing menuconfig.o(.rrx_text), (6 bytes).
    Removing menuconfig.o(i.MenuShow_Exit_Info), (68 bytes).
    Removing menuconfig.o(i.MenuShow_Exit_Shell), (68 bytes).
    Removing menuconfig.o(i.MenuShow_Exit_WiFi), (68 bytes).
    Removing menuconfig.o(i.MenuShow_Load_Info), (92 bytes).
    Removing menuconfig.o(i.MenuShow_Load_Shell), (92 bytes).
    Removing menuconfig.o(i.MenuShow_Load_WiFi), (92 bytes).
    Removing menuconfig.o(i.MenuShow_Run_Info), (192 bytes).
    Removing menuconfig.o(i.MenuShow_Run_Shell), (68 bytes).
    Removing menuconfig.o(i.MenuShow_Run_WiFi), (192 bytes).
    Removing menuconfig.o(i.MenuShow_Stop_Info), (136 bytes).
    Removing menuconfig.o(i.MenuShow_Stop_Shell), (52 bytes).
    Removing menuconfig.o(i.MenuShow_Stop_WiFi), (144 bytes).
    Removing menuconfig.o(.bss), (12 bytes).
    Removing menuconfig.o(.data), (8 bytes).
    Removing menuconfig.o(.data), (12 bytes).
    Removing menuconfig.o(.data), (8 bytes).
    Removing menuconfig.o(.data), (12 bytes).
    Removing menuconfig.o(.data), (8 bytes).
    Removing menuconfig.o(.data), (12 bytes).
    Removing img.o(.rev16_text), (4 bytes).
    Removing img.o(.revsh_text), (4 bytes).
    Removing img.o(.rrx_text), (6 bytes).
    Removing img.o(i.IMG_ImgCompare), (26 bytes).
    Removing img.o(i.IMG_LoadImg), (52 bytes).
    Removing img.o(.conststring), (45 bytes).
    Removing img.o(.data), (180 bytes).
    Removing img.o(.data), (128 bytes).
    Removing img.o(.data), (288 bytes).
    Removing img.o(.data), (288 bytes).
    Removing img.o(.data), (288 bytes).
    Removing img.o(.data), (1024 bytes).
    Removing img.o(.data), (72 bytes).
    Removing oled.o(.rev16_text), (4 bytes).
    Removing oled.o(.revsh_text), (4 bytes).
    Removing oled.o(.rrx_text), (6 bytes).
    Removing oled.o(i.OLED_Clear), (40 bytes).
    Removing oled.o(i.OLED_ClearPixel), (32 bytes).
    Removing oled.o(i.OLED_DrawChar), (182 bytes).
    Removing oled.o(i.OLED_DrawCircle), (192 bytes).
    Removing oled.o(i.OLED_DrawHorizontalLine), (30 bytes).
    Removing oled.o(i.OLED_DrawLine), (54 bytes).
    Removing oled.o(i.OLED_DrawNumber), (36 bytes).
    Removing oled.o(i.OLED_DrawPixel), (32 bytes).
    Removing oled.o(i.OLED_DrawRectangle), (130 bytes).
    Removing oled.o(i.OLED_DrawSlashLine), (132 bytes).
    Removing oled.o(i.OLED_DrawString), (40 bytes).
    Removing oled.o(i.OLED_DrawTriangle), (48 bytes).
    Removing oled.o(i.OLED_DrawVerticalLine), (30 bytes).
    Removing oled.o(i.OLED_DrawXBM), (116 bytes).
    Removing oled.o(i.OLED_GraChange), (96 bytes).
    Removing oled.o(i.OLED_Init), (234 bytes).
    Removing oled.o(i.OLED_Random), (26 bytes).
    Removing oled.o(i.OLED_Refresh), (76 bytes).
    Removing oled.o(i.OLED_WR_Byte), (32 bytes).
    Removing oled.o(.bss), (1024 bytes).
    Removing oled.o(.constdata), (2660 bytes).
    Removing oled.o(.constdata), (3420 bytes).
    Removing oled.o(.constdata), (352 bytes).
    Removing oled.o(.constdata), (216 bytes).
    Removing oled.o(.constdata), (512 bytes).
    Removing oled.o(.constdata), (4096 bytes).
    Removing wifi.o(.rev16_text), (4 bytes).
    Removing wifi.o(.revsh_text), (4 bytes).
    Removing wifi.o(.rrx_text), (6 bytes).
    Removing wifi.o(i.WIFI_ConnectWifi), (144 bytes).
    Removing wifi.o(i.WIFI_GetWifiState), (132 bytes).
    Removing wifi.o(i.WIFI_Init), (96 bytes).
    Removing wifi.o(i.WIFI_MQTT_ConfigUser), (168 bytes).
    Removing wifi.o(i.WIFI_MQTT_Connect), (148 bytes).
    Removing wifi.o(i.WIFI_MQTT_Disconnect), (136 bytes).
    Removing wifi.o(i.WIFI_MQTT_GetState), (132 bytes).
    Removing wifi.o(i.WIFI_MQTT_PublishNum), (160 bytes).
    Removing wifi.o(i.WIFI_MQTT_PublishStr), (152 bytes).
    Removing wifi.o(i.WIFI_Prompt), (36 bytes).
    Removing wifi.o(i.WIFI_ReadReply), (320 bytes).
    Removing wifi.o(i.WIFI_SetWifiMode), (136 bytes).
    Removing wifi.o(.bss), (200 bytes).
    Removing wifi.o(.data), (96 bytes).
    Removing wifi.o(.data), (1 bytes).
    Removing serial.o(.rev16_text), (4 bytes).
    Removing serial.o(.revsh_text), (4 bytes).
    Removing serial.o(.rrx_text), (6 bytes).
    Removing serial.o(i.Serial_ReadAvailable), (56 bytes).
    Removing serial.o(i.Serial_ReadChar), (64 bytes).
    Removing ecg.o(.rev16_text), (4 bytes).
    Removing ecg.o(.revsh_text), (4 bytes).
    Removing ecg.o(.rrx_text), (6 bytes).
    Removing ecg.o(i.ECG_RwaveDetect), (2 bytes).
    Removing dadd.o(.text), (350 bytes).
    Removing dmul.o(.text), (234 bytes).
    Removing ddiv.o(.text), (222 bytes).
    Removing dfixul.o(.text), (48 bytes).
    Removing cdrcmple.o(.text), (48 bytes).
    Removing depilogue.o(.text), (186 bytes).

576 unused section(s) (total 56554 bytes) removed from the image.

==============================================================================

Image Symbol Table

    Local Symbols

    Symbol Name                              Value     Ov Type        Size  Object(Section)

    ..//Src/system_stm32l4xx.c               0x00000000   Number         0  system_stm32l4xx.o ABSOLUTE
    ../Drivers/STM32L4xx_HAL_Driver/Src/stm32l4xx_hal.c 0x00000000   Number         0  stm32l4xx_hal.o ABSOLUTE
    ../Drivers/STM32L4xx_HAL_Driver/Src/stm32l4xx_hal_adc.c 0x00000000   Number         0  stm32l4xx_hal_adc.o ABSOLUTE
    ../Drivers/STM32L4xx_HAL_Driver/Src/stm32l4xx_hal_adc_ex.c 0x00000000   Number         0  stm32l4xx_hal_adc_ex.o ABSOLUTE
    ../Drivers/STM32L4xx_HAL_Driver/Src/stm32l4xx_hal_cortex.c 0x00000000   Number         0  stm32l4xx_hal_cortex.o ABSOLUTE
    ../Drivers/STM32L4xx_HAL_Driver/Src/stm32l4xx_hal_dma.c 0x00000000   Number         0  stm32l4xx_hal_dma.o ABSOLUTE
    ../Drivers/STM32L4xx_HAL_Driver/Src/stm32l4xx_hal_dma_ex.c 0x00000000   Number         0  stm32l4xx_hal_dma_ex.o ABSOLUTE
    ../Drivers/STM32L4xx_HAL_Driver/Src/stm32l4xx_hal_flash.c 0x00000000   Number         0  stm32l4xx_hal_flash.o ABSOLUTE
    ../Drivers/STM32L4xx_HAL_Driver/Src/stm32l4xx_hal_flash_ex.c 0x00000000   Number         0  stm32l4xx_hal_flash_ex.o ABSOLUTE
    ../Drivers/STM32L4xx_HAL_Driver/Src/stm32l4xx_hal_flash_ramfunc.c 0x00000000   Number         0  stm32l4xx_hal_flash_ramfunc.o ABSOLUTE
    ../Drivers/STM32L4xx_HAL_Driver/Src/stm32l4xx_hal_gpio.c 0x00000000   Number         0  stm32l4xx_hal_gpio.o ABSOLUTE
    ../Drivers/STM32L4xx_HAL_Driver/Src/stm32l4xx_hal_i2c.c 0x00000000   Number         0  stm32l4xx_hal_i2c.o ABSOLUTE
    ../Drivers/STM32L4xx_HAL_Driver/Src/stm32l4xx_hal_i2c_ex.c 0x00000000   Number         0  stm32l4xx_hal_i2c_ex.o ABSOLUTE
    ../Drivers/STM32L4xx_HAL_Driver/Src/stm32l4xx_hal_pwr.c 0x00000000   Number         0  stm32l4xx_hal_pwr.o ABSOLUTE
    ../Drivers/STM32L4xx_HAL_Driver/Src/stm32l4xx_hal_pwr_ex.c 0x00000000   Number         0  stm32l4xx_hal_pwr_ex.o ABSOLUTE
    ../Drivers/STM32L4xx_HAL_Driver/Src/stm32l4xx_hal_rcc.c 0x00000000   Number         0  stm32l4xx_hal_rcc.o ABSOLUTE
    ../Drivers/STM32L4xx_HAL_Driver/Src/stm32l4xx_hal_rcc_ex.c 0x00000000   Number         0  stm32l4xx_hal_rcc_ex.o ABSOLUTE
    ../Drivers/STM32L4xx_HAL_Driver/Src/stm32l4xx_hal_tim.c 0x00000000   Number         0  stm32l4xx_hal_tim.o ABSOLUTE
    ../Drivers/STM32L4xx_HAL_Driver/Src/stm32l4xx_hal_tim_ex.c 0x00000000   Number         0  stm32l4xx_hal_tim_ex.o ABSOLUTE
    ../Drivers/STM32L4xx_HAL_Driver/Src/stm32l4xx_hal_uart.c 0x00000000   Number         0  stm32l4xx_hal_uart.o ABSOLUTE
    ../Drivers/STM32L4xx_HAL_Driver/Src/stm32l4xx_hal_uart_ex.c 0x00000000   Number         0  stm32l4xx_hal_uart_ex.o ABSOLUTE
    ../Src/adc.c                             0x00000000   Number         0  adc.o ABSOLUTE
    ../Src/dma.c                             0x00000000   Number         0  dma.o ABSOLUTE
    ../Src/gpio.c                            0x00000000   Number         0  gpio.o ABSOLUTE
    ../Src/i2c.c                             0x00000000   Number         0  i2c.o ABSOLUTE
    ../Src/main.c                            0x00000000   Number         0  main.o ABSOLUTE
    ../Src/stm32l4xx_hal_msp.c               0x00000000   Number         0  stm32l4xx_hal_msp.o ABSOLUTE
    ../Src/stm32l4xx_it.c                    0x00000000   Number         0  stm32l4xx_it.o ABSOLUTE
    ../Src/usart.c                           0x00000000   Number         0  usart.o ABSOLUTE
    ../clib/microlib/ctype/ctype.c           0x00000000   Number         0  isspace_c.o ABSOLUTE
    ../clib/microlib/ctype/ctype.c           0x00000000   Number         0  ctype_c.o ABSOLUTE
    ../clib/microlib/ctype/tolower.c         0x00000000   Number         0  tolower.o ABSOLUTE
    ../clib/microlib/division.c              0x00000000   Number         0  uidiv.o ABSOLUTE
    ../clib/microlib/division.c              0x00000000   Number         0  uldiv.o ABSOLUTE
    ../clib/microlib/init/entry.s            0x00000000   Number         0  entry2.o ABSOLUTE
    ../clib/microlib/init/entry.s            0x00000000   Number         0  entry5.o ABSOLUTE
    ../clib/microlib/init/entry.s            0x00000000   Number         0  entry7a.o ABSOLUTE
    ../clib/microlib/init/entry.s            0x00000000   Number         0  entry7b.o ABSOLUTE
    ../clib/microlib/init/entry.s            0x00000000   Number         0  entry8a.o ABSOLUTE
    ../clib/microlib/init/entry.s            0x00000000   Number         0  entry10a.o ABSOLUTE
    ../clib/microlib/init/entry.s            0x00000000   Number         0  entry10b.o ABSOLUTE
    ../clib/microlib/init/entry.s            0x00000000   Number         0  entry11a.o ABSOLUTE
    ../clib/microlib/init/entry.s            0x00000000   Number         0  entry11b.o ABSOLUTE
    ../clib/microlib/init/entry.s            0x00000000   Number         0  entry9a.o ABSOLUTE
    ../clib/microlib/init/entry.s            0x00000000   Number         0  entry9b.o ABSOLUTE
    ../clib/microlib/init/entry.s            0x00000000   Number         0  entry8b.o ABSOLUTE
    ../clib/microlib/init/entry.s            0x00000000   Number         0  entry.o ABSOLUTE
    ../clib/microlib/longlong.c              0x00000000   Number         0  llsshr.o ABSOLUTE
    ../clib/microlib/longlong.c              0x00000000   Number         0  llushr.o ABSOLUTE
    ../clib/microlib/longlong.c              0x00000000   Number         0  llshl.o ABSOLUTE
    ../clib/microlib/malloc/malloc.c         0x00000000   Number         0  malloc.o ABSOLUTE
    ../clib/microlib/malloc/malloc.c         0x00000000   Number         0  mallocr.o ABSOLUTE
    ../clib/microlib/malloc/malloc.c         0x00000000   Number         0  mallocra.o ABSOLUTE
    ../clib/microlib/malloc/malloc.c         0x00000000   Number         0  malloca.o ABSOLUTE
    ../clib/microlib/malloc/mvars.c          0x00000000   Number         0  mvars.o ABSOLUTE
    ../clib/microlib/printf/printf.c         0x00000000   Number         0  printf6.o ABSOLUTE
    ../clib/microlib/printf/printf.c         0x00000000   Number         0  printf5.o ABSOLUTE
    ../clib/microlib/printf/printf.c         0x00000000   Number         0  printf4.o ABSOLUTE
    ../clib/microlib/printf/printf.c         0x00000000   Number         0  printf3.o ABSOLUTE
    ../clib/microlib/printf/printf.c         0x00000000   Number         0  printf2.o ABSOLUTE
    ../clib/microlib/printf/printf.c         0x00000000   Number         0  printfa.o ABSOLUTE
    ../clib/microlib/printf/printf.c         0x00000000   Number         0  printf1.o ABSOLUTE
    ../clib/microlib/printf/printf.c         0x00000000   Number         0  printf0.o ABSOLUTE
    ../clib/microlib/printf/printf.c         0x00000000   Number         0  printfb.o ABSOLUTE
    ../clib/microlib/printf/printf.c         0x00000000   Number         0  printf8.o ABSOLUTE
    ../clib/microlib/printf/printf.c         0x00000000   Number         0  printf7.o ABSOLUTE
    ../clib/microlib/printf/stubs.s          0x00000000   Number         0  stubs.o ABSOLUTE
    ../clib/microlib/stdio/fputc.c           0x00000000   Number         0  fputc.o ABSOLUTE
    ../clib/microlib/stdio/semi.s            0x00000000   Number         0  semi.o ABSOLUTE
    ../clib/microlib/stdio/streams.c         0x00000000   Number         0  stdout.o ABSOLUTE
    ../clib/microlib/stdlib/bsearch.c        0x00000000   Number         0  bsearch.o ABSOLUTE
    ../clib/microlib/stdlib/rand.c           0x00000000   Number         0  rand.o ABSOLUTE
    ../clib/microlib/string/memcpy.c         0x00000000   Number         0  memcpyb.o ABSOLUTE
    ../clib/microlib/string/memcpy.c         0x00000000   Number         0  memcpya.o ABSOLUTE
    ../clib/microlib/string/memset.c         0x00000000   Number         0  memseta.o ABSOLUTE
    ../clib/microlib/string/strcmp.c         0x00000000   Number         0  strcmp.o ABSOLUTE
    ../clib/microlib/string/strlen.c         0x00000000   Number         0  strlen.o ABSOLUTE
    ../clib/microlib/string/strncasecmp.c    0x00000000   Number         0  strncasecmp.o ABSOLUTE
    ../clib/microlib/stubs.s                 0x00000000   Number         0  iusesemip.o ABSOLUTE
    ../clib/microlib/stubs.s                 0x00000000   Number         0  iusefp.o ABSOLUTE
    ../clib/scanf.c                          0x00000000   Number         0  __0sscanf.o ABSOLUTE
    ../clib/scanf.c                          0x00000000   Number         0  _chval.o ABSOLUTE
    ../clib/scanf.c                          0x00000000   Number         0  _scanf.o ABSOLUTE
    ../clib/scanf.c                          0x00000000   Number         0  _sgetc.o ABSOLUTE
    ../clib/scanf.c                          0x00000000   Number         0  scanf_char.o ABSOLUTE
    ../clib/scanf.c                          0x00000000   Number         0  _scanf_str.o ABSOLUTE
    ../clib/scanf.c                          0x00000000   Number         0  _scanf_int.o ABSOLUTE
    ../fplib/microlib/fpadd.c                0x00000000   Number         0  dadd.o ABSOLUTE
    ../fplib/microlib/fpdiv.c                0x00000000   Number         0  ddiv.o ABSOLUTE
    ../fplib/microlib/fpepilogue.c           0x00000000   Number         0  depilogue.o ABSOLUTE
    ../fplib/microlib/fpfix.c                0x00000000   Number         0  dfixul.o ABSOLUTE
    ../fplib/microlib/fpmul.c                0x00000000   Number         0  dmul.o ABSOLUTE
    ..\Drivers\STM32L4xx_HAL_Driver\Src\stm32l4xx_hal.c 0x00000000   Number         0  stm32l4xx_hal.o ABSOLUTE
    ..\Drivers\STM32L4xx_HAL_Driver\Src\stm32l4xx_hal_adc.c 0x00000000   Number         0  stm32l4xx_hal_adc.o ABSOLUTE
    ..\Drivers\STM32L4xx_HAL_Driver\Src\stm32l4xx_hal_adc_ex.c 0x00000000   Number         0  stm32l4xx_hal_adc_ex.o ABSOLUTE
    ..\Drivers\STM32L4xx_HAL_Driver\Src\stm32l4xx_hal_cortex.c 0x00000000   Number         0  stm32l4xx_hal_cortex.o ABSOLUTE
    ..\Drivers\STM32L4xx_HAL_Driver\Src\stm32l4xx_hal_dma.c 0x00000000   Number         0  stm32l4xx_hal_dma.o ABSOLUTE
    ..\Drivers\STM32L4xx_HAL_Driver\Src\stm32l4xx_hal_dma_ex.c 0x00000000   Number         0  stm32l4xx_hal_dma_ex.o ABSOLUTE
    ..\Drivers\STM32L4xx_HAL_Driver\Src\stm32l4xx_hal_flash.c 0x00000000   Number         0  stm32l4xx_hal_flash.o ABSOLUTE
    ..\Drivers\STM32L4xx_HAL_Driver\Src\stm32l4xx_hal_flash_ex.c 0x00000000   Number         0  stm32l4xx_hal_flash_ex.o ABSOLUTE
    ..\Drivers\STM32L4xx_HAL_Driver\Src\stm32l4xx_hal_flash_ramfunc.c 0x00000000   Number         0  stm32l4xx_hal_flash_ramfunc.o ABSOLUTE
    ..\Drivers\STM32L4xx_HAL_Driver\Src\stm32l4xx_hal_gpio.c 0x00000000   Number         0  stm32l4xx_hal_gpio.o ABSOLUTE
    ..\Drivers\STM32L4xx_HAL_Driver\Src\stm32l4xx_hal_i2c.c 0x00000000   Number         0  stm32l4xx_hal_i2c.o ABSOLUTE
    ..\Drivers\STM32L4xx_HAL_Driver\Src\stm32l4xx_hal_i2c_ex.c 0x00000000   Number         0  stm32l4xx_hal_i2c_ex.o ABSOLUTE
    ..\Drivers\STM32L4xx_HAL_Driver\Src\stm32l4xx_hal_pwr.c 0x00000000   Number         0  stm32l4xx_hal_pwr.o ABSOLUTE
    ..\Drivers\STM32L4xx_HAL_Driver\Src\stm32l4xx_hal_pwr_ex.c 0x00000000   Number         0  stm32l4xx_hal_pwr_ex.o ABSOLUTE
    ..\Drivers\STM32L4xx_HAL_Driver\Src\stm32l4xx_hal_rcc.c 0x00000000   Number         0  stm32l4xx_hal_rcc.o ABSOLUTE
    ..\Drivers\STM32L4xx_HAL_Driver\Src\stm32l4xx_hal_rcc_ex.c 0x00000000   Number         0  stm32l4xx_hal_rcc_ex.o ABSOLUTE
    ..\Drivers\STM32L4xx_HAL_Driver\Src\stm32l4xx_hal_tim.c 0x00000000   Number         0  stm32l4xx_hal_tim.o ABSOLUTE
    ..\Drivers\STM32L4xx_HAL_Driver\Src\stm32l4xx_hal_tim_ex.c 0x00000000   Number         0  stm32l4xx_hal_tim_ex.o ABSOLUTE
    ..\Drivers\STM32L4xx_HAL_Driver\Src\stm32l4xx_hal_uart.c 0x00000000   Number         0  stm32l4xx_hal_uart.o ABSOLUTE
    ..\Drivers\STM32L4xx_HAL_Driver\Src\stm32l4xx_hal_uart_ex.c 0x00000000   Number         0  stm32l4xx_hal_uart_ex.o ABSOLUTE
    ..\Src\adc.c                             0x00000000   Number         0  adc.o ABSOLUTE
    ..\Src\cli.c                             0x00000000   Number         0  cli.o ABSOLUTE
    ..\Src\dma.c                             0x00000000   Number         0  dma.o ABSOLUTE
    ..\Src\ecg.c                             0x00000000   Number         0  ecg.o ABSOLUTE
    ..\Src\gpio.c                            0x00000000   Number         0  gpio.o ABSOLUTE
    ..\Src\i2c.c                             0x00000000   Number         0  i2c.o ABSOLUTE
    ..\Src\img.c                             0x00000000   Number         0  img.o ABSOLUTE
    ..\Src\main.c                            0x00000000   Number         0  main.o ABSOLUTE
    ..\Src\menu.c                            0x00000000   Number         0  menu.o ABSOLUTE
    ..\Src\menuconfig.c                      0x00000000   Number         0  menuconfig.o ABSOLUTE
    ..\Src\oled.c                            0x00000000   Number         0  oled.o ABSOLUTE
    ..\Src\serial.c                          0x00000000   Number         0  serial.o ABSOLUTE
    ..\Src\stm32l4xx_hal_msp.c               0x00000000   Number         0  stm32l4xx_hal_msp.o ABSOLUTE
    ..\Src\stm32l4xx_it.c                    0x00000000   Number         0  stm32l4xx_it.o ABSOLUTE
    ..\Src\ui.c                              0x00000000   Number         0  ui.o ABSOLUTE
    ..\Src\usart.c                           0x00000000   Number         0  usart.o ABSOLUTE
    ..\Src\wifi.c                            0x00000000   Number         0  wifi.o ABSOLUTE
    ..\\Src\\cli.c                           0x00000000   Number         0  cli.o ABSOLUTE
    ..\\Src\\ecg.c                           0x00000000   Number         0  ecg.o ABSOLUTE
    ..\\Src\\img.c                           0x00000000   Number         0  img.o ABSOLUTE
    ..\\Src\\menuconfig.c                    0x00000000   Number         0  menuconfig.o ABSOLUTE
    ..\\Src\\oled.c                          0x00000000   Number         0  oled.o ABSOLUTE
    ..\\Src\\serial.c                        0x00000000   Number         0  serial.o ABSOLUTE
    ..\\Src\\ui.c                            0x00000000   Number         0  ui.o ABSOLUTE
    ..\\Src\\wifi.c                          0x00000000   Number         0  wifi.o ABSOLUTE
    ..\\Src\system_stm32l4xx.c               0x00000000   Number         0  system_stm32l4xx.o ABSOLUTE
    cdrcmple.s                               0x00000000   Number         0  cdrcmple.o ABSOLUTE
    dc.s                                     0x00000000   Number         0  dc.o ABSOLUTE
    handlers.s                               0x00000000   Number         0  handlers.o ABSOLUTE
    init.s                                   0x00000000   Number         0  init.o ABSOLUTE
    startup_stm32l496xx.s                    0x00000000   Number         0  startup_stm32l496xx.o ABSOLUTE
    RESET                                    0x08000000   Section      428  startup_stm32l496xx.o(RESET)
    .ARM.Collect$$$$00000000                 0x080001ac   Section        0  entry.o(.ARM.Collect$$$$00000000)
    .ARM.Collect$$$$00000001                 0x080001ac   Section        4  entry2.o(.ARM.Collect$$$$00000001)
    .ARM.Collect$$$$00000004                 0x080001b0   Section        4  entry5.o(.ARM.Collect$$$$00000004)
    .ARM.Collect$$$$00000008                 0x080001b4   Section        0  entry7b.o(.ARM.Collect$$$$00000008)
    .ARM.Collect$$$$0000000A                 0x080001b4   Section        0  entry8b.o(.ARM.Collect$$$$0000000A)
    .ARM.Collect$$$$0000000B                 0x080001b4   Section        8  entry9a.o(.ARM.Collect$$$$0000000B)
    .ARM.Collect$$$$0000000D                 0x080001bc   Section        0  entry10a.o(.ARM.Collect$$$$0000000D)
    .ARM.Collect$$$$0000000F                 0x080001bc   Section        0  entry11a.o(.ARM.Collect$$$$0000000F)
    .ARM.Collect$$$$00002712                 0x080001bc   Section        4  entry2.o(.ARM.Collect$$$$00002712)
    __lit__00000000                          0x080001bc   Data           4  entry2.o(.ARM.Collect$$$$00002712)
    .text                                    0x080001c0   Section       36  startup_stm32l496xx.o(.text)
    $v0                                      0x080001c0   Number         0  startup_stm32l496xx.o(.text)
    .text                                    0x080001e4   Section        0  uldiv.o(.text)
    .text                                    0x0800024c   Section        0  memcpya.o(.text)
    .text                                    0x08000270   Section        0  uidiv.o(.text)
    .text                                    0x0800029c   Section        0  llshl.o(.text)
    .text                                    0x080002ba   Section        0  llushr.o(.text)
    .text                                    0x080002dc   Section       36  init.o(.text)
    i.ADC_DMAConvCplt                        0x08000300   Section        0  stm32l4xx_hal_adc.o(i.ADC_DMAConvCplt)
    i.ADC_DMAError                           0x08000368   Section        0  stm32l4xx_hal_adc.o(i.ADC_DMAError)
    i.ADC_DMAHalfConvCplt                    0x08000382   Section        0  stm32l4xx_hal_adc.o(i.ADC_DMAHalfConvCplt)
    i.ADC_Disable                            0x0800038c   Section        0  stm32l4xx_hal_adc.o(i.ADC_Disable)
    i.ADC_Enable                             0x080003f4   Section        0  stm32l4xx_hal_adc.o(i.ADC_Enable)
    i.BusFault_Handler                       0x0800045c   Section        0  stm32l4xx_it.o(i.BusFault_Handler)
    i.DMA1_Channel1_IRQHandler               0x08000460   Section        0  stm32l4xx_it.o(i.DMA1_Channel1_IRQHandler)
    i.DMA1_Channel2_IRQHandler               0x0800046c   Section        0  stm32l4xx_it.o(i.DMA1_Channel2_IRQHandler)
    i.DMA_SetConfig                          0x08000478   Section        0  stm32l4xx_hal_dma.o(i.DMA_SetConfig)
    DMA_SetConfig                            0x08000479   Thumb Code    46  stm32l4xx_hal_dma.o(i.DMA_SetConfig)
    i.DebugMon_Handler                       0x080004a6   Section        0  stm32l4xx_it.o(i.DebugMon_Handler)
    i.ECG_GetValue                           0x080004a8   Section        0  ecg.o(i.ECG_GetValue)
    i.HAL_ADCEx_Calibration_Start            0x080004bc   Section        0  stm32l4xx_hal_adc_ex.o(i.HAL_ADCEx_Calibration_Start)
    i.HAL_ADCEx_MultiModeConfigChannel       0x0800054c   Section        0  stm32l4xx_hal_adc_ex.o(i.HAL_ADCEx_MultiModeConfigChannel)
    i.HAL_ADC_ConfigChannel                  0x0800063c   Section        0  stm32l4xx_hal_adc.o(i.HAL_ADC_ConfigChannel)
    i.HAL_ADC_ConvCpltCallback               0x08000a5c   Section        0  ecg.o(i.HAL_ADC_ConvCpltCallback)
    i.HAL_ADC_ConvHalfCpltCallback           0x08000a6c   Section        0  stm32l4xx_hal_adc.o(i.HAL_ADC_ConvHalfCpltCallback)
    i.HAL_ADC_ErrorCallback                  0x08000a6e   Section        0  stm32l4xx_hal_adc.o(i.HAL_ADC_ErrorCallback)
    i.HAL_ADC_Init                           0x08000a70   Section        0  stm32l4xx_hal_adc.o(i.HAL_ADC_Init)
    i.HAL_ADC_MspInit                        0x08000c3c   Section        0  adc.o(i.HAL_ADC_MspInit)
    i.HAL_ADC_Start_DMA                      0x08000d3c   Section        0  stm32l4xx_hal_adc.o(i.HAL_ADC_Start_DMA)
    i.HAL_DMA_Abort_IT                       0x08000e2c   Section        0  stm32l4xx_hal_dma.o(i.HAL_DMA_Abort_IT)
    i.HAL_DMA_IRQHandler                     0x08000e7a   Section        0  stm32l4xx_hal_dma.o(i.HAL_DMA_IRQHandler)
    i.HAL_DMA_Init                           0x08000f34   Section        0  stm32l4xx_hal_dma.o(i.HAL_DMA_Init)
    i.HAL_DMA_Start_IT                       0x08000ff4   Section        0  stm32l4xx_hal_dma.o(i.HAL_DMA_Start_IT)
    i.HAL_Delay                              0x08001064   Section        0  stm32l4xx_hal.o(i.HAL_Delay)
    i.HAL_GPIO_Init                          0x08001088   Section        0  stm32l4xx_hal_gpio.o(i.HAL_GPIO_Init)
    i.HAL_GPIO_WritePin                      0x08001246   Section        0  stm32l4xx_hal_gpio.o(i.HAL_GPIO_WritePin)
    i.HAL_GetTick                            0x08001250   Section        0  stm32l4xx_hal.o(i.HAL_GetTick)
    i.HAL_I2CEx_ConfigAnalogFilter           0x0800125c   Section        0  stm32l4xx_hal_i2c_ex.o(i.HAL_I2CEx_ConfigAnalogFilter)
    i.HAL_I2CEx_ConfigDigitalFilter          0x080012b2   Section        0  stm32l4xx_hal_i2c_ex.o(i.HAL_I2CEx_ConfigDigitalFilter)
    i.HAL_I2CEx_EnableFastModePlus           0x08001304   Section        0  stm32l4xx_hal_i2c_ex.o(i.HAL_I2CEx_EnableFastModePlus)
    i.HAL_I2C_Init                           0x0800132c   Section        0  stm32l4xx_hal_i2c.o(i.HAL_I2C_Init)
    i.HAL_I2C_MspInit                        0x080013e4   Section        0  i2c.o(i.HAL_I2C_MspInit)
    i.HAL_IncTick                            0x0800142c   Section        0  stm32l4xx_hal.o(i.HAL_IncTick)
    i.HAL_Init                               0x0800143c   Section        0  stm32l4xx_hal.o(i.HAL_Init)
    i.HAL_InitTick                           0x0800145c   Section        0  stm32l4xx_hal.o(i.HAL_InitTick)
    i.HAL_MspInit                            0x080014a0   Section        0  stm32l4xx_hal_msp.o(i.HAL_MspInit)
    i.HAL_NVIC_EnableIRQ                     0x08001520   Section        0  stm32l4xx_hal_cortex.o(i.HAL_NVIC_EnableIRQ)
    i.HAL_NVIC_SetPriority                   0x0800153c   Section        0  stm32l4xx_hal_cortex.o(i.HAL_NVIC_SetPriority)
    i.HAL_NVIC_SetPriorityGrouping           0x0800157c   Section        0  stm32l4xx_hal_cortex.o(i.HAL_NVIC_SetPriorityGrouping)
    i.HAL_PWREx_ControlVoltageScaling        0x080015a0   Section        0  stm32l4xx_hal_pwr_ex.o(i.HAL_PWREx_ControlVoltageScaling)
    i.HAL_PWREx_EnableVddIO2                 0x08001608   Section        0  stm32l4xx_hal_pwr_ex.o(i.HAL_PWREx_EnableVddIO2)
    i.HAL_PWREx_GetVoltageRange              0x08001618   Section        0  stm32l4xx_hal_pwr_ex.o(i.HAL_PWREx_GetVoltageRange)
    i.HAL_RCCEx_PeriphCLKConfig              0x08001628   Section        0  stm32l4xx_hal_rcc_ex.o(i.HAL_RCCEx_PeriphCLKConfig)
    i.HAL_RCC_ClockConfig                    0x080019f4   Section        0  stm32l4xx_hal_rcc.o(i.HAL_RCC_ClockConfig)
    i.HAL_RCC_GetHCLKFreq                    0x08001b14   Section        0  stm32l4xx_hal_rcc.o(i.HAL_RCC_GetHCLKFreq)
    i.HAL_RCC_GetPCLK1Freq                   0x08001b20   Section        0  stm32l4xx_hal_rcc.o(i.HAL_RCC_GetPCLK1Freq)
    i.HAL_RCC_GetPCLK2Freq                   0x08001b44   Section        0  stm32l4xx_hal_rcc.o(i.HAL_RCC_GetPCLK2Freq)
    i.HAL_RCC_GetSysClockFreq                0x08001b68   Section        0  stm32l4xx_hal_rcc.o(i.HAL_RCC_GetSysClockFreq)
    i.HAL_RCC_OscConfig                      0x08001c0c   Section        0  stm32l4xx_hal_rcc.o(i.HAL_RCC_OscConfig)
    i.HAL_SYSTICK_CLKSourceConfig            0x08002134   Section        0  stm32l4xx_hal_cortex.o(i.HAL_SYSTICK_CLKSourceConfig)
    i.HAL_SYSTICK_Callback                   0x0800214c   Section        0  stm32l4xx_hal_cortex.o(i.HAL_SYSTICK_Callback)
    i.HAL_SYSTICK_Config                     0x0800214e   Section        0  stm32l4xx_hal_cortex.o(i.HAL_SYSTICK_Config)
    i.HAL_SYSTICK_IRQHandler                 0x08002176   Section        0  stm32l4xx_hal_cortex.o(i.HAL_SYSTICK_IRQHandler)
    i.HAL_UARTEx_WakeupCallback              0x0800217e   Section        0  stm32l4xx_hal_uart_ex.o(i.HAL_UARTEx_WakeupCallback)
    i.HAL_UART_ErrorCallback                 0x08002180   Section        0  stm32l4xx_hal_uart.o(i.HAL_UART_ErrorCallback)
    i.HAL_UART_IRQHandler                    0x08002184   Section        0  stm32l4xx_hal_uart.o(i.HAL_UART_IRQHandler)
    i.HAL_UART_Init                          0x080022c8   Section        0  stm32l4xx_hal_uart.o(i.HAL_UART_Init)
    i.HAL_UART_MspInit                       0x08002330   Section        0  usart.o(i.HAL_UART_MspInit)
    i.HAL_UART_Receive_IT                    0x080023cc   Section        0  stm32l4xx_hal_uart.o(i.HAL_UART_Receive_IT)
    i.HAL_UART_RxCpltCallback                0x0800246c   Section        0  serial.o(i.HAL_UART_RxCpltCallback)
    i.HAL_UART_Transmit                      0x08002500   Section        0  stm32l4xx_hal_uart.o(i.HAL_UART_Transmit)
    i.HAL_UART_TxCpltCallback                0x080025b4   Section        0  stm32l4xx_hal_uart.o(i.HAL_UART_TxCpltCallback)
    i.HardFault_Handler                      0x080025b6   Section        0  stm32l4xx_it.o(i.HardFault_Handler)
    i.LL_ADC_GetOffsetChannel                0x080025b8   Section        0  stm32l4xx_hal_adc.o(i.LL_ADC_GetOffsetChannel)
    LL_ADC_GetOffsetChannel                  0x080025b9   Thumb Code    12  stm32l4xx_hal_adc.o(i.LL_ADC_GetOffsetChannel)
    i.LL_ADC_INJ_IsConversionOngoing         0x080025c4   Section        0  stm32l4xx_hal_adc.o(i.LL_ADC_INJ_IsConversionOngoing)
    LL_ADC_INJ_IsConversionOngoing           0x080025c5   Thumb Code     8  stm32l4xx_hal_adc.o(i.LL_ADC_INJ_IsConversionOngoing)
    i.LL_ADC_REG_IsConversionOngoing         0x080025cc   Section        0  stm32l4xx_hal_adc.o(i.LL_ADC_REG_IsConversionOngoing)
    LL_ADC_REG_IsConversionOngoing           0x080025cd   Thumb Code     8  stm32l4xx_hal_adc.o(i.LL_ADC_REG_IsConversionOngoing)
    i.LL_ADC_REG_IsConversionOngoing         0x080025d4   Section        0  stm32l4xx_hal_adc_ex.o(i.LL_ADC_REG_IsConversionOngoing)
    LL_ADC_REG_IsConversionOngoing           0x080025d5   Thumb Code     8  stm32l4xx_hal_adc_ex.o(i.LL_ADC_REG_IsConversionOngoing)
    i.LL_ADC_REG_IsTriggerSourceSWStart      0x080025dc   Section        0  stm32l4xx_hal_adc.o(i.LL_ADC_REG_IsTriggerSourceSWStart)
    LL_ADC_REG_IsTriggerSourceSWStart        0x080025dd   Thumb Code    16  stm32l4xx_hal_adc.o(i.LL_ADC_REG_IsTriggerSourceSWStart)
    i.LL_ADC_SetChannelSamplingTime          0x080025ec   Section        0  stm32l4xx_hal_adc.o(i.LL_ADC_SetChannelSamplingTime)
    LL_ADC_SetChannelSamplingTime            0x080025ed   Thumb Code    30  stm32l4xx_hal_adc.o(i.LL_ADC_SetChannelSamplingTime)
    i.LL_ADC_SetOffsetState                  0x0800260a   Section        0  stm32l4xx_hal_adc.o(i.LL_ADC_SetOffsetState)
    LL_ADC_SetOffsetState                    0x0800260b   Thumb Code    16  stm32l4xx_hal_adc.o(i.LL_ADC_SetOffsetState)
    i.LPUART1_IRQHandler                     0x0800261c   Section        0  stm32l4xx_it.o(i.LPUART1_IRQHandler)
    i.MX_ADC1_Init                           0x08002628   Section        0  adc.o(i.MX_ADC1_Init)
    i.MX_ADC2_Init                           0x080026c4   Section        0  adc.o(i.MX_ADC2_Init)
    i.MX_DMA_Init                            0x08002770   Section        0  dma.o(i.MX_DMA_Init)
    i.MX_GPIO_Init                           0x080027ac   Section        0  gpio.o(i.MX_GPIO_Init)
    i.MX_I2C2_Init                           0x08002858   Section        0  i2c.o(i.MX_I2C2_Init)
    i.MX_LPUART1_UART_Init                   0x080028d0   Section        0  usart.o(i.MX_LPUART1_UART_Init)
    i.MX_USART2_UART_Init                    0x08002920   Section        0  usart.o(i.MX_USART2_UART_Init)
    i.MemManage_Handler                      0x08002974   Section        0  stm32l4xx_it.o(i.MemManage_Handler)
    i.NMI_Handler                            0x08002976   Section        0  stm32l4xx_it.o(i.NMI_Handler)
    i.PendSV_Handler                         0x08002978   Section        0  stm32l4xx_it.o(i.PendSV_Handler)
    i.RCCEx_PLLSAI1_Config                   0x0800297c   Section        0  stm32l4xx_hal_rcc_ex.o(i.RCCEx_PLLSAI1_Config)
    RCCEx_PLLSAI1_Config                     0x0800297d   Thumb Code   278  stm32l4xx_hal_rcc_ex.o(i.RCCEx_PLLSAI1_Config)
    i.RCCEx_PLLSAI2_Config                   0x08002aa8   Section        0  stm32l4xx_hal_rcc_ex.o(i.RCCEx_PLLSAI2_Config)
    RCCEx_PLLSAI2_Config                     0x08002aa9   Thumb Code   250  stm32l4xx_hal_rcc_ex.o(i.RCCEx_PLLSAI2_Config)
    i.RCC_SetFlashLatencyFromMSIRange        0x08002bb0   Section        0  stm32l4xx_hal_rcc.o(i.RCC_SetFlashLatencyFromMSIRange)
    RCC_SetFlashLatencyFromMSIRange          0x08002bb1   Thumb Code   116  stm32l4xx_hal_rcc.o(i.RCC_SetFlashLatencyFromMSIRange)
    i.SVC_Handler                            0x08002c2c   Section        0  stm32l4xx_it.o(i.SVC_Handler)
    i.Serial_SendChar                        0x08002c2e   Section        0  serial.o(i.Serial_SendChar)
    i.Serial_SendNum                         0x08002c44   Section        0  serial.o(i.Serial_SendNum)
    i.Serial_SendString                      0x08002cb8   Section        0  serial.o(i.Serial_SendString)
    i.SysTick_Handler                        0x08002d2e   Section        0  stm32l4xx_it.o(i.SysTick_Handler)
    i.SystemClock_Config                     0x08002d3c   Section        0  main.o(i.SystemClock_Config)
    i.SystemInit                             0x08002ddc   Section        0  system_stm32l4xx.o(i.SystemInit)
    i.UART_AdvFeatureConfig                  0x08002e20   Section        0  stm32l4xx_hal_uart.o(i.UART_AdvFeatureConfig)
    i.UART_CheckIdleState                    0x08002ee8   Section        0  stm32l4xx_hal_uart.o(i.UART_CheckIdleState)
    i.UART_DMAAbortOnError                   0x08002f40   Section        0  stm32l4xx_hal_uart.o(i.UART_DMAAbortOnError)
    UART_DMAAbortOnError                     0x08002f41   Thumb Code    20  stm32l4xx_hal_uart.o(i.UART_DMAAbortOnError)
    i.UART_EndRxTransfer                     0x08002f54   Section        0  stm32l4xx_hal_uart.o(i.UART_EndRxTransfer)
    UART_EndRxTransfer                       0x08002f55   Thumb Code    30  stm32l4xx_hal_uart.o(i.UART_EndRxTransfer)
    i.UART_RxISR_16BIT                       0x08002f72   Section        0  stm32l4xx_hal_uart.o(i.UART_RxISR_16BIT)
    UART_RxISR_16BIT                         0x08002f73   Thumb Code    90  stm32l4xx_hal_uart.o(i.UART_RxISR_16BIT)
    i.UART_RxISR_8BIT                        0x08002fcc   Section        0  stm32l4xx_hal_uart.o(i.UART_RxISR_8BIT)
    UART_RxISR_8BIT                          0x08002fcd   Thumb Code    90  stm32l4xx_hal_uart.o(i.UART_RxISR_8BIT)
    i.UART_SetConfig                         0x08003028   Section        0  stm32l4xx_hal_uart.o(i.UART_SetConfig)
    i.UART_WaitOnFlagUntilTimeout            0x080032c8   Section        0  stm32l4xx_hal_uart.o(i.UART_WaitOnFlagUntilTimeout)
    i.USART2_IRQHandler                      0x08003328   Section        0  stm32l4xx_it.o(i.USART2_IRQHandler)
    i.UsageFault_Handler                     0x08003334   Section        0  stm32l4xx_it.o(i.UsageFault_Handler)
    i._Error_Handler                         0x08003336   Section        0  main.o(i._Error_Handler)
    i.__0sprintf$3                           0x08003338   Section        0  printf3.o(i.__0sprintf$3)
    i.__NVIC_SetPriority                     0x08003360   Section        0  stm32l4xx_hal_cortex.o(i.__NVIC_SetPriority)
    __NVIC_SetPriority                       0x08003361   Thumb Code    32  stm32l4xx_hal_cortex.o(i.__NVIC_SetPriority)
    i.__scatterload_copy                     0x08003380   Section       14  handlers.o(i.__scatterload_copy)
    i.__scatterload_null                     0x0800338e   Section        2  handlers.o(i.__scatterload_null)
    i.__scatterload_zeroinit                 0x08003390   Section       14  handlers.o(i.__scatterload_zeroinit)
    i._printf_core                           0x080033a0   Section        0  printf3.o(i._printf_core)
    _printf_core                             0x080033a1   Thumb Code   436  printf3.o(i._printf_core)
    i._sputc                                 0x0800355e   Section        0  printf3.o(i._sputc)
    _sputc                                   0x0800355f   Thumb Code    10  printf3.o(i._sputc)
    i.main                                   0x08003568   Section        0  main.o(i.main)
    .constdata                               0x0800364c   Section       64  system_stm32l4xx.o(.constdata)
    .constdata                               0x0800368c   Section        8  system_stm32l4xx.o(.constdata)
    .data                                    0x20000000   Section       12  stm32l4xx_hal.o(.data)
    .data                                    0x2000000c   Section        4  system_stm32l4xx.o(.data)
    .data                                    0x20000010   Section        4  adc.o(.data)
    HAL_RCC_ADC_CLK_ENABLED                  0x20000010   Data           4  adc.o(.data)
    .data                                    0x20000014   Section        4  ecg.o(.data)
    .bss                                     0x20000018   Section       76  i2c.o(.bss)
    .bss                                     0x20000064   Section      352  adc.o(.bss)
    .bss                                     0x200001c4   Section      256  usart.o(.bss)
    .bss                                     0x200002c4   Section      410  serial.o(.bss)
    .bss                                     0x2000045e   Section       60  ecg.o(.bss)
    STACK                                    0x200004a0   Section     1024  startup_stm32l496xx.o(STACK)

    Global Symbols

    Symbol Name                              Value     Ov Type        Size  Object(Section)

    BuildAttributes$$THM_ISAv4$E$P$D$K$B$S$7EM$VFPi3$EXTD16$VFPS$VFMA$PE$A:L22UL41UL21$X:L11$S22US41US21$IEEE1$IW$USESV6$~STKCKD$USESV7$~SHL$OSPACE$ROPI$EBA8$MICROLIB$REQ8$PRES8$EABIv2 0x00000000   Number         0  anon$$obj.o ABSOLUTE
    __ARM_use_no_argv                        0x00000000   Number         0  main.o ABSOLUTE
    _printf_a                                0x00000000   Number         0  stubs.o ABSOLUTE
    _printf_c                                0x00000000   Number         0  stubs.o ABSOLUTE
    _printf_charcount                        0x00000000   Number         0  stubs.o ABSOLUTE
    _printf_d                                0x00000000   Number         0  stubs.o ABSOLUTE
    _printf_e                                0x00000000   Number         0  stubs.o ABSOLUTE
    _printf_f                                0x00000000   Number         0  stubs.o ABSOLUTE
    _printf_flags                            0x00000000   Number         0  stubs.o ABSOLUTE
    _printf_fp_dec                           0x00000000   Number         0  stubs.o ABSOLUTE
    _printf_fp_hex                           0x00000000   Number         0  stubs.o ABSOLUTE
    _printf_g                                0x00000000   Number         0  stubs.o ABSOLUTE
    _printf_i                                0x00000000   Number         0  stubs.o ABSOLUTE
    _printf_int_dec                          0x00000000   Number         0  stubs.o ABSOLUTE
    _printf_l                                0x00000000   Number         0  stubs.o ABSOLUTE
    _printf_lc                               0x00000000   Number         0  stubs.o ABSOLUTE
    _printf_ll                               0x00000000   Number         0  stubs.o ABSOLUTE
    _printf_lld                              0x00000000   Number         0  stubs.o ABSOLUTE
    _printf_lli                              0x00000000   Number         0  stubs.o ABSOLUTE
    _printf_llo                              0x00000000   Number         0  stubs.o ABSOLUTE
    _printf_llu                              0x00000000   Number         0  stubs.o ABSOLUTE
    _printf_llx                              0x00000000   Number         0  stubs.o ABSOLUTE
    _printf_longlong_dec                     0x00000000   Number         0  stubs.o ABSOLUTE
    _printf_longlong_hex                     0x00000000   Number         0  stubs.o ABSOLUTE
    _printf_longlong_oct                     0x00000000   Number         0  stubs.o ABSOLUTE
    _printf_ls                               0x00000000   Number         0  stubs.o ABSOLUTE
    _printf_mbtowc                           0x00000000   Number         0  stubs.o ABSOLUTE
    _printf_n                                0x00000000   Number         0  stubs.o ABSOLUTE
    _printf_o                                0x00000000   Number         0  stubs.o ABSOLUTE
    _printf_p                                0x00000000   Number         0  stubs.o ABSOLUTE
    _printf_percent                          0x00000000   Number         0  stubs.o ABSOLUTE
    _printf_pre_padding                      0x00000000   Number         0  stubs.o ABSOLUTE
    _printf_return_value                     0x00000000   Number         0  stubs.o ABSOLUTE
    _printf_s                                0x00000000   Number         0  stubs.o ABSOLUTE
    _printf_sizespec                         0x00000000   Number         0  stubs.o ABSOLUTE
    _printf_str                              0x00000000   Number         0  stubs.o ABSOLUTE
    _printf_truncate_signed                  0x00000000   Number         0  stubs.o ABSOLUTE
    _printf_truncate_unsigned                0x00000000   Number         0  stubs.o ABSOLUTE
    _printf_u                                0x00000000   Number         0  stubs.o ABSOLUTE
    _printf_wc                               0x00000000   Number         0  stubs.o ABSOLUTE
    _printf_wctomb                           0x00000000   Number         0  stubs.o ABSOLUTE
    _printf_widthprec                        0x00000000   Number         0  stubs.o ABSOLUTE
    _printf_x                                0x00000000   Number         0  stubs.o ABSOLUTE
    __cpp_initialize__aeabi_                  - Undefined Weak Reference
    __cxa_finalize                            - Undefined Weak Reference
    __decompress                              - Undefined Weak Reference
    _clock_init                               - Undefined Weak Reference
    _microlib_exit                            - Undefined Weak Reference
    _scanf_longlong                           - Undefined Weak Reference
    _scanf_real                               - Undefined Weak Reference
    __Vectors_Size                           0x000001ac   Number         0  startup_stm32l496xx.o ABSOLUTE
    __Vectors                                0x08000000   Data           4  startup_stm32l496xx.o(RESET)
    __Vectors_End                            0x080001ac   Data           0  startup_stm32l496xx.o(RESET)
    __main                                   0x080001ad   Thumb Code     0  entry.o(.ARM.Collect$$$$00000000)
    _main_stk                                0x080001ad   Thumb Code     0  entry2.o(.ARM.Collect$$$$00000001)
    _main_scatterload                        0x080001b1   Thumb Code     0  entry5.o(.ARM.Collect$$$$00000004)
    __main_after_scatterload                 0x080001b5   Thumb Code     0  entry5.o(.ARM.Collect$$$$00000004)
    _main_clock                              0x080001b5   Thumb Code     0  entry7b.o(.ARM.Collect$$$$00000008)
    _main_cpp_init                           0x080001b5   Thumb Code     0  entry8b.o(.ARM.Collect$$$$0000000A)
    _main_init                               0x080001b5   Thumb Code     0  entry9a.o(.ARM.Collect$$$$0000000B)
    __rt_final_cpp                           0x080001bd   Thumb Code     0  entry10a.o(.ARM.Collect$$$$0000000D)
    __rt_final_exit                          0x080001bd   Thumb Code     0  entry11a.o(.ARM.Collect$$$$0000000F)
    Reset_Handler                            0x080001c1   Thumb Code     8  startup_stm32l496xx.o(.text)
    ADC1_2_IRQHandler                        0x080001db   Thumb Code     0  startup_stm32l496xx.o(.text)
    ADC3_IRQHandler                          0x080001db   Thumb Code     0  startup_stm32l496xx.o(.text)
    CAN1_RX0_IRQHandler                      0x080001db   Thumb Code     0  startup_stm32l496xx.o(.text)
    CAN1_RX1_IRQHandler                      0x080001db   Thumb Code     0  startup_stm32l496xx.o(.text)
    CAN1_SCE_IRQHandler                      0x080001db   Thumb Code     0  startup_stm32l496xx.o(.text)
    CAN1_TX_IRQHandler                       0x080001db   Thumb Code     0  startup_stm32l496xx.o(.text)
    CAN2_RX0_IRQHandler                      0x080001db   Thumb Code     0  startup_stm32l496xx.o(.text)
    CAN2_RX1_IRQHandler                      0x080001db   Thumb Code     0  startup_stm32l496xx.o(.text)
    CAN2_SCE_IRQHandler                      0x080001db   Thumb Code     0  startup_stm32l496xx.o(.text)
    CAN2_TX_IRQHandler                       0x080001db   Thumb Code     0  startup_stm32l496xx.o(.text)
    COMP_IRQHandler                          0x080001db   Thumb Code     0  startup_stm32l496xx.o(.text)
    CRS_IRQHandler                           0x080001db   Thumb Code     0  startup_stm32l496xx.o(.text)
    DCMI_IRQHandler                          0x080001db   Thumb Code     0  startup_stm32l496xx.o(.text)
    DFSDM1_FLT0_IRQHandler                   0x080001db   Thumb Code     0  startup_stm32l496xx.o(.text)
    DFSDM1_FLT1_IRQHandler                   0x080001db   Thumb Code     0  startup_stm32l496xx.o(.text)
    DFSDM1_FLT2_IRQHandler                   0x080001db   Thumb Code     0  startup_stm32l496xx.o(.text)
    DFSDM1_FLT3_IRQHandler                   0x080001db   Thumb Code     0  startup_stm32l496xx.o(.text)
    DMA1_Channel3_IRQHandler                 0x080001db   Thumb Code     0  startup_stm32l496xx.o(.text)
    DMA1_Channel4_IRQHandler                 0x080001db   Thumb Code     0  startup_stm32l496xx.o(.text)
    DMA1_Channel5_IRQHandler                 0x080001db   Thumb Code     0  startup_stm32l496xx.o(.text)
    DMA1_Channel6_IRQHandler                 0x080001db   Thumb Code     0  startup_stm32l496xx.o(.text)
    DMA1_Channel7_IRQHandler                 0x080001db   Thumb Code     0  startup_stm32l496xx.o(.text)
    DMA2D_IRQHandler                         0x080001db   Thumb Code     0  startup_stm32l496xx.o(.text)
    DMA2_Channel1_IRQHandler                 0x080001db   Thumb Code     0  startup_stm32l496xx.o(.text)
    DMA2_Channel2_IRQHandler                 0x080001db   Thumb Code     0  startup_stm32l496xx.o(.text)
    DMA2_Channel3_IRQHandler                 0x080001db   Thumb Code     0  startup_stm32l496xx.o(.text)
    DMA2_Channel4_IRQHandler                 0x080001db   Thumb Code     0  startup_stm32l496xx.o(.text)
    DMA2_Channel5_IRQHandler                 0x080001db   Thumb Code     0  startup_stm32l496xx.o(.text)
    DMA2_Channel6_IRQHandler                 0x080001db   Thumb Code     0  startup_stm32l496xx.o(.text)
    DMA2_Channel7_IRQHandler                 0x080001db   Thumb Code     0  startup_stm32l496xx.o(.text)
    EXTI0_IRQHandler                         0x080001db   Thumb Code     0  startup_stm32l496xx.o(.text)
    EXTI15_10_IRQHandler                     0x080001db   Thumb Code     0  startup_stm32l496xx.o(.text)
    EXTI1_IRQHandler                         0x080001db   Thumb Code     0  startup_stm32l496xx.o(.text)
    EXTI2_IRQHandler                         0x080001db   Thumb Code     0  startup_stm32l496xx.o(.text)
    EXTI3_IRQHandler                         0x080001db   Thumb Code     0  startup_stm32l496xx.o(.text)
    EXTI4_IRQHandler                         0x080001db   Thumb Code     0  startup_stm32l496xx.o(.text)
    EXTI9_5_IRQHandler                       0x080001db   Thumb Code     0  startup_stm32l496xx.o(.text)
    FLASH_IRQHandler                         0x080001db   Thumb Code     0  startup_stm32l496xx.o(.text)
    FMC_IRQHandler                           0x080001db   Thumb Code     0  startup_stm32l496xx.o(.text)
    FPU_IRQHandler                           0x080001db   Thumb Code     0  startup_stm32l496xx.o(.text)
    I2C1_ER_IRQHandler                       0x080001db   Thumb Code     0  startup_stm32l496xx.o(.text)
    I2C1_EV_IRQHandler                       0x080001db   Thumb Code     0  startup_stm32l496xx.o(.text)
    I2C2_ER_IRQHandler                       0x080001db   Thumb Code     0  startup_stm32l496xx.o(.text)
    I2C2_EV_IRQHandler                       0x080001db   Thumb Code     0  startup_stm32l496xx.o(.text)
    I2C3_ER_IRQHandler                       0x080001db   Thumb Code     0  startup_stm32l496xx.o(.text)
    I2C3_EV_IRQHandler                       0x080001db   Thumb Code     0  startup_stm32l496xx.o(.text)
    I2C4_ER_IRQHandler                       0x080001db   Thumb Code     0  startup_stm32l496xx.o(.text)
    I2C4_EV_IRQHandler                       0x080001db   Thumb Code     0  startup_stm32l496xx.o(.text)
    LCD_IRQHandler                           0x080001db   Thumb Code     0  startup_stm32l496xx.o(.text)
    LPTIM1_IRQHandler                        0x080001db   Thumb Code     0  startup_stm32l496xx.o(.text)
    LPTIM2_IRQHandler                        0x080001db   Thumb Code     0  startup_stm32l496xx.o(.text)
    OTG_FS_IRQHandler                        0x080001db   Thumb Code     0  startup_stm32l496xx.o(.text)
    PVD_PVM_IRQHandler                       0x080001db   Thumb Code     0  startup_stm32l496xx.o(.text)
    QUADSPI_IRQHandler                       0x080001db   Thumb Code     0  startup_stm32l496xx.o(.text)
    RCC_IRQHandler                           0x080001db   Thumb Code     0  startup_stm32l496xx.o(.text)
    RNG_IRQHandler                           0x080001db   Thumb Code     0  startup_stm32l496xx.o(.text)
    RTC_Alarm_IRQHandler                     0x080001db   Thumb Code     0  startup_stm32l496xx.o(.text)
    RTC_WKUP_IRQHandler                      0x080001db   Thumb Code     0  startup_stm32l496xx.o(.text)
    SAI1_IRQHandler                          0x080001db   Thumb Code     0  startup_stm32l496xx.o(.text)
    SAI2_IRQHandler                          0x080001db   Thumb Code     0  startup_stm32l496xx.o(.text)
    SDMMC1_IRQHandler                        0x080001db   Thumb Code     0  startup_stm32l496xx.o(.text)
    SPI1_IRQHandler                          0x080001db   Thumb Code     0  startup_stm32l496xx.o(.text)
    SPI2_IRQHandler                          0x080001db   Thumb Code     0  startup_stm32l496xx.o(.text)
    SPI3_IRQHandler                          0x080001db   Thumb Code     0  startup_stm32l496xx.o(.text)
    SWPMI1_IRQHandler                        0x080001db   Thumb Code     0  startup_stm32l496xx.o(.text)
    TAMP_STAMP_IRQHandler                    0x080001db   Thumb Code     0  startup_stm32l496xx.o(.text)
    TIM1_BRK_TIM15_IRQHandler                0x080001db   Thumb Code     0  startup_stm32l496xx.o(.text)
    TIM1_CC_IRQHandler                       0x080001db   Thumb Code     0  startup_stm32l496xx.o(.text)
    TIM1_TRG_COM_TIM17_IRQHandler            0x080001db   Thumb Code     0  startup_stm32l496xx.o(.text)
    TIM1_UP_TIM16_IRQHandler                 0x080001db   Thumb Code     0  startup_stm32l496xx.o(.text)
    TIM2_IRQHandler                          0x080001db   Thumb Code     0  startup_stm32l496xx.o(.text)
    TIM3_IRQHandler                          0x080001db   Thumb Code     0  startup_stm32l496xx.o(.text)
    TIM4_IRQHandler                          0x080001db   Thumb Code     0  startup_stm32l496xx.o(.text)
    TIM5_IRQHandler                          0x080001db   Thumb Code     0  startup_stm32l496xx.o(.text)
    TIM6_DAC_IRQHandler                      0x080001db   Thumb Code     0  startup_stm32l496xx.o(.text)
    TIM7_IRQHandler                          0x080001db   Thumb Code     0  startup_stm32l496xx.o(.text)
    TIM8_BRK_IRQHandler                      0x080001db   Thumb Code     0  startup_stm32l496xx.o(.text)
    TIM8_CC_IRQHandler                       0x080001db   Thumb Code     0  startup_stm32l496xx.o(.text)
    TIM8_TRG_COM_IRQHandler                  0x080001db   Thumb Code     0  startup_stm32l496xx.o(.text)
    TIM8_UP_IRQHandler                       0x080001db   Thumb Code     0  startup_stm32l496xx.o(.text)
    TSC_IRQHandler                           0x080001db   Thumb Code     0  startup_stm32l496xx.o(.text)
    UART4_IRQHandler                         0x080001db   Thumb Code     0  startup_stm32l496xx.o(.text)
    UART5_IRQHandler                         0x080001db   Thumb Code     0  startup_stm32l496xx.o(.text)
    USART1_IRQHandler                        0x080001db   Thumb Code     0  startup_stm32l496xx.o(.text)
    USART3_IRQHandler                        0x080001db   Thumb Code     0  startup_stm32l496xx.o(.text)
    WWDG_IRQHandler                          0x080001db   Thumb Code     0  startup_stm32l496xx.o(.text)
    __aeabi_uldivmod                         0x080001e5   Thumb Code    98  uldiv.o(.text)
    __aeabi_memcpy                           0x0800024d   Thumb Code    36  memcpya.o(.text)
    __aeabi_memcpy4                          0x0800024d   Thumb Code     0  memcpya.o(.text)
    __aeabi_memcpy8                          0x0800024d   Thumb Code     0  memcpya.o(.text)
    __aeabi_uidiv                            0x08000271   Thumb Code     0  uidiv.o(.text)
    __aeabi_uidivmod                         0x08000271   Thumb Code    44  uidiv.o(.text)
    __aeabi_llsl                             0x0800029d   Thumb Code    30  llshl.o(.text)
    _ll_shift_l                              0x0800029d   Thumb Code     0  llshl.o(.text)
    __aeabi_llsr                             0x080002bb   Thumb Code    32  llushr.o(.text)
    _ll_ushift_r                             0x080002bb   Thumb Code     0  llushr.o(.text)
    __scatterload                            0x080002dd   Thumb Code    28  init.o(.text)
    __scatterload_rt2                        0x080002dd   Thumb Code     0  init.o(.text)
    ADC_DMAConvCplt                          0x08000301   Thumb Code   104  stm32l4xx_hal_adc.o(i.ADC_DMAConvCplt)
    ADC_DMAError                             0x08000369   Thumb Code    26  stm32l4xx_hal_adc.o(i.ADC_DMAError)
    ADC_DMAHalfConvCplt                      0x08000383   Thumb Code    10  stm32l4xx_hal_adc.o(i.ADC_DMAHalfConvCplt)
    ADC_Disable                              0x0800038d   Thumb Code    98  stm32l4xx_hal_adc.o(i.ADC_Disable)
    ADC_Enable                               0x080003f5   Thumb Code   100  stm32l4xx_hal_adc.o(i.ADC_Enable)
    BusFault_Handler                         0x0800045d   Thumb Code     2  stm32l4xx_it.o(i.BusFault_Handler)
    DMA1_Channel1_IRQHandler                 0x08000461   Thumb Code     6  stm32l4xx_it.o(i.DMA1_Channel1_IRQHandler)
    DMA1_Channel2_IRQHandler                 0x0800046d   Thumb Code     6  stm32l4xx_it.o(i.DMA1_Channel2_IRQHandler)
    DebugMon_Handler                         0x080004a7   Thumb Code     2  stm32l4xx_it.o(i.DebugMon_Handler)
    ECG_GetValue                             0x080004a9   Thumb Code    10  ecg.o(i.ECG_GetValue)
    HAL_ADCEx_Calibration_Start              0x080004bd   Thumb Code   140  stm32l4xx_hal_adc_ex.o(i.HAL_ADCEx_Calibration_Start)
    HAL_ADCEx_MultiModeConfigChannel         0x0800054d   Thumb Code   222  stm32l4xx_hal_adc_ex.o(i.HAL_ADCEx_MultiModeConfigChannel)
    HAL_ADC_ConfigChannel                    0x0800063d   Thumb Code  1000  stm32l4xx_hal_adc.o(i.HAL_ADC_ConfigChannel)
    HAL_ADC_ConvCpltCallback                 0x08000a5d   Thumb Code    10  ecg.o(i.HAL_ADC_ConvCpltCallback)
    HAL_ADC_ConvHalfCpltCallback             0x08000a6d   Thumb Code     2  stm32l4xx_hal_adc.o(i.HAL_ADC_ConvHalfCpltCallback)
    HAL_ADC_ErrorCallback                    0x08000a6f   Thumb Code     2  stm32l4xx_hal_adc.o(i.HAL_ADC_ErrorCallback)
    HAL_ADC_Init                             0x08000a71   Thumb Code   420  stm32l4xx_hal_adc.o(i.HAL_ADC_Init)
    HAL_ADC_MspInit                          0x08000c3d   Thumb Code   210  adc.o(i.HAL_ADC_MspInit)
    HAL_ADC_Start_DMA                        0x08000d3d   Thumb Code   212  stm32l4xx_hal_adc.o(i.HAL_ADC_Start_DMA)
    HAL_DMA_Abort_IT                         0x08000e2d   Thumb Code    78  stm32l4xx_hal_dma.o(i.HAL_DMA_Abort_IT)
    HAL_DMA_IRQHandler                       0x08000e7b   Thumb Code   186  stm32l4xx_hal_dma.o(i.HAL_DMA_IRQHandler)
    HAL_DMA_Init                             0x08000f35   Thumb Code   178  stm32l4xx_hal_dma.o(i.HAL_DMA_Init)
    HAL_DMA_Start_IT                         0x08000ff5   Thumb Code   112  stm32l4xx_hal_dma.o(i.HAL_DMA_Start_IT)
    HAL_Delay                                0x08001065   Thumb Code    32  stm32l4xx_hal.o(i.HAL_Delay)
    HAL_GPIO_Init                            0x08001089   Thumb Code   398  stm32l4xx_hal_gpio.o(i.HAL_GPIO_Init)
    HAL_GPIO_WritePin                        0x08001247   Thumb Code    10  stm32l4xx_hal_gpio.o(i.HAL_GPIO_WritePin)
    HAL_GetTick                              0x08001251   Thumb Code     6  stm32l4xx_hal.o(i.HAL_GetTick)
    HAL_I2CEx_ConfigAnalogFilter             0x0800125d   Thumb Code    86  stm32l4xx_hal_i2c_ex.o(i.HAL_I2CEx_ConfigAnalogFilter)
    HAL_I2CEx_ConfigDigitalFilter            0x080012b3   Thumb Code    82  stm32l4xx_hal_i2c_ex.o(i.HAL_I2CEx_ConfigDigitalFilter)
    HAL_I2CEx_EnableFastModePlus             0x08001305   Thumb Code    30  stm32l4xx_hal_i2c_ex.o(i.HAL_I2CEx_EnableFastModePlus)
    HAL_I2C_Init                             0x0800132d   Thumb Code   178  stm32l4xx_hal_i2c.o(i.HAL_I2C_Init)
    HAL_I2C_MspInit                          0x080013e5   Thumb Code    60  i2c.o(i.HAL_I2C_MspInit)
    HAL_IncTick                              0x0800142d   Thumb Code    12  stm32l4xx_hal.o(i.HAL_IncTick)
    HAL_Init                                 0x0800143d   Thumb Code    30  stm32l4xx_hal.o(i.HAL_Init)
    HAL_InitTick                             0x0800145d   Thumb Code    58  stm32l4xx_hal.o(i.HAL_InitTick)
    HAL_MspInit                              0x080014a1   Thumb Code   122  stm32l4xx_hal_msp.o(i.HAL_MspInit)
    HAL_NVIC_EnableIRQ                       0x08001521   Thumb Code    26  stm32l4xx_hal_cortex.o(i.HAL_NVIC_EnableIRQ)
    HAL_NVIC_SetPriority                     0x0800153d   Thumb Code    60  stm32l4xx_hal_cortex.o(i.HAL_NVIC_SetPriority)
    HAL_NVIC_SetPriorityGrouping             0x0800157d   Thumb Code    26  stm32l4xx_hal_cortex.o(i.HAL_NVIC_SetPriorityGrouping)
    HAL_PWREx_ControlVoltageScaling          0x080015a1   Thumb Code    90  stm32l4xx_hal_pwr_ex.o(i.HAL_PWREx_ControlVoltageScaling)
    HAL_PWREx_EnableVddIO2                   0x08001609   Thumb Code    12  stm32l4xx_hal_pwr_ex.o(i.HAL_PWREx_EnableVddIO2)
    HAL_PWREx_GetVoltageRange                0x08001619   Thumb Code    10  stm32l4xx_hal_pwr_ex.o(i.HAL_PWREx_GetVoltageRange)
    HAL_RCCEx_PeriphCLKConfig                0x08001629   Thumb Code   954  stm32l4xx_hal_rcc_ex.o(i.HAL_RCCEx_PeriphCLKConfig)
    HAL_RCC_ClockConfig                      0x080019f5   Thumb Code   266  stm32l4xx_hal_rcc.o(i.HAL_RCC_ClockConfig)
    HAL_RCC_GetHCLKFreq                      0x08001b15   Thumb Code     6  stm32l4xx_hal_rcc.o(i.HAL_RCC_GetHCLKFreq)
    HAL_RCC_GetPCLK1Freq                     0x08001b21   Thumb Code    24  stm32l4xx_hal_rcc.o(i.HAL_RCC_GetPCLK1Freq)
    HAL_RCC_GetPCLK2Freq                     0x08001b45   Thumb Code    24  stm32l4xx_hal_rcc.o(i.HAL_RCC_GetPCLK2Freq)
    HAL_RCC_GetSysClockFreq                  0x08001b69   Thumb Code   150  stm32l4xx_hal_rcc.o(i.HAL_RCC_GetSysClockFreq)
    HAL_RCC_OscConfig                        0x08001c0d   Thumb Code  1312  stm32l4xx_hal_rcc.o(i.HAL_RCC_OscConfig)
    HAL_SYSTICK_CLKSourceConfig              0x08002135   Thumb Code    24  stm32l4xx_hal_cortex.o(i.HAL_SYSTICK_CLKSourceConfig)
    HAL_SYSTICK_Callback                     0x0800214d   Thumb Code     2  stm32l4xx_hal_cortex.o(i.HAL_SYSTICK_Callback)
    HAL_SYSTICK_Config                       0x0800214f   Thumb Code    40  stm32l4xx_hal_cortex.o(i.HAL_SYSTICK_Config)
    HAL_SYSTICK_IRQHandler                   0x08002177   Thumb Code     8  stm32l4xx_hal_cortex.o(i.HAL_SYSTICK_IRQHandler)
    HAL_UARTEx_WakeupCallback                0x0800217f   Thumb Code     2  stm32l4xx_hal_uart_ex.o(i.HAL_UARTEx_WakeupCallback)
    HAL_UART_ErrorCallback                   0x08002181   Thumb Code     2  stm32l4xx_hal_uart.o(i.HAL_UART_ErrorCallback)
    HAL_UART_IRQHandler                      0x08002185   Thumb Code   318  stm32l4xx_hal_uart.o(i.HAL_UART_IRQHandler)
    HAL_UART_Init                            0x080022c9   Thumb Code   102  stm32l4xx_hal_uart.o(i.HAL_UART_Init)
    HAL_UART_MspInit                         0x08002331   Thumb Code   136  usart.o(i.HAL_UART_MspInit)
    HAL_UART_Receive_IT                      0x080023cd   Thumb Code   152  stm32l4xx_hal_uart.o(i.HAL_UART_Receive_IT)
    HAL_UART_RxCpltCallback                  0x0800246d   Thumb Code   124  serial.o(i.HAL_UART_RxCpltCallback)
    HAL_UART_Transmit                        0x08002501   Thumb Code   180  stm32l4xx_hal_uart.o(i.HAL_UART_Transmit)
    HAL_UART_TxCpltCallback                  0x080025b5   Thumb Code     2  stm32l4xx_hal_uart.o(i.HAL_UART_TxCpltCallback)
    HardFault_Handler                        0x080025b7   Thumb Code     2  stm32l4xx_it.o(i.HardFault_Handler)
    LPUART1_IRQHandler                       0x0800261d   Thumb Code     6  stm32l4xx_it.o(i.LPUART1_IRQHandler)
    MX_ADC1_Init                             0x08002629   Thumb Code   128  adc.o(i.MX_ADC1_Init)
    MX_ADC2_Init                             0x080026c5   Thumb Code   138  adc.o(i.MX_ADC2_Init)
    MX_DMA_Init                              0x08002771   Thumb Code    56  dma.o(i.MX_DMA_Init)
    MX_GPIO_Init                             0x080027ad   Thumb Code   160  gpio.o(i.MX_GPIO_Init)
    MX_I2C2_Init                             0x08002859   Thumb Code    94  i2c.o(i.MX_I2C2_Init)
    MX_LPUART1_UART_Init                     0x080028d1   Thumb Code    54  usart.o(i.MX_LPUART1_UART_Init)
    MX_USART2_UART_Init                      0x08002921   Thumb Code    58  usart.o(i.MX_USART2_UART_Init)
    MemManage_Handler                        0x08002975   Thumb Code     2  stm32l4xx_it.o(i.MemManage_Handler)
    NMI_Handler                              0x08002977   Thumb Code     2  stm32l4xx_it.o(i.NMI_Handler)
    PendSV_Handler                           0x08002979   Thumb Code     2  stm32l4xx_it.o(i.PendSV_Handler)
    SVC_Handler                              0x08002c2d   Thumb Code     2  stm32l4xx_it.o(i.SVC_Handler)
    Serial_SendChar                          0x08002c2f   Thumb Code    22  serial.o(i.Serial_SendChar)
    Serial_SendNum                           0x08002c45   Thumb Code   108  serial.o(i.Serial_SendNum)
    Serial_SendString                        0x08002cb9   Thumb Code   118  serial.o(i.Serial_SendString)
    SysTick_Handler                          0x08002d2f   Thumb Code    14  stm32l4xx_it.o(i.SysTick_Handler)
    SystemClock_Config                       0x08002d3d   Thumb Code   160  main.o(i.SystemClock_Config)
    SystemInit                               0x08002ddd   Thumb Code    56  system_stm32l4xx.o(i.SystemInit)
    UART_AdvFeatureConfig                    0x08002e21   Thumb Code   200  stm32l4xx_hal_uart.o(i.UART_AdvFeatureConfig)
    UART_CheckIdleState                      0x08002ee9   Thumb Code    88  stm32l4xx_hal_uart.o(i.UART_CheckIdleState)
    UART_SetConfig                           0x08003029   Thumb Code   622  stm32l4xx_hal_uart.o(i.UART_SetConfig)
    UART_WaitOnFlagUntilTimeout              0x080032c9   Thumb Code    96  stm32l4xx_hal_uart.o(i.UART_WaitOnFlagUntilTimeout)
    USART2_IRQHandler                        0x08003329   Thumb Code     6  stm32l4xx_it.o(i.USART2_IRQHandler)
    UsageFault_Handler                       0x08003335   Thumb Code     2  stm32l4xx_it.o(i.UsageFault_Handler)
    _Error_Handler                           0x08003337   Thumb Code     2  main.o(i._Error_Handler)
    __0sprintf$3                             0x08003339   Thumb Code    34  printf3.o(i.__0sprintf$3)
    __1sprintf$3                             0x08003339   Thumb Code     0  printf3.o(i.__0sprintf$3)
    __2sprintf                               0x08003339   Thumb Code     0  printf3.o(i.__0sprintf$3)
    __scatterload_copy                       0x08003381   Thumb Code    14  handlers.o(i.__scatterload_copy)
    __scatterload_null                       0x0800338f   Thumb Code     2  handlers.o(i.__scatterload_null)
    __scatterload_zeroinit                   0x08003391   Thumb Code    14  handlers.o(i.__scatterload_zeroinit)
    main                                     0x08003569   Thumb Code   198  main.o(i.main)
    AHBPrescTable                            0x0800364c   Data          16  system_stm32l4xx.o(.constdata)
    MSIRangeTable                            0x0800365c   Data          48  system_stm32l4xx.o(.constdata)
    APBPrescTable                            0x0800368c   Data           8  system_stm32l4xx.o(.constdata)
    Region$$Table$$Base                      0x08003694   Number         0  anon$$obj.o(Region$$Table)
    Region$$Table$$Limit                     0x080036b4   Number         0  anon$$obj.o(Region$$Table)
    uwTickPrio                               0x20000000   Data           4  stm32l4xx_hal.o(.data)
    uwTickFreq                               0x20000004   Data           4  stm32l4xx_hal.o(.data)
    uwTick                                   0x20000008   Data           4  stm32l4xx_hal.o(.data)
    SystemCoreClock                          0x2000000c   Data           4  system_stm32l4xx.o(.data)
    completeflag                             0x20000014   Data           4  ecg.o(.data)
    hi2c2                                    0x20000018   Data          76  i2c.o(.bss)
    hadc1                                    0x20000064   Data         104  adc.o(.bss)
    hadc2                                    0x200000cc   Data         104  adc.o(.bss)
    hdma_adc1                                0x20000134   Data          72  adc.o(.bss)
    hdma_adc2                                0x2000017c   Data          72  adc.o(.bss)
    hlpuart1                                 0x200001c4   Data         128  usart.o(.bss)
    huart2                                   0x20000244   Data         128  usart.o(.bss)
    serial2                                  0x200002c4   Data         205  serial.o(.bss)
    seriallp1                                0x20000391   Data         205  serial.o(.bss)
    data                                     0x2000045e   Data          60  ecg.o(.bss)
    __initial_sp                             0x200008a0   Data           0  startup_stm32l496xx.o(STACK)



==============================================================================

Memory Map of the image

  Image Entry point : 0x080001ad

  Load Region LR_IROM1 (Base: 0x08000000, Size: 0x000036cc, Max: 0x00100000, ABSOLUTE)

    Execution Region ER_IROM1 (Exec base: 0x08000000, Load base: 0x08000000, Size: 0x000036b4, Max: 0x00100000, ABSOLUTE)

    Exec Addr    Load Addr    Size         Type   Attr      Idx    E Section Name        Object

    0x08000000   0x08000000   0x000001ac   Data   RO            3    RESET               startup_stm32l496xx.o
    0x080001ac   0x080001ac   0x00000000   Code   RO         4172  * .ARM.Collect$$$$00000000  mc_w.l(entry.o)
    0x080001ac   0x080001ac   0x00000004   Code   RO         4489    .ARM.Collect$$$$00000001  mc_w.l(entry2.o)
    0x080001b0   0x080001b0   0x00000004   Code   RO         4492    .ARM.Collect$$$$00000004  mc_w.l(entry5.o)
    0x080001b4   0x080001b4   0x00000000   Code   RO         4494    .ARM.Collect$$$$00000008  mc_w.l(entry7b.o)
    0x080001b4   0x080001b4   0x00000000   Code   RO         4496    .ARM.Collect$$$$0000000A  mc_w.l(entry8b.o)
    0x080001b4   0x080001b4   0x00000008   Code   RO         4497    .ARM.Collect$$$$0000000B  mc_w.l(entry9a.o)
    0x080001bc   0x080001bc   0x00000000   Code   RO         4499    .ARM.Collect$$$$0000000D  mc_w.l(entry10a.o)
    0x080001bc   0x080001bc   0x00000000   Code   RO         4501    .ARM.Collect$$$$0000000F  mc_w.l(entry11a.o)
    0x080001bc   0x080001bc   0x00000004   Code   RO         4490    .ARM.Collect$$$$00002712  mc_w.l(entry2.o)
    0x080001c0   0x080001c0   0x00000024   Code   RO            4    .text               startup_stm32l496xx.o
    0x080001e4   0x080001e4   0x00000068   Code   RO         4175    .text               mc_w.l(uldiv.o)
    0x0800024c   0x0800024c   0x00000024   Code   RO         4182    .text               mc_w.l(memcpya.o)
    0x08000270   0x08000270   0x0000002c   Code   RO         4506    .text               mc_w.l(uidiv.o)
    0x0800029c   0x0800029c   0x0000001e   Code   RO         4508    .text               mc_w.l(llshl.o)
    0x080002ba   0x080002ba   0x00000020   Code   RO         4510    .text               mc_w.l(llushr.o)
    0x080002da   0x080002da   0x00000002   PAD
    0x080002dc   0x080002dc   0x00000024   Code   RO         4533    .text               mc_w.l(init.o)
    0x08000300   0x08000300   0x00000068   Code   RO         1785    i.ADC_DMAConvCplt   stm32l4xx_hal_adc.o
    0x08000368   0x08000368   0x0000001a   Code   RO         1786    i.ADC_DMAError      stm32l4xx_hal_adc.o
    0x08000382   0x08000382   0x0000000a   Code   RO         1787    i.ADC_DMAHalfConvCplt  stm32l4xx_hal_adc.o
    0x0800038c   0x0800038c   0x00000068   Code   RO         1788    i.ADC_Disable       stm32l4xx_hal_adc.o
    0x080003f4   0x080003f4   0x00000068   Code   RO         1789    i.ADC_Enable        stm32l4xx_hal_adc.o
    0x0800045c   0x0800045c   0x00000002   Code   RO         3013    i.BusFault_Handler  stm32l4xx_it.o
    0x0800045e   0x0800045e   0x00000002   PAD
    0x08000460   0x08000460   0x0000000c   Code   RO         3014    i.DMA1_Channel1_IRQHandler  stm32l4xx_it.o
    0x0800046c   0x0800046c   0x0000000c   Code   RO         3015    i.DMA1_Channel2_IRQHandler  stm32l4xx_it.o
    0x08000478   0x08000478   0x0000002e   Code   RO          399    i.DMA_SetConfig     stm32l4xx_hal_dma.o
    0x080004a6   0x080004a6   0x00000002   Code   RO         3016    i.DebugMon_Handler  stm32l4xx_it.o
    0x080004a8   0x080004a8   0x00000014   Code   RO         4132    i.ECG_GetValue      ecg.o
    0x080004bc   0x080004bc   0x00000090   Code   RO         2015    i.HAL_ADCEx_Calibration_Start  stm32l4xx_hal_adc_ex.o
    0x0800054c   0x0800054c   0x000000f0   Code   RO         2032    i.HAL_ADCEx_MultiModeConfigChannel  stm32l4xx_hal_adc_ex.o
    0x0800063c   0x0800063c   0x0000041e   Code   RO         1791    i.HAL_ADC_ConfigChannel  stm32l4xx_hal_adc.o
    0x08000a5a   0x08000a5a   0x00000002   PAD
    0x08000a5c   0x08000a5c   0x00000010   Code   RO         4134    i.HAL_ADC_ConvCpltCallback  ecg.o
    0x08000a6c   0x08000a6c   0x00000002   Code   RO         1793    i.HAL_ADC_ConvHalfCpltCallback  stm32l4xx_hal_adc.o
    0x08000a6e   0x08000a6e   0x00000002   Code   RO         1795    i.HAL_ADC_ErrorCallback  stm32l4xx_hal_adc.o
    0x08000a70   0x08000a70   0x000001cc   Code   RO         1800    i.HAL_ADC_Init      stm32l4xx_hal_adc.o
    0x08000c3c   0x08000c3c   0x00000100   Code   RO         3156    i.HAL_ADC_MspInit   adc.o
    0x08000d3c   0x08000d3c   0x000000f0   Code   RO         1807    i.HAL_ADC_Start_DMA  stm32l4xx_hal_adc.o
    0x08000e2c   0x08000e2c   0x0000004e   Code   RO          401    i.HAL_DMA_Abort_IT  stm32l4xx_hal_dma.o
    0x08000e7a   0x08000e7a   0x000000ba   Code   RO          405    i.HAL_DMA_IRQHandler  stm32l4xx_hal_dma.o
    0x08000f34   0x08000f34   0x000000c0   Code   RO          406    i.HAL_DMA_Init      stm32l4xx_hal_dma.o
    0x08000ff4   0x08000ff4   0x00000070   Code   RO          410    i.HAL_DMA_Start_IT  stm32l4xx_hal_dma.o
    0x08001064   0x08001064   0x00000024   Code   RO         2421    i.HAL_Delay         stm32l4xx_hal.o
    0x08001088   0x08001088   0x000001be   Code   RO          141    i.HAL_GPIO_Init     stm32l4xx_hal_gpio.o
    0x08001246   0x08001246   0x0000000a   Code   RO          145    i.HAL_GPIO_WritePin  stm32l4xx_hal_gpio.o
    0x08001250   0x08001250   0x0000000c   Code   RO         2425    i.HAL_GetTick       stm32l4xx_hal.o
    0x0800125c   0x0800125c   0x00000056   Code   RO         2894    i.HAL_I2CEx_ConfigAnalogFilter  stm32l4xx_hal_i2c_ex.o
    0x080012b2   0x080012b2   0x00000052   Code   RO         2895    i.HAL_I2CEx_ConfigDigitalFilter  stm32l4xx_hal_i2c_ex.o
    0x08001304   0x08001304   0x00000028   Code   RO         2898    i.HAL_I2CEx_EnableFastModePlus  stm32l4xx_hal_i2c_ex.o
    0x0800132c   0x0800132c   0x000000b8   Code   RO          644    i.HAL_I2C_Init      stm32l4xx_hal_i2c.o
    0x080013e4   0x080013e4   0x00000048   Code   RO         3114    i.HAL_I2C_MspInit   i2c.o
    0x0800142c   0x0800142c   0x00000010   Code   RO         2431    i.HAL_IncTick       stm32l4xx_hal.o
    0x0800143c   0x0800143c   0x0000001e   Code   RO         2432    i.HAL_Init          stm32l4xx_hal.o
    0x0800145a   0x0800145a   0x00000002   PAD
    0x0800145c   0x0800145c   0x00000044   Code   RO         2433    i.HAL_InitTick      stm32l4xx_hal.o
    0x080014a0   0x080014a0   0x00000080   Code   RO         3231    i.HAL_MspInit       stm32l4xx_hal_msp.o
    0x08001520   0x08001520   0x0000001a   Code   RO         1095    i.HAL_NVIC_EnableIRQ  stm32l4xx_hal_cortex.o
    0x0800153a   0x0800153a   0x00000002   PAD
    0x0800153c   0x0800153c   0x00000040   Code   RO         1101    i.HAL_NVIC_SetPriority  stm32l4xx_hal_cortex.o
    0x0800157c   0x0800157c   0x00000024   Code   RO         1102    i.HAL_NVIC_SetPriorityGrouping  stm32l4xx_hal_cortex.o
    0x080015a0   0x080015a0   0x00000068   Code   RO         2649    i.HAL_PWREx_ControlVoltageScaling  stm32l4xx_hal_pwr_ex.o
    0x08001608   0x08001608   0x00000010   Code   RO         2674    i.HAL_PWREx_EnableVddIO2  stm32l4xx_hal_pwr_ex.o
    0x08001618   0x08001618   0x00000010   Code   RO         2680    i.HAL_PWREx_GetVoltageRange  stm32l4xx_hal_pwr_ex.o
    0x08001628   0x08001628   0x000003ca   Code   RO          228    i.HAL_RCCEx_PeriphCLKConfig  stm32l4xx_hal_rcc_ex.o
    0x080019f2   0x080019f2   0x00000002   PAD
    0x080019f4   0x080019f4   0x00000120   Code   RO         1292    i.HAL_RCC_ClockConfig  stm32l4xx_hal_rcc.o
    0x08001b14   0x08001b14   0x0000000c   Code   RO         1296    i.HAL_RCC_GetHCLKFreq  stm32l4xx_hal_rcc.o
    0x08001b20   0x08001b20   0x00000024   Code   RO         1298    i.HAL_RCC_GetPCLK1Freq  stm32l4xx_hal_rcc.o
    0x08001b44   0x08001b44   0x00000024   Code   RO         1299    i.HAL_RCC_GetPCLK2Freq  stm32l4xx_hal_rcc.o
    0x08001b68   0x08001b68   0x000000a4   Code   RO         1300    i.HAL_RCC_GetSysClockFreq  stm32l4xx_hal_rcc.o
    0x08001c0c   0x08001c0c   0x00000528   Code   RO         1303    i.HAL_RCC_OscConfig  stm32l4xx_hal_rcc.o
    0x08002134   0x08002134   0x00000018   Code   RO         1104    i.HAL_SYSTICK_CLKSourceConfig  stm32l4xx_hal_cortex.o
    0x0800214c   0x0800214c   0x00000002   Code   RO         1105    i.HAL_SYSTICK_Callback  stm32l4xx_hal_cortex.o
    0x0800214e   0x0800214e   0x00000028   Code   RO         1106    i.HAL_SYSTICK_Config  stm32l4xx_hal_cortex.o
    0x08002176   0x08002176   0x00000008   Code   RO         1107    i.HAL_SYSTICK_IRQHandler  stm32l4xx_hal_cortex.o
    0x0800217e   0x0800217e   0x00000002   Code   RO         1232    i.HAL_UARTEx_WakeupCallback  stm32l4xx_hal_uart_ex.o
    0x08002180   0x08002180   0x00000002   Code   RO         1432    i.HAL_UART_ErrorCallback  stm32l4xx_hal_uart.o
    0x08002182   0x08002182   0x00000002   PAD
    0x08002184   0x08002184   0x00000144   Code   RO         1435    i.HAL_UART_IRQHandler  stm32l4xx_hal_uart.o
    0x080022c8   0x080022c8   0x00000066   Code   RO         1436    i.HAL_UART_Init     stm32l4xx_hal_uart.o
    0x0800232e   0x0800232e   0x00000002   PAD
    0x08002330   0x08002330   0x0000009c   Code   RO         3256    i.HAL_UART_MspInit  usart.o
    0x080023cc   0x080023cc   0x000000a0   Code   RO         1441    i.HAL_UART_Receive_IT  stm32l4xx_hal_uart.o
    0x0800246c   0x0800246c   0x00000094   Code   RO         4072    i.HAL_UART_RxCpltCallback  serial.o
    0x08002500   0x08002500   0x000000b4   Code   RO         1444    i.HAL_UART_Transmit  stm32l4xx_hal_uart.o
    0x080025b4   0x080025b4   0x00000002   Code   RO         1447    i.HAL_UART_TxCpltCallback  stm32l4xx_hal_uart.o
    0x080025b6   0x080025b6   0x00000002   Code   RO         3017    i.HardFault_Handler  stm32l4xx_it.o
    0x080025b8   0x080025b8   0x0000000c   Code   RO         1813    i.LL_ADC_GetOffsetChannel  stm32l4xx_hal_adc.o
    0x080025c4   0x080025c4   0x00000008   Code   RO         1814    i.LL_ADC_INJ_IsConversionOngoing  stm32l4xx_hal_adc.o
    0x080025cc   0x080025cc   0x00000008   Code   RO         1815    i.LL_ADC_REG_IsConversionOngoing  stm32l4xx_hal_adc.o
    0x080025d4   0x080025d4   0x00000008   Code   RO         2042    i.LL_ADC_REG_IsConversionOngoing  stm32l4xx_hal_adc_ex.o
    0x080025dc   0x080025dc   0x00000010   Code   RO         1816    i.LL_ADC_REG_IsTriggerSourceSWStart  stm32l4xx_hal_adc.o
    0x080025ec   0x080025ec   0x0000001e   Code   RO         1818    i.LL_ADC_SetChannelSamplingTime  stm32l4xx_hal_adc.o
    0x0800260a   0x0800260a   0x00000010   Code   RO         1819    i.LL_ADC_SetOffsetState  stm32l4xx_hal_adc.o
    0x0800261a   0x0800261a   0x00000002   PAD
    0x0800261c   0x0800261c   0x0000000c   Code   RO         3018    i.LPUART1_IRQHandler  stm32l4xx_it.o
    0x08002628   0x08002628   0x0000009c   Code   RO         3157    i.MX_ADC1_Init      adc.o
    0x080026c4   0x080026c4   0x000000ac   Code   RO         3158    i.MX_ADC2_Init      adc.o
    0x08002770   0x08002770   0x0000003c   Code   RO         3207    i.MX_DMA_Init       dma.o
    0x080027ac   0x080027ac   0x000000ac   Code   RO         2986    i.MX_GPIO_Init      gpio.o
    0x08002858   0x08002858   0x00000078   Code   RO         3115    i.MX_I2C2_Init      i2c.o
    0x080028d0   0x080028d0   0x00000050   Code   RO         3257    i.MX_LPUART1_UART_Init  usart.o
    0x08002920   0x08002920   0x00000054   Code   RO         3258    i.MX_USART2_UART_Init  usart.o
    0x08002974   0x08002974   0x00000002   Code   RO         3019    i.MemManage_Handler  stm32l4xx_it.o
    0x08002976   0x08002976   0x00000002   Code   RO         3020    i.NMI_Handler       stm32l4xx_it.o
    0x08002978   0x08002978   0x00000002   Code   RO         3021    i.PendSV_Handler    stm32l4xx_it.o
    0x0800297a   0x0800297a   0x00000002   PAD
    0x0800297c   0x0800297c   0x0000012c   Code   RO          232    i.RCCEx_PLLSAI1_Config  stm32l4xx_hal_rcc_ex.o
    0x08002aa8   0x08002aa8   0x00000108   Code   RO          233    i.RCCEx_PLLSAI2_Config  stm32l4xx_hal_rcc_ex.o
    0x08002bb0   0x08002bb0   0x0000007c   Code   RO         1304    i.RCC_SetFlashLatencyFromMSIRange  stm32l4xx_hal_rcc.o
    0x08002c2c   0x08002c2c   0x00000002   Code   RO         3022    i.SVC_Handler       stm32l4xx_it.o
    0x08002c2e   0x08002c2e   0x00000016   Code   RO         4075    i.Serial_SendChar   serial.o
    0x08002c44   0x08002c44   0x00000074   Code   RO         4076    i.Serial_SendNum    serial.o
    0x08002cb8   0x08002cb8   0x00000076   Code   RO         4077    i.Serial_SendString  serial.o
    0x08002d2e   0x08002d2e   0x0000000e   Code   RO         3023    i.SysTick_Handler   stm32l4xx_it.o
    0x08002d3c   0x08002d3c   0x000000a0   Code   RO         3303    i.SystemClock_Config  main.o
    0x08002ddc   0x08002ddc   0x00000044   Code   RO         2949    i.SystemInit        system_stm32l4xx.o
    0x08002e20   0x08002e20   0x000000c8   Code   RO         1449    i.UART_AdvFeatureConfig  stm32l4xx_hal_uart.o
    0x08002ee8   0x08002ee8   0x00000058   Code   RO         1450    i.UART_CheckIdleState  stm32l4xx_hal_uart.o
    0x08002f40   0x08002f40   0x00000014   Code   RO         1451    i.UART_DMAAbortOnError  stm32l4xx_hal_uart.o
    0x08002f54   0x08002f54   0x0000001e   Code   RO         1461    i.UART_EndRxTransfer  stm32l4xx_hal_uart.o
    0x08002f72   0x08002f72   0x0000005a   Code   RO         1463    i.UART_RxISR_16BIT  stm32l4xx_hal_uart.o
    0x08002fcc   0x08002fcc   0x0000005a   Code   RO         1464    i.UART_RxISR_8BIT   stm32l4xx_hal_uart.o
    0x08003026   0x08003026   0x00000002   PAD
    0x08003028   0x08003028   0x000002a0   Code   RO         1465    i.UART_SetConfig    stm32l4xx_hal_uart.o
    0x080032c8   0x080032c8   0x00000060   Code   RO         1468    i.UART_WaitOnFlagUntilTimeout  stm32l4xx_hal_uart.o
    0x08003328   0x08003328   0x0000000c   Code   RO         3024    i.USART2_IRQHandler  stm32l4xx_it.o
    0x08003334   0x08003334   0x00000002   Code   RO         3025    i.UsageFault_Handler  stm32l4xx_it.o
    0x08003336   0x08003336   0x00000002   Code   RO         3304    i._Error_Handler    main.o
    0x08003338   0x08003338   0x00000028   Code   RO         4285    i.__0sprintf$3      mc_w.l(printf3.o)
    0x08003360   0x08003360   0x00000020   Code   RO         1108    i.__NVIC_SetPriority  stm32l4xx_hal_cortex.o
    0x08003380   0x08003380   0x0000000e   Code   RO         4550    i.__scatterload_copy  mc_w.l(handlers.o)
    0x0800338e   0x0800338e   0x00000002   Code   RO         4551    i.__scatterload_null  mc_w.l(handlers.o)
    0x08003390   0x08003390   0x0000000e   Code   RO         4552    i.__scatterload_zeroinit  mc_w.l(handlers.o)
    0x0800339e   0x0800339e   0x00000002   PAD
    0x080033a0   0x080033a0   0x000001be   Code   RO         4290    i._printf_core      mc_w.l(printf3.o)
    0x0800355e   0x0800355e   0x0000000a   Code   RO         4292    i._sputc            mc_w.l(printf3.o)
    0x08003568   0x08003568   0x000000e4   Code   RO         3305    i.main              main.o
    0x0800364c   0x0800364c   0x00000040   Data   RO         2950    .constdata          system_stm32l4xx.o
    0x0800368c   0x0800368c   0x00000008   Data   RO         2951    .constdata          system_stm32l4xx.o
    0x08003694   0x08003694   0x00000020   Data   RO         4548    Region$$Table       anon$$obj.o


    Execution Region RW_IRAM1 (Exec base: 0x20000000, Load base: 0x080036b4, Size: 0x000008a0, Max: 0x00050000, ABSOLUTE)

    Exec Addr    Load Addr    Size         Type   Attr      Idx    E Section Name        Object

    0x20000000   0x080036b4   0x0000000c   Data   RW         2449    .data               stm32l4xx_hal.o
    0x2000000c   0x080036c0   0x00000004   Data   RW         2952    .data               system_stm32l4xx.o
    0x20000010   0x080036c4   0x00000004   Data   RW         3160    .data               adc.o
    0x20000014   0x080036c8   0x00000004   Data   RW         4136    .data               ecg.o
    0x20000018        -       0x0000004c   Zero   RW         3116    .bss                i2c.o
    0x20000064        -       0x00000160   Zero   RW         3159    .bss                adc.o
    0x200001c4        -       0x00000100   Zero   RW         3259    .bss                usart.o
    0x200002c4        -       0x0000019a   Zero   RW         4078    .bss                serial.o
    0x2000045e        -       0x0000003c   Zero   RW         4135    .bss                ecg.o
    0x2000049a   0x080036cc   0x00000006   PAD
    0x200004a0        -       0x00000400   Zero   RW            1    STACK               startup_stm32l496xx.o


==============================================================================

Image component sizes


      Code (inc. data)   RO Data    RW Data    ZI Data      Debug   Object Name

       584        108          0          4        352       2598   adc.o
        60          4          0          0          0        726   dma.o
        36         16          0          4         60       1322   ecg.o
       172         12          0          0          0        975   gpio.o
       192         38          0          0         76       1533   i2c.o
       390         30          0          0          0       2266   main.o
       404         32          0          0        410       3293   serial.o
        36          8        428          0       1024        816   startup_stm32l496xx.o
       162         24          0         12          0       4153   stm32l4xx_hal.o
      2196        126          0          0          0      72140   stm32l4xx_hal_adc.o
       392         22          0          0          0      61329   stm32l4xx_hal_adc_ex.o
       232         14          0          0          0      35525   stm32l4xx_hal_cortex.o
       614         14          0          0          0       4354   stm32l4xx_hal_dma.o
         0          0          0          0          0     897080   stm32l4xx_hal_dma_ex.o
       456         42          0          0          0       2376   stm32l4xx_hal_gpio.o
       184          6          0          0          0       2779   stm32l4xx_hal_i2c.o
       208         10          0          0          0       2518   stm32l4xx_hal_i2c_ex.o
       128          6          0          0          0        870   stm32l4xx_hal_msp.o
       136         24          0          0          0       1859   stm32l4xx_hal_pwr_ex.o
      1980        102          0          0          0       7256   stm32l4xx_hal_rcc.o
      1534         46          0          0          0       3932   stm32l4xx_hal_rcc_ex.o
      2056         84          0          0          0      12064   stm32l4xx_hal_uart.o
         2          0          0          0          0        968   stm32l4xx_hal_uart_ex.o
        78         24          0          0          0       5757   stm32l4xx_it.o
        68         12         72          4          0       1161   system_stm32l4xx.o
       320         72          0          0        256       2230   usart.o

    ----------------------------------------------------------------------
     12640        876        532         24       2184    1131880   Object Totals
         0          0         32          0          0          0   (incl. Generated)
        20          0          0          0          6          0   (incl. Padding)

    ----------------------------------------------------------------------

      Code (inc. data)   RO Data    RW Data    ZI Data      Debug   Library Member Name

         0          0          0          0          0          0   entry.o
         0          0          0          0          0          0   entry10a.o
         0          0          0          0          0          0   entry11a.o
         8          4          0          0          0          0   entry2.o
         4          0          0          0          0          0   entry5.o
         0          0          0          0          0          0   entry7b.o
         0          0          0          0          0          0   entry8b.o
         8          4          0          0          0          0   entry9a.o
        30          0          0          0          0          0   handlers.o
        36          8          0          0          0         68   init.o
        30          0          0          0          0         68   llshl.o
        32          0          0          0          0         68   llushr.o
        36          0          0          0          0         68   memcpya.o
       496         10          0          0          0        252   printf3.o
        44          0          0          0          0         80   uidiv.o
       104          0          0          0          0         92   uldiv.o

    ----------------------------------------------------------------------
       832         26          0          0          0        696   Library Totals
         4          0          0          0          0          0   (incl. Padding)

    ----------------------------------------------------------------------

      Code (inc. data)   RO Data    RW Data    ZI Data      Debug   Library Name

       828         26          0          0          0        696   mc_w.l

    ----------------------------------------------------------------------
       832         26          0          0          0        696   Library Totals

    ----------------------------------------------------------------------

==============================================================================


      Code (inc. data)   RO Data    RW Data    ZI Data      Debug   

     13472        902        532         24       2184    1122668   Grand Totals
     13472        902        532         24       2184    1122668   ELF Image Totals
     13472        902        532         24          0          0   ROM Totals

==============================================================================

    Total RO  Size (Code + RO Data)                14004 (  13.68kB)
    Total RW  Size (RW Data + ZI Data)              2208 (   2.16kB)
    Total ROM Size (Code + RO Data + RW Data)      14028 (  13.70kB)

==============================================================================

